	.text
	.syntax unified
	.eabi_attribute	67, "2.09"	@ Tag_conformance
	.cpu	cortex-m0plus
	.eabi_attribute	6, 12	@ Tag_CPU_arch
	.eabi_attribute	7, 77	@ Tag_CPU_arch_profile
	.eabi_attribute	8, 0	@ Tag_ARM_ISA_use
	.eabi_attribute	9, 1	@ Tag_THUMB_ISA_use
	.eabi_attribute	34, 0	@ Tag_CPU_unaligned_access
	.eabi_attribute	17, 1	@ Tag_ABI_PCS_GOT_use
	.eabi_attribute	20, 2	@ Tag_ABI_FP_denormal
	.eabi_attribute	21, 0	@ Tag_ABI_FP_exceptions
	.eabi_attribute	23, 1	@ Tag_ABI_FP_number_model
	.eabi_attribute	24, 1	@ Tag_ABI_align_needed
	.eabi_attribute	25, 1	@ Tag_ABI_align_preserved
	.eabi_attribute	38, 1	@ Tag_ABI_FP_16bit_format
	.eabi_attribute	18, 2	@ Tag_ABI_PCS_wchar_t
	.eabi_attribute	26, 1	@ Tag_ABI_enum_size
	.eabi_attribute	14, 0	@ Tag_ABI_PCS_R9_use
	.file	"SemaphoreP_freertos.c"
	.file	1 "D:\\TI_M0G3507\\mspm0_sdk_2_05_00_05\\kernel\\freertos\\builds\\LP_MSPM0G3507\\release\\keil" "../../../../../../source\\ti/drivers/dpl/SemaphoreP.h"
	.file	2 "D:\\TI_M0G3507\\mspm0_sdk_2_05_00_05\\kernel\\freertos\\builds\\LP_MSPM0G3507\\release\\keil" "../../../../../../kernel/freertos/Source/portable/GCC/ARM_CM0\\portmacro.h"
	.file	3 "D:\\TI_M0G3507\\mspm0_sdk_2_05_00_05\\kernel\\freertos\\builds\\LP_MSPM0G3507\\release\\keil" "../../../../../../kernel/freertos/Source/include\\FreeRTOS.h"
	.file	4 "I:\\Keil5\\keil5_mdk\\ARM\\ARMCLANG\\Bin\\..\\include" "stdint.h"
	.file	5 "D:\\TI_M0G3507\\mspm0_sdk_2_05_00_05\\kernel\\freertos\\builds\\LP_MSPM0G3507\\release\\keil" "../../../../../../kernel/freertos/Source/include/queue.h"
	.file	6 "D:\\TI_M0G3507\\mspm0_sdk_2_05_00_05\\kernel\\freertos\\builds\\LP_MSPM0G3507\\release\\keil" "../../../../../../kernel/freertos/Source/include\\semphr.h"
	.section	.text.SemaphoreP_construct,"ax",%progbits
	.hidden	SemaphoreP_construct            @ -- Begin function SemaphoreP_construct
	.globl	SemaphoreP_construct
	.p2align	2
	.type	SemaphoreP_construct,%function
	.code	16                              @ @SemaphoreP_construct
	.thumb_func
SemaphoreP_construct:
.Lfunc_begin0:
	.file	7 "D:\\TI_M0G3507\\mspm0_sdk_2_05_00_05\\kernel\\freertos\\builds\\LP_MSPM0G3507\\release\\keil" "../../../../../../kernel/freertos/dpl/SemaphoreP_freertos.c"
	.loc	7 57 0                          @ ../../../../../../kernel/freertos/dpl/SemaphoreP_freertos.c:57:0
	.fnstart
	.cfi_sections .debug_frame
	.cfi_startproc
@ %bb.0:
	@DEBUG_VALUE: SemaphoreP_construct:handle <- $r0
	@DEBUG_VALUE: SemaphoreP_construct:count <- $r1
	@DEBUG_VALUE: SemaphoreP_construct:params <- $r2
	.save	{r4, r5, r7, lr}
	push	{r4, r5, r7, lr}
	.cfi_def_cfa_offset 16
	.cfi_offset lr, -4
	.cfi_offset r7, -8
	.cfi_offset r5, -12
	.cfi_offset r4, -16
	.pad	#8
	sub	sp, #8
	.cfi_def_cfa_offset 24
	mov	r5, r1
.Ltmp0:
	@DEBUG_VALUE: SemaphoreP_construct:count <- $r5
	mov	r3, r0
.Ltmp1:
	@DEBUG_VALUE: SemaphoreP_construct:sem <- 0
	@DEBUG_VALUE: SemaphoreP_construct:handle <- $r3
	.loc	7 62 9 prologue_end             @ ../../../../../../kernel/freertos/dpl/SemaphoreP_freertos.c:62:9
	cmp	r2, #0
	beq	.LBB0_5
.Ltmp2:
@ %bb.1:
	@DEBUG_VALUE: SemaphoreP_construct:handle <- $r3
	@DEBUG_VALUE: SemaphoreP_construct:sem <- 0
	@DEBUG_VALUE: SemaphoreP_construct:count <- $r5
	@DEBUG_VALUE: SemaphoreP_construct:params <- $r2
	.loc	7 68 17                         @ ../../../../../../kernel/freertos/dpl/SemaphoreP_freertos.c:68:17
	ldrb	r0, [r2]
.Ltmp3:
	.loc	7 68 9 is_stmt 0                @ ../../../../../../kernel/freertos/dpl/SemaphoreP_freertos.c:68:9
	cmp	r0, #0
.Ltmp4:
	@DEBUG_VALUE: SemaphoreP_construct:params <- undef
	beq	.LBB0_5
.Ltmp5:
@ %bb.2:
	@DEBUG_VALUE: SemaphoreP_construct:handle <- $r3
	@DEBUG_VALUE: SemaphoreP_construct:sem <- 0
	@DEBUG_VALUE: SemaphoreP_construct:count <- $r5
	.loc	7 0 9                           @ ../../../../../../kernel/freertos/dpl/SemaphoreP_freertos.c:0:9
	movs	r0, #3
.Ltmp6:
	.loc	7 88 15 is_stmt 1               @ ../../../../../../kernel/freertos/dpl/SemaphoreP_freertos.c:88:15
	str	r0, [sp]
	movs	r0, #1
	movs	r1, #0
	mov	r2, r1
	bl	xQueueGenericCreateStatic
.Ltmp7:
	mov	r4, r0
.Ltmp8:
	@DEBUG_VALUE: SemaphoreP_construct:sem <- $r4
	.loc	7 89 27                         @ ../../../../../../kernel/freertos/dpl/SemaphoreP_freertos.c:89:27
	cmp	r5, #0
	beq	.LBB0_6
.Ltmp9:
@ %bb.3:
	@DEBUG_VALUE: SemaphoreP_construct:sem <- $r4
	@DEBUG_VALUE: SemaphoreP_construct:count <- $r5
	cmp	r4, #0
	beq	.LBB0_6
.Ltmp10:
@ %bb.4:
	@DEBUG_VALUE: SemaphoreP_construct:sem <- $r4
	@DEBUG_VALUE: SemaphoreP_construct:count <- $r5
	.loc	7 0 27 is_stmt 0                @ ../../../../../../kernel/freertos/dpl/SemaphoreP_freertos.c:0:27
	movs	r1, #0
.Ltmp11:
	.loc	7 91 13 is_stmt 1               @ ../../../../../../kernel/freertos/dpl/SemaphoreP_freertos.c:91:13
	mov	r0, r4
	mov	r2, r1
	mov	r3, r1
	bl	xQueueGenericSend
.Ltmp12:
	.loc	7 0 13 is_stmt 0                @ ../../../../../../kernel/freertos/dpl/SemaphoreP_freertos.c:0:13
	b	.LBB0_6
.Ltmp13:
.LBB0_5:
	@DEBUG_VALUE: SemaphoreP_construct:handle <- $r3
	@DEBUG_VALUE: SemaphoreP_construct:sem <- 0
	@DEBUG_VALUE: SemaphoreP_construct:count <- $r5
	ldr	r0, __arm_cp.0_0
.Ltmp14:
	.loc	7 83 15 is_stmt 1               @ ../../../../../../kernel/freertos/dpl/SemaphoreP_freertos.c:83:15
	mov	r1, r5
	mov	r2, r3
	bl	xQueueCreateCountingSemaphoreStatic
.Ltmp15:
	mov	r4, r0
.Ltmp16:
	@DEBUG_VALUE: SemaphoreP_construct:sem <- $r4
.LBB0_6:
	@DEBUG_VALUE: SemaphoreP_construct:sem <- $r4
	@DEBUG_VALUE: SemaphoreP_construct:count <- $r5
	@DEBUG_VALUE: SemaphoreP_construct:sem <- $r4
	.loc	7 96 5                          @ ../../../../../../kernel/freertos/dpl/SemaphoreP_freertos.c:96:5
	mov	r0, r4
	.loc	7 96 5 epilogue_begin is_stmt 0 @ ../../../../../../kernel/freertos/dpl/SemaphoreP_freertos.c:96:5
	add	sp, #8
	pop	{r4, r5, r7, pc}
.Ltmp17:
	.p2align	2
@ %bb.7:
	.loc	7 0 5                           @ ../../../../../../kernel/freertos/dpl/SemaphoreP_freertos.c:0:5
__arm_cp.0_0:
	.long	65535                           @ 0xffff
.Lcpi_end0:
	.size	__arm_cp.0_0, .Lcpi_end0-__arm_cp.0_0
.Lfunc_end0:
	.size	SemaphoreP_construct, .Lfunc_end0-SemaphoreP_construct
	.cfi_endproc
	.cantunwind
	.fnend
                                        @ -- End function
	.section	.text.SemaphoreP_Params_init,"ax",%progbits
	.hidden	SemaphoreP_Params_init          @ -- Begin function SemaphoreP_Params_init
	.globl	SemaphoreP_Params_init
	.p2align	1
	.type	SemaphoreP_Params_init,%function
	.code	16                              @ @SemaphoreP_Params_init
	.thumb_func
SemaphoreP_Params_init:
.Lfunc_begin1:
	.loc	7 193 0 is_stmt 1               @ ../../../../../../kernel/freertos/dpl/SemaphoreP_freertos.c:193:0
	.fnstart
	.cfi_startproc
@ %bb.0:
	@DEBUG_VALUE: SemaphoreP_Params_init:params <- $r0
	movs	r1, #0
.Ltmp18:
	.loc	7 195 22 prologue_end           @ ../../../../../../kernel/freertos/dpl/SemaphoreP_freertos.c:195:22
	str	r1, [r0, #4]
	.loc	7 194 18                        @ ../../../../../../kernel/freertos/dpl/SemaphoreP_freertos.c:194:18
	strb	r1, [r0]
	.loc	7 196 1                         @ ../../../../../../kernel/freertos/dpl/SemaphoreP_freertos.c:196:1
	bx	lr
.Ltmp19:
.Lfunc_end1:
	.size	SemaphoreP_Params_init, .Lfunc_end1-SemaphoreP_Params_init
	.cfi_endproc
	.cantunwind
	.fnend
                                        @ -- End function
	.section	.text.SemaphoreP_constructBinary,"ax",%progbits
	.hidden	SemaphoreP_constructBinary      @ -- Begin function SemaphoreP_constructBinary
	.globl	SemaphoreP_constructBinary
	.p2align	1
	.type	SemaphoreP_constructBinary,%function
	.code	16                              @ @SemaphoreP_constructBinary
	.thumb_func
SemaphoreP_constructBinary:
.Lfunc_begin2:
	.loc	7 104 0                         @ ../../../../../../kernel/freertos/dpl/SemaphoreP_freertos.c:104:0
	.fnstart
	.cfi_startproc
@ %bb.0:
	@DEBUG_VALUE: SemaphoreP_constructBinary:handle <- $r0
	@DEBUG_VALUE: SemaphoreP_constructBinary:count <- $r1
	.save	{r4, r5, r7, lr}
	push	{r4, r5, r7, lr}
	.cfi_def_cfa_offset 16
	.cfi_offset lr, -4
	.cfi_offset r7, -8
	.cfi_offset r5, -12
	.cfi_offset r4, -16
	.pad	#8
	sub	sp, #8
	.cfi_def_cfa_offset 24
	mov	r5, r1
.Ltmp20:
	@DEBUG_VALUE: SemaphoreP_constructBinary:count <- $r5
	mov	r3, r0
.Ltmp21:
	@DEBUG_VALUE: SemaphoreP_constructBinary:sem <- 0
	@DEBUG_VALUE: SemaphoreP_constructBinary:handle <- $r3
	movs	r0, #3
.Ltmp22:
	.loc	7 108 11 prologue_end           @ ../../../../../../kernel/freertos/dpl/SemaphoreP_freertos.c:108:11
	str	r0, [sp]
	movs	r0, #1
	movs	r1, #0
	mov	r2, r1
	bl	xQueueGenericCreateStatic
.Ltmp23:
	mov	r4, r0
.Ltmp24:
	@DEBUG_VALUE: SemaphoreP_constructBinary:sem <- $r4
	.loc	7 109 23                        @ ../../../../../../kernel/freertos/dpl/SemaphoreP_freertos.c:109:23
	cmp	r5, #0
	beq	.LBB2_3
.Ltmp25:
@ %bb.1:
	@DEBUG_VALUE: SemaphoreP_constructBinary:sem <- $r4
	@DEBUG_VALUE: SemaphoreP_constructBinary:count <- $r5
	cmp	r4, #0
	beq	.LBB2_3
.Ltmp26:
@ %bb.2:
	@DEBUG_VALUE: SemaphoreP_constructBinary:sem <- $r4
	@DEBUG_VALUE: SemaphoreP_constructBinary:count <- $r5
	.loc	7 0 23 is_stmt 0                @ ../../../../../../kernel/freertos/dpl/SemaphoreP_freertos.c:0:23
	movs	r1, #0
.Ltmp27:
	.loc	7 111 9 is_stmt 1               @ ../../../../../../kernel/freertos/dpl/SemaphoreP_freertos.c:111:9
	mov	r0, r4
	mov	r2, r1
	mov	r3, r1
	bl	xQueueGenericSend
.Ltmp28:
.LBB2_3:
	@DEBUG_VALUE: SemaphoreP_constructBinary:sem <- $r4
	@DEBUG_VALUE: SemaphoreP_constructBinary:count <- $r5
	.loc	7 115 5                         @ ../../../../../../kernel/freertos/dpl/SemaphoreP_freertos.c:115:5
	mov	r0, r4
	.loc	7 115 5 epilogue_begin is_stmt 0 @ ../../../../../../kernel/freertos/dpl/SemaphoreP_freertos.c:115:5
	add	sp, #8
	pop	{r4, r5, r7, pc}
.Ltmp29:
.Lfunc_end2:
	.size	SemaphoreP_constructBinary, .Lfunc_end2-SemaphoreP_constructBinary
	.cfi_endproc
	.cantunwind
	.fnend
                                        @ -- End function
	.section	.text.SemaphoreP_create,"ax",%progbits
	.hidden	SemaphoreP_create               @ -- Begin function SemaphoreP_create
	.globl	SemaphoreP_create
	.p2align	2
	.type	SemaphoreP_create,%function
	.code	16                              @ @SemaphoreP_create
	.thumb_func
SemaphoreP_create:
.Lfunc_begin3:
	.loc	7 123 0 is_stmt 1               @ ../../../../../../kernel/freertos/dpl/SemaphoreP_freertos.c:123:0
	.fnstart
	.cfi_startproc
@ %bb.0:
	@DEBUG_VALUE: SemaphoreP_create:count <- $r0
	@DEBUG_VALUE: SemaphoreP_create:params <- $r1
	.save	{r4, r5, r7, lr}
	push	{r4, r5, r7, lr}
	.cfi_def_cfa_offset 16
	.cfi_offset lr, -4
	.cfi_offset r7, -8
	.cfi_offset r5, -12
	.cfi_offset r4, -16
	mov	r5, r0
.Ltmp30:
	@DEBUG_VALUE: SemaphoreP_create:sem <- 0
	@DEBUG_VALUE: SemaphoreP_create:count <- $r5
	.loc	7 127 9 prologue_end            @ ../../../../../../kernel/freertos/dpl/SemaphoreP_freertos.c:127:9
	cmp	r1, #0
	beq	.LBB3_6
.Ltmp31:
@ %bb.1:
	@DEBUG_VALUE: SemaphoreP_create:count <- $r5
	@DEBUG_VALUE: SemaphoreP_create:sem <- 0
	@DEBUG_VALUE: SemaphoreP_create:params <- $r1
	.loc	7 132 17                        @ ../../../../../../kernel/freertos/dpl/SemaphoreP_freertos.c:132:17
	ldrb	r0, [r1]
.Ltmp32:
	.loc	7 132 9 is_stmt 0               @ ../../../../../../kernel/freertos/dpl/SemaphoreP_freertos.c:132:9
	cmp	r0, #0
.Ltmp33:
	@DEBUG_VALUE: SemaphoreP_create:params <- undef
	beq	.LBB3_6
.Ltmp34:
@ %bb.2:
	@DEBUG_VALUE: SemaphoreP_create:count <- $r5
	@DEBUG_VALUE: SemaphoreP_create:sem <- 0
	.loc	7 0 9                           @ ../../../../../../kernel/freertos/dpl/SemaphoreP_freertos.c:0:9
	movs	r0, #1
	movs	r1, #0
	movs	r2, #3
.Ltmp35:
	.loc	7 151 15 is_stmt 1              @ ../../../../../../kernel/freertos/dpl/SemaphoreP_freertos.c:151:15
	bl	xQueueGenericCreate
.Ltmp36:
	mov	r4, r0
.Ltmp37:
	@DEBUG_VALUE: SemaphoreP_create:sem <- $r4
	.loc	7 152 27                        @ ../../../../../../kernel/freertos/dpl/SemaphoreP_freertos.c:152:27
	cmp	r5, #0
	beq	.LBB3_5
.Ltmp38:
@ %bb.3:
	@DEBUG_VALUE: SemaphoreP_create:sem <- $r4
	@DEBUG_VALUE: SemaphoreP_create:count <- $r5
	cmp	r4, #0
	beq	.LBB3_5
.Ltmp39:
@ %bb.4:
	@DEBUG_VALUE: SemaphoreP_create:sem <- $r4
	@DEBUG_VALUE: SemaphoreP_create:count <- $r5
	.loc	7 0 27 is_stmt 0                @ ../../../../../../kernel/freertos/dpl/SemaphoreP_freertos.c:0:27
	movs	r1, #0
.Ltmp40:
	.loc	7 153 13 is_stmt 1              @ ../../../../../../kernel/freertos/dpl/SemaphoreP_freertos.c:153:13
	mov	r0, r4
	mov	r2, r1
	mov	r3, r1
	bl	xQueueGenericSend
.Ltmp41:
.LBB3_5:
	@DEBUG_VALUE: SemaphoreP_create:sem <- $r4
	@DEBUG_VALUE: SemaphoreP_create:count <- $r5
	@DEBUG_VALUE: SemaphoreP_create:sem <- $r4
	.loc	7 157 5                         @ ../../../../../../kernel/freertos/dpl/SemaphoreP_freertos.c:157:5
	mov	r0, r4
	.loc	7 157 5 epilogue_begin is_stmt 0 @ ../../../../../../kernel/freertos/dpl/SemaphoreP_freertos.c:157:5
	pop	{r4, r5, r7, pc}
.Ltmp42:
.LBB3_6:
	@DEBUG_VALUE: SemaphoreP_create:count <- $r5
	@DEBUG_VALUE: SemaphoreP_create:sem <- 0
	.loc	7 0 5                           @ ../../../../../../kernel/freertos/dpl/SemaphoreP_freertos.c:0:5
	ldr	r0, __arm_cp.3_0
.Ltmp43:
	.loc	7 146 15 is_stmt 1              @ ../../../../../../kernel/freertos/dpl/SemaphoreP_freertos.c:146:15
	mov	r1, r5
	bl	xQueueCreateCountingSemaphore
.Ltmp44:
	@DEBUG_VALUE: SemaphoreP_create:sem <- $r0
	@DEBUG_VALUE: SemaphoreP_create:sem <- $r0
	.loc	7 157 5 epilogue_begin          @ ../../../../../../kernel/freertos/dpl/SemaphoreP_freertos.c:157:5
	pop	{r4, r5, r7, pc}
.Ltmp45:
	.p2align	2
@ %bb.7:
	.loc	7 0 5 is_stmt 0                 @ ../../../../../../kernel/freertos/dpl/SemaphoreP_freertos.c:0:5
__arm_cp.3_0:
	.long	65535                           @ 0xffff
.Lcpi_end1:
	.size	__arm_cp.3_0, .Lcpi_end1-__arm_cp.3_0
.Lfunc_end3:
	.size	SemaphoreP_create, .Lfunc_end3-SemaphoreP_create
	.cfi_endproc
	.cantunwind
	.fnend
                                        @ -- End function
	.section	.text.SemaphoreP_createBinary,"ax",%progbits
	.hidden	SemaphoreP_createBinary         @ -- Begin function SemaphoreP_createBinary
	.globl	SemaphoreP_createBinary
	.p2align	1
	.type	SemaphoreP_createBinary,%function
	.code	16                              @ @SemaphoreP_createBinary
	.thumb_func
SemaphoreP_createBinary:
.Lfunc_begin4:
	.loc	7 164 0 is_stmt 1               @ ../../../../../../kernel/freertos/dpl/SemaphoreP_freertos.c:164:0
	.fnstart
	.cfi_startproc
@ %bb.0:
	@DEBUG_VALUE: SemaphoreP_createBinary:count <- $r0
	.save	{r4, r5, r7, lr}
	push	{r4, r5, r7, lr}
	.cfi_def_cfa_offset 16
	.cfi_offset lr, -4
	.cfi_offset r7, -8
	.cfi_offset r5, -12
	.cfi_offset r4, -16
	mov	r5, r0
.Ltmp46:
	@DEBUG_VALUE: SemaphoreP_createBinary:sem <- 0
	@DEBUG_VALUE: SemaphoreP_createBinary:count <- $r5
	movs	r0, #1
	movs	r1, #0
	movs	r2, #3
.Ltmp47:
	.loc	7 167 11 prologue_end           @ ../../../../../../kernel/freertos/dpl/SemaphoreP_freertos.c:167:11
	bl	xQueueGenericCreate
.Ltmp48:
	mov	r4, r0
.Ltmp49:
	@DEBUG_VALUE: SemaphoreP_createBinary:sem <- $r4
	.loc	7 168 23                        @ ../../../../../../kernel/freertos/dpl/SemaphoreP_freertos.c:168:23
	cmp	r5, #0
	beq	.LBB4_3
.Ltmp50:
@ %bb.1:
	@DEBUG_VALUE: SemaphoreP_createBinary:sem <- $r4
	@DEBUG_VALUE: SemaphoreP_createBinary:count <- $r5
	cmp	r4, #0
	beq	.LBB4_3
.Ltmp51:
@ %bb.2:
	@DEBUG_VALUE: SemaphoreP_createBinary:sem <- $r4
	@DEBUG_VALUE: SemaphoreP_createBinary:count <- $r5
	.loc	7 0 23 is_stmt 0                @ ../../../../../../kernel/freertos/dpl/SemaphoreP_freertos.c:0:23
	movs	r1, #0
.Ltmp52:
	.loc	7 169 9 is_stmt 1               @ ../../../../../../kernel/freertos/dpl/SemaphoreP_freertos.c:169:9
	mov	r0, r4
	mov	r2, r1
	mov	r3, r1
	bl	xQueueGenericSend
.Ltmp53:
.LBB4_3:
	@DEBUG_VALUE: SemaphoreP_createBinary:sem <- $r4
	@DEBUG_VALUE: SemaphoreP_createBinary:count <- $r5
	.loc	7 172 5                         @ ../../../../../../kernel/freertos/dpl/SemaphoreP_freertos.c:172:5
	mov	r0, r4
	.loc	7 172 5 epilogue_begin is_stmt 0 @ ../../../../../../kernel/freertos/dpl/SemaphoreP_freertos.c:172:5
	pop	{r4, r5, r7, pc}
.Ltmp54:
.Lfunc_end4:
	.size	SemaphoreP_createBinary, .Lfunc_end4-SemaphoreP_createBinary
	.cfi_endproc
	.cantunwind
	.fnend
                                        @ -- End function
	.section	.text.SemaphoreP_delete,"ax",%progbits
	.hidden	SemaphoreP_delete               @ -- Begin function SemaphoreP_delete
	.globl	SemaphoreP_delete
	.p2align	1
	.type	SemaphoreP_delete,%function
	.code	16                              @ @SemaphoreP_delete
	.thumb_func
SemaphoreP_delete:
.Lfunc_begin5:
	.loc	7 179 0 is_stmt 1               @ ../../../../../../kernel/freertos/dpl/SemaphoreP_freertos.c:179:0
	.fnstart
	.cfi_startproc
@ %bb.0:
	@DEBUG_VALUE: SemaphoreP_delete:handle <- $r0
	.save	{r7, lr}
	push	{r7, lr}
	.cfi_def_cfa_offset 8
	.cfi_offset lr, -4
	.cfi_offset r7, -8
.Ltmp55:
	.loc	7 180 5 prologue_end            @ ../../../../../../kernel/freertos/dpl/SemaphoreP_freertos.c:180:5
	bl	vQueueDelete
.Ltmp56:
	@DEBUG_VALUE: SemaphoreP_delete:handle <- [DW_OP_LLVM_entry_value 1] $r0
	.loc	7 181 1 epilogue_begin          @ ../../../../../../kernel/freertos/dpl/SemaphoreP_freertos.c:181:1
	pop	{r7, pc}
.Ltmp57:
.Lfunc_end5:
	.size	SemaphoreP_delete, .Lfunc_end5-SemaphoreP_delete
	.cfi_endproc
	.cantunwind
	.fnend
                                        @ -- End function
	.section	.text.SemaphoreP_destruct,"ax",%progbits
	.hidden	SemaphoreP_destruct             @ -- Begin function SemaphoreP_destruct
	.globl	SemaphoreP_destruct
	.p2align	1
	.type	SemaphoreP_destruct,%function
	.code	16                              @ @SemaphoreP_destruct
	.thumb_func
SemaphoreP_destruct:
.Lfunc_begin6:
	.fnstart
	.cfi_startproc
@ %bb.0:
	@DEBUG_VALUE: SemaphoreP_destruct:semP <- $r0
	.loc	7 187 2 prologue_end            @ ../../../../../../kernel/freertos/dpl/SemaphoreP_freertos.c:187:2
	bx	lr
.Ltmp58:
.Lfunc_end6:
	.size	SemaphoreP_destruct, .Lfunc_end6-SemaphoreP_destruct
	.cfi_endproc
	.cantunwind
	.fnend
                                        @ -- End function
	.section	.text.SemaphoreP_pend,"ax",%progbits
	.hidden	SemaphoreP_pend                 @ -- Begin function SemaphoreP_pend
	.globl	SemaphoreP_pend
	.p2align	1
	.type	SemaphoreP_pend,%function
	.code	16                              @ @SemaphoreP_pend
	.thumb_func
SemaphoreP_pend:
.Lfunc_begin7:
	.loc	7 202 0                         @ ../../../../../../kernel/freertos/dpl/SemaphoreP_freertos.c:202:0
	.fnstart
	.cfi_startproc
@ %bb.0:
	@DEBUG_VALUE: SemaphoreP_pend:handle <- $r0
	@DEBUG_VALUE: SemaphoreP_pend:timeout <- $r1
	.save	{r4, r5, r6, r7, lr}
	push	{r4, r5, r6, r7, lr}
	.cfi_def_cfa_offset 20
	.cfi_offset lr, -4
	.cfi_offset r7, -8
	.cfi_offset r6, -12
	.cfi_offset r5, -16
	.cfi_offset r4, -20
	.pad	#4
	sub	sp, #4
	.cfi_def_cfa_offset 24
	mov	r5, r1
.Ltmp59:
	@DEBUG_VALUE: SemaphoreP_pend:timeout <- $r5
	mov	r4, r0
.Ltmp60:
	@DEBUG_VALUE: SemaphoreP_pend:handle <- $r4
	.loc	7 208 9 prologue_end            @ ../../../../../../kernel/freertos/dpl/SemaphoreP_freertos.c:208:9
	bl	HwiP_inISR
.Ltmp61:
	.loc	7 208 9 is_stmt 0               @ ../../../../../../kernel/freertos/dpl/SemaphoreP_freertos.c:208:9
	cmp	r0, #0
	beq	.LBB7_2
.Ltmp62:
@ %bb.1:
	@DEBUG_VALUE: SemaphoreP_pend:handle <- $r4
	@DEBUG_VALUE: SemaphoreP_pend:timeout <- $r5
	.loc	7 0 9                           @ ../../../../../../kernel/freertos/dpl/SemaphoreP_freertos.c:0:9
	movs	r1, #0
.Ltmp63:
	.loc	7 211 18 is_stmt 1              @ ../../../../../../kernel/freertos/dpl/SemaphoreP_freertos.c:211:18
	mov	r0, r4
	mov	r2, r1
	bl	xQueueReceiveFromISR
.Ltmp64:
	.loc	7 0 18 is_stmt 0                @ ../../../../../../kernel/freertos/dpl/SemaphoreP_freertos.c:0:18
	b	.LBB7_5
.Ltmp65:
.LBB7_2:
	@DEBUG_VALUE: SemaphoreP_pend:handle <- $r4
	@DEBUG_VALUE: SemaphoreP_pend:timeout <- $r5
	movs	r0, #125
	lsls	r6, r0, #3
.Ltmp66:
	.loc	7 219 22 is_stmt 1              @ ../../../../../../kernel/freertos/dpl/SemaphoreP_freertos.c:219:22
	bl	ClockP_getSystemTickPeriod
.Ltmp67:
	@DEBUG_VALUE: SemaphoreP_pend:tickPeriod <- $r0
	.loc	7 220 13                        @ ../../../../../../kernel/freertos/dpl/SemaphoreP_freertos.c:220:13
	cmp	r0, r6
	beq	.LBB7_4
.Ltmp68:
@ %bb.3:
	@DEBUG_VALUE: SemaphoreP_pend:tickPeriod <- $r0
	@DEBUG_VALUE: SemaphoreP_pend:handle <- $r4
	@DEBUG_VALUE: SemaphoreP_pend:timeout <- $r5
	.loc	7 0 13 is_stmt 0                @ ../../../../../../kernel/freertos/dpl/SemaphoreP_freertos.c:0:13
	movs	r7, #0
.Ltmp69:
	.loc	7 222 31 is_stmt 1              @ ../../../../../../kernel/freertos/dpl/SemaphoreP_freertos.c:222:31
	mov	r1, r7
	mov	r2, r5
	mov	r3, r7
	bl	__aeabi_lmul
.Ltmp70:
	@DEBUG_VALUE: SemaphoreP_pend:timeUS <- [DW_OP_LLVM_fragment 32 32] $r1
	@DEBUG_VALUE: SemaphoreP_pend:timeUS <- [DW_OP_LLVM_fragment 0 32] $r0
	.loc	7 223 43                        @ ../../../../../../kernel/freertos/dpl/SemaphoreP_freertos.c:223:43
	mov	r2, r6
	mov	r3, r7
	bl	__aeabi_uldivmod
.Ltmp71:
	mov	r5, r0
.Ltmp72:
	@DEBUG_VALUE: SemaphoreP_pend:timeout <- [DW_OP_LLVM_entry_value 1] $r1
	@DEBUG_VALUE: SemaphoreP_pend:ticksFR <- $r5
.LBB7_4:
	@DEBUG_VALUE: SemaphoreP_pend:handle <- $r4
	@DEBUG_VALUE: SemaphoreP_pend:ticksFR <- $r5
	.loc	7 229 18                        @ ../../../../../../kernel/freertos/dpl/SemaphoreP_freertos.c:229:18
	mov	r0, r4
	mov	r1, r5
	bl	xQueueSemaphoreTake
.Ltmp73:
.LBB7_5:
	@DEBUG_VALUE: SemaphoreP_pend:handle <- $r4
	.loc	7 0 0 is_stmt 0                 @ ../../../../../../kernel/freertos/dpl/SemaphoreP_freertos.c:0:0
	mov	r1, r0
.Ltmp74:
	@DEBUG_VALUE: SemaphoreP_pend:status <- $r1
	movs	r0, #0
.Ltmp75:
	.loc	7 238 1 is_stmt 1               @ ../../../../../../kernel/freertos/dpl/SemaphoreP_freertos.c:238:1
	cmp	r1, #1
	beq	.LBB7_7
.Ltmp76:
@ %bb.6:
	@DEBUG_VALUE: SemaphoreP_pend:status <- $r1
	@DEBUG_VALUE: SemaphoreP_pend:handle <- $r4
	.loc	7 0 1 is_stmt 0                 @ ../../../../../../kernel/freertos/dpl/SemaphoreP_freertos.c:0:1
	mvns	r0, r0
.Ltmp77:
.LBB7_7:
	@DEBUG_VALUE: SemaphoreP_pend:status <- $r1
	@DEBUG_VALUE: SemaphoreP_pend:handle <- $r4
	.loc	7 238 1 epilogue_begin          @ ../../../../../../kernel/freertos/dpl/SemaphoreP_freertos.c:238:1
	add	sp, #4
	pop	{r4, r5, r6, r7, pc}
.Ltmp78:
.Lfunc_end7:
	.size	SemaphoreP_pend, .Lfunc_end7-SemaphoreP_pend
	.cfi_endproc
	.cantunwind
	.fnend
                                        @ -- End function
	.section	.text.SemaphoreP_post,"ax",%progbits
	.hidden	SemaphoreP_post                 @ -- Begin function SemaphoreP_post
	.globl	SemaphoreP_post
	.p2align	1
	.type	SemaphoreP_post,%function
	.code	16                              @ @SemaphoreP_post
	.thumb_func
SemaphoreP_post:
.Lfunc_begin8:
	.loc	7 244 0 is_stmt 1               @ ../../../../../../kernel/freertos/dpl/SemaphoreP_freertos.c:244:0
	.fnstart
	.cfi_startproc
@ %bb.0:
	@DEBUG_VALUE: SemaphoreP_post:handle <- $r0
	.save	{r4, lr}
	push	{r4, lr}
	.cfi_def_cfa_offset 8
	.cfi_offset lr, -4
	.cfi_offset r4, -8
	.pad	#8
	sub	sp, #8
	.cfi_def_cfa_offset 16
	mov	r4, r0
.Ltmp79:
	@DEBUG_VALUE: SemaphoreP_post:handle <- $r4
	.loc	7 247 10 prologue_end           @ ../../../../../../kernel/freertos/dpl/SemaphoreP_freertos.c:247:10
	bl	HwiP_inISR
.Ltmp80:
	.loc	7 247 9 is_stmt 0               @ ../../../../../../kernel/freertos/dpl/SemaphoreP_freertos.c:247:9
	cmp	r0, #0
	beq	.LBB8_2
.Ltmp81:
@ %bb.1:
	@DEBUG_VALUE: SemaphoreP_post:handle <- $r4
	.loc	7 0 9                           @ ../../../../../../kernel/freertos/dpl/SemaphoreP_freertos.c:0:9
	add	r1, sp, #4
.Ltmp82:
	.loc	7 252 9 is_stmt 1               @ ../../../../../../kernel/freertos/dpl/SemaphoreP_freertos.c:252:9
	mov	r0, r4
	bl	xQueueGiveFromISR
.Ltmp83:
	.loc	7 255 1 epilogue_begin          @ ../../../../../../kernel/freertos/dpl/SemaphoreP_freertos.c:255:1
	add	sp, #8
	pop	{r4, pc}
.Ltmp84:
.LBB8_2:
	@DEBUG_VALUE: SemaphoreP_post:handle <- $r4
	.loc	7 0 1 is_stmt 0                 @ ../../../../../../kernel/freertos/dpl/SemaphoreP_freertos.c:0:1
	movs	r1, #0
.Ltmp85:
	.loc	7 249 9 is_stmt 1               @ ../../../../../../kernel/freertos/dpl/SemaphoreP_freertos.c:249:9
	mov	r0, r4
	mov	r2, r1
	mov	r3, r1
	bl	xQueueGenericSend
.Ltmp86:
	.loc	7 255 1 epilogue_begin          @ ../../../../../../kernel/freertos/dpl/SemaphoreP_freertos.c:255:1
	add	sp, #8
	pop	{r4, pc}
.Ltmp87:
.Lfunc_end8:
	.size	SemaphoreP_post, .Lfunc_end8-SemaphoreP_post
	.cfi_endproc
	.cantunwind
	.fnend
                                        @ -- End function
	.section	.text.SemaphoreP_staticObjectSize,"ax",%progbits
	.hidden	SemaphoreP_staticObjectSize     @ -- Begin function SemaphoreP_staticObjectSize
	.globl	SemaphoreP_staticObjectSize
	.p2align	1
	.type	SemaphoreP_staticObjectSize,%function
	.code	16                              @ @SemaphoreP_staticObjectSize
	.thumb_func
SemaphoreP_staticObjectSize:
.Lfunc_begin9:
	.loc	7 262 0                         @ ../../../../../../kernel/freertos/dpl/SemaphoreP_freertos.c:262:0
	.fnstart
	.cfi_startproc
@ %bb.0:
	movs	r0, #80
.Ltmp88:
	.loc	7 263 5 prologue_end            @ ../../../../../../kernel/freertos/dpl/SemaphoreP_freertos.c:263:5
	bx	lr
.Ltmp89:
.Lfunc_end9:
	.size	SemaphoreP_staticObjectSize, .Lfunc_end9-SemaphoreP_staticObjectSize
	.cfi_endproc
	.cantunwind
	.fnend
                                        @ -- End function
	.file	8 "I:\\Keil5\\keil5_mdk\\ARM\\ARMCLANG\\Bin\\..\\include" "stddef.h"
	.section	.debug_loc,"",%progbits
.Ldebug_loc0:
	.long	-1
	.long	.Lfunc_begin0                   @   base address
	.long	.Lfunc_begin0-.Lfunc_begin0
	.long	.Ltmp1-.Lfunc_begin0
	.short	1                               @ Loc expr size
	.byte	80                              @ DW_OP_reg0
	.long	.Ltmp1-.Lfunc_begin0
	.long	.Ltmp7-.Lfunc_begin0
	.short	1                               @ Loc expr size
	.byte	83                              @ DW_OP_reg3
	.long	.Ltmp13-.Lfunc_begin0
	.long	.Ltmp15-.Lfunc_begin0
	.short	1                               @ Loc expr size
	.byte	83                              @ DW_OP_reg3
	.long	0
	.long	0
.Ldebug_loc1:
	.long	-1
	.long	.Lfunc_begin0                   @   base address
	.long	.Lfunc_begin0-.Lfunc_begin0
	.long	.Ltmp0-.Lfunc_begin0
	.short	1                               @ Loc expr size
	.byte	81                              @ DW_OP_reg1
	.long	.Ltmp0-.Lfunc_begin0
	.long	.Ltmp17-.Lfunc_begin0
	.short	1                               @ Loc expr size
	.byte	85                              @ DW_OP_reg5
	.long	0
	.long	0
.Ldebug_loc2:
	.long	-1
	.long	.Lfunc_begin0                   @   base address
	.long	.Lfunc_begin0-.Lfunc_begin0
	.long	.Ltmp4-.Lfunc_begin0
	.short	1                               @ Loc expr size
	.byte	82                              @ DW_OP_reg2
	.long	0
	.long	0
.Ldebug_loc3:
	.long	-1
	.long	.Lfunc_begin0                   @   base address
	.long	.Ltmp1-.Lfunc_begin0
	.long	.Ltmp8-.Lfunc_begin0
	.short	2                               @ Loc expr size
	.byte	48                              @ DW_OP_lit0
	.byte	159                             @ DW_OP_stack_value
	.long	.Ltmp8-.Lfunc_begin0
	.long	.Ltmp13-.Lfunc_begin0
	.short	1                               @ Loc expr size
	.byte	84                              @ DW_OP_reg4
	.long	.Ltmp13-.Lfunc_begin0
	.long	.Ltmp16-.Lfunc_begin0
	.short	2                               @ Loc expr size
	.byte	48                              @ DW_OP_lit0
	.byte	159                             @ DW_OP_stack_value
	.long	.Ltmp16-.Lfunc_begin0
	.long	.Ltmp17-.Lfunc_begin0
	.short	1                               @ Loc expr size
	.byte	84                              @ DW_OP_reg4
	.long	0
	.long	0
.Ldebug_loc4:
	.long	-1
	.long	.Lfunc_begin2                   @   base address
	.long	.Lfunc_begin2-.Lfunc_begin2
	.long	.Ltmp21-.Lfunc_begin2
	.short	1                               @ Loc expr size
	.byte	80                              @ DW_OP_reg0
	.long	.Ltmp21-.Lfunc_begin2
	.long	.Ltmp23-.Lfunc_begin2
	.short	1                               @ Loc expr size
	.byte	83                              @ DW_OP_reg3
	.long	0
	.long	0
.Ldebug_loc5:
	.long	-1
	.long	.Lfunc_begin2                   @   base address
	.long	.Lfunc_begin2-.Lfunc_begin2
	.long	.Ltmp20-.Lfunc_begin2
	.short	1                               @ Loc expr size
	.byte	81                              @ DW_OP_reg1
	.long	.Ltmp20-.Lfunc_begin2
	.long	.Ltmp29-.Lfunc_begin2
	.short	1                               @ Loc expr size
	.byte	85                              @ DW_OP_reg5
	.long	0
	.long	0
.Ldebug_loc6:
	.long	-1
	.long	.Lfunc_begin2                   @   base address
	.long	.Ltmp21-.Lfunc_begin2
	.long	.Ltmp24-.Lfunc_begin2
	.short	2                               @ Loc expr size
	.byte	48                              @ DW_OP_lit0
	.byte	159                             @ DW_OP_stack_value
	.long	.Ltmp24-.Lfunc_begin2
	.long	.Ltmp29-.Lfunc_begin2
	.short	1                               @ Loc expr size
	.byte	84                              @ DW_OP_reg4
	.long	0
	.long	0
.Ldebug_loc7:
	.long	-1
	.long	.Lfunc_begin3                   @   base address
	.long	.Lfunc_begin3-.Lfunc_begin3
	.long	.Ltmp30-.Lfunc_begin3
	.short	1                               @ Loc expr size
	.byte	80                              @ DW_OP_reg0
	.long	.Ltmp30-.Lfunc_begin3
	.long	.Ltmp45-.Lfunc_begin3
	.short	1                               @ Loc expr size
	.byte	85                              @ DW_OP_reg5
	.long	0
	.long	0
.Ldebug_loc8:
	.long	-1
	.long	.Lfunc_begin3                   @   base address
	.long	.Lfunc_begin3-.Lfunc_begin3
	.long	.Ltmp33-.Lfunc_begin3
	.short	1                               @ Loc expr size
	.byte	81                              @ DW_OP_reg1
	.long	0
	.long	0
.Ldebug_loc9:
	.long	-1
	.long	.Lfunc_begin3                   @   base address
	.long	.Ltmp30-.Lfunc_begin3
	.long	.Ltmp37-.Lfunc_begin3
	.short	2                               @ Loc expr size
	.byte	48                              @ DW_OP_lit0
	.byte	159                             @ DW_OP_stack_value
	.long	.Ltmp37-.Lfunc_begin3
	.long	.Ltmp42-.Lfunc_begin3
	.short	1                               @ Loc expr size
	.byte	84                              @ DW_OP_reg4
	.long	.Ltmp42-.Lfunc_begin3
	.long	.Ltmp44-.Lfunc_begin3
	.short	2                               @ Loc expr size
	.byte	48                              @ DW_OP_lit0
	.byte	159                             @ DW_OP_stack_value
	.long	.Ltmp44-.Lfunc_begin3
	.long	.Ltmp45-.Lfunc_begin3
	.short	1                               @ Loc expr size
	.byte	80                              @ DW_OP_reg0
	.long	0
	.long	0
.Ldebug_loc10:
	.long	-1
	.long	.Lfunc_begin4                   @   base address
	.long	.Lfunc_begin4-.Lfunc_begin4
	.long	.Ltmp46-.Lfunc_begin4
	.short	1                               @ Loc expr size
	.byte	80                              @ DW_OP_reg0
	.long	.Ltmp46-.Lfunc_begin4
	.long	.Ltmp54-.Lfunc_begin4
	.short	1                               @ Loc expr size
	.byte	85                              @ DW_OP_reg5
	.long	0
	.long	0
.Ldebug_loc11:
	.long	-1
	.long	.Lfunc_begin4                   @   base address
	.long	.Ltmp46-.Lfunc_begin4
	.long	.Ltmp49-.Lfunc_begin4
	.short	2                               @ Loc expr size
	.byte	48                              @ DW_OP_lit0
	.byte	159                             @ DW_OP_stack_value
	.long	.Ltmp49-.Lfunc_begin4
	.long	.Ltmp54-.Lfunc_begin4
	.short	1                               @ Loc expr size
	.byte	84                              @ DW_OP_reg4
	.long	0
	.long	0
.Ldebug_loc12:
	.long	-1
	.long	.Lfunc_begin5                   @   base address
	.long	.Lfunc_begin5-.Lfunc_begin5
	.long	.Ltmp56-.Lfunc_begin5
	.short	1                               @ Loc expr size
	.byte	80                              @ DW_OP_reg0
	.long	.Ltmp56-.Lfunc_begin5
	.long	.Lfunc_end5-.Lfunc_begin5
	.short	4                               @ Loc expr size
	.byte	243                             @ DW_OP_GNU_entry_value
	.byte	1                               @ 1
	.byte	80                              @ DW_OP_reg0
	.byte	159                             @ DW_OP_stack_value
	.long	0
	.long	0
.Ldebug_loc13:
	.long	-1
	.long	.Lfunc_begin7                   @   base address
	.long	.Lfunc_begin7-.Lfunc_begin7
	.long	.Ltmp60-.Lfunc_begin7
	.short	1                               @ Loc expr size
	.byte	80                              @ DW_OP_reg0
	.long	.Ltmp60-.Lfunc_begin7
	.long	.Ltmp78-.Lfunc_begin7
	.short	1                               @ Loc expr size
	.byte	84                              @ DW_OP_reg4
	.long	0
	.long	0
.Ldebug_loc14:
	.long	-1
	.long	.Lfunc_begin7                   @   base address
	.long	.Lfunc_begin7-.Lfunc_begin7
	.long	.Ltmp59-.Lfunc_begin7
	.short	1                               @ Loc expr size
	.byte	81                              @ DW_OP_reg1
	.long	.Ltmp59-.Lfunc_begin7
	.long	.Ltmp72-.Lfunc_begin7
	.short	1                               @ Loc expr size
	.byte	85                              @ DW_OP_reg5
	.long	0
	.long	0
.Ldebug_loc15:
	.long	-1
	.long	.Lfunc_begin7                   @   base address
	.long	.Ltmp67-.Lfunc_begin7
	.long	.Ltmp70-.Lfunc_begin7
	.short	1                               @ Loc expr size
	.byte	80                              @ DW_OP_reg0
	.long	0
	.long	0
.Ldebug_loc16:
	.long	-1
	.long	.Lfunc_begin7                   @   base address
	.long	.Ltmp70-.Lfunc_begin7
	.long	.Ltmp71-.Lfunc_begin7
	.short	6                               @ Loc expr size
	.byte	80                              @ DW_OP_reg0
	.byte	147                             @ DW_OP_piece
	.byte	4                               @ 4
	.byte	81                              @ DW_OP_reg1
	.byte	147                             @ DW_OP_piece
	.byte	4                               @ 4
	.long	0
	.long	0
.Ldebug_loc17:
	.long	-1
	.long	.Lfunc_begin7                   @   base address
	.long	.Ltmp72-.Lfunc_begin7
	.long	.Ltmp73-.Lfunc_begin7
	.short	1                               @ Loc expr size
	.byte	85                              @ DW_OP_reg5
	.long	0
	.long	0
.Ldebug_loc18:
	.long	-1
	.long	.Lfunc_begin7                   @   base address
	.long	.Ltmp74-.Lfunc_begin7
	.long	.Lfunc_end7-.Lfunc_begin7
	.short	1                               @ Loc expr size
	.byte	81                              @ DW_OP_reg1
	.long	0
	.long	0
.Ldebug_loc19:
	.long	-1
	.long	.Lfunc_begin8                   @   base address
	.long	.Lfunc_begin8-.Lfunc_begin8
	.long	.Ltmp79-.Lfunc_begin8
	.short	1                               @ Loc expr size
	.byte	80                              @ DW_OP_reg0
	.long	.Ltmp79-.Lfunc_begin8
	.long	.Ltmp87-.Lfunc_begin8
	.short	1                               @ Loc expr size
	.byte	84                              @ DW_OP_reg4
	.long	0
	.long	0
	.section	.debug_abbrev,"",%progbits
	.byte	1                               @ Abbreviation Code
	.byte	17                              @ DW_TAG_compile_unit
	.byte	1                               @ DW_CHILDREN_yes
	.byte	37                              @ DW_AT_producer
	.byte	14                              @ DW_FORM_strp
	.byte	19                              @ DW_AT_language
	.byte	5                               @ DW_FORM_data2
	.byte	3                               @ DW_AT_name
	.byte	14                              @ DW_FORM_strp
	.byte	16                              @ DW_AT_stmt_list
	.byte	23                              @ DW_FORM_sec_offset
	.byte	27                              @ DW_AT_comp_dir
	.byte	14                              @ DW_FORM_strp
	.byte	17                              @ DW_AT_low_pc
	.byte	1                               @ DW_FORM_addr
	.byte	85                              @ DW_AT_ranges
	.byte	23                              @ DW_FORM_sec_offset
	.byte	0                               @ EOM(1)
	.byte	0                               @ EOM(2)
	.byte	2                               @ Abbreviation Code
	.byte	4                               @ DW_TAG_enumeration_type
	.byte	1                               @ DW_CHILDREN_yes
	.byte	73                              @ DW_AT_type
	.byte	19                              @ DW_FORM_ref4
	.byte	11                              @ DW_AT_byte_size
	.byte	11                              @ DW_FORM_data1
	.byte	58                              @ DW_AT_decl_file
	.byte	11                              @ DW_FORM_data1
	.byte	59                              @ DW_AT_decl_line
	.byte	11                              @ DW_FORM_data1
	.byte	0                               @ EOM(1)
	.byte	0                               @ EOM(2)
	.byte	3                               @ Abbreviation Code
	.byte	40                              @ DW_TAG_enumerator
	.byte	0                               @ DW_CHILDREN_no
	.byte	3                               @ DW_AT_name
	.byte	14                              @ DW_FORM_strp
	.byte	28                              @ DW_AT_const_value
	.byte	15                              @ DW_FORM_udata
	.byte	0                               @ EOM(1)
	.byte	0                               @ EOM(2)
	.byte	4                               @ Abbreviation Code
	.byte	36                              @ DW_TAG_base_type
	.byte	0                               @ DW_CHILDREN_no
	.byte	3                               @ DW_AT_name
	.byte	14                              @ DW_FORM_strp
	.byte	62                              @ DW_AT_encoding
	.byte	11                              @ DW_FORM_data1
	.byte	11                              @ DW_AT_byte_size
	.byte	11                              @ DW_FORM_data1
	.byte	0                               @ EOM(1)
	.byte	0                               @ EOM(2)
	.byte	5                               @ Abbreviation Code
	.byte	40                              @ DW_TAG_enumerator
	.byte	0                               @ DW_CHILDREN_no
	.byte	3                               @ DW_AT_name
	.byte	14                              @ DW_FORM_strp
	.byte	28                              @ DW_AT_const_value
	.byte	13                              @ DW_FORM_sdata
	.byte	0                               @ EOM(1)
	.byte	0                               @ EOM(2)
	.byte	6                               @ Abbreviation Code
	.byte	22                              @ DW_TAG_typedef
	.byte	0                               @ DW_CHILDREN_no
	.byte	73                              @ DW_AT_type
	.byte	19                              @ DW_FORM_ref4
	.byte	3                               @ DW_AT_name
	.byte	14                              @ DW_FORM_strp
	.byte	58                              @ DW_AT_decl_file
	.byte	11                              @ DW_FORM_data1
	.byte	59                              @ DW_AT_decl_line
	.byte	11                              @ DW_FORM_data1
	.byte	0                               @ EOM(1)
	.byte	0                               @ EOM(2)
	.byte	7                               @ Abbreviation Code
	.byte	15                              @ DW_TAG_pointer_type
	.byte	0                               @ DW_CHILDREN_no
	.byte	73                              @ DW_AT_type
	.byte	19                              @ DW_FORM_ref4
	.byte	0                               @ EOM(1)
	.byte	0                               @ EOM(2)
	.byte	8                               @ Abbreviation Code
	.byte	22                              @ DW_TAG_typedef
	.byte	0                               @ DW_CHILDREN_no
	.byte	73                              @ DW_AT_type
	.byte	19                              @ DW_FORM_ref4
	.byte	3                               @ DW_AT_name
	.byte	14                              @ DW_FORM_strp
	.byte	58                              @ DW_AT_decl_file
	.byte	11                              @ DW_FORM_data1
	.byte	59                              @ DW_AT_decl_line
	.byte	5                               @ DW_FORM_data2
	.byte	0                               @ EOM(1)
	.byte	0                               @ EOM(2)
	.byte	9                               @ Abbreviation Code
	.byte	19                              @ DW_TAG_structure_type
	.byte	1                               @ DW_CHILDREN_yes
	.byte	3                               @ DW_AT_name
	.byte	14                              @ DW_FORM_strp
	.byte	11                              @ DW_AT_byte_size
	.byte	11                              @ DW_FORM_data1
	.byte	58                              @ DW_AT_decl_file
	.byte	11                              @ DW_FORM_data1
	.byte	59                              @ DW_AT_decl_line
	.byte	5                               @ DW_FORM_data2
	.byte	0                               @ EOM(1)
	.byte	0                               @ EOM(2)
	.byte	10                              @ Abbreviation Code
	.byte	13                              @ DW_TAG_member
	.byte	0                               @ DW_CHILDREN_no
	.byte	3                               @ DW_AT_name
	.byte	14                              @ DW_FORM_strp
	.byte	73                              @ DW_AT_type
	.byte	19                              @ DW_FORM_ref4
	.byte	58                              @ DW_AT_decl_file
	.byte	11                              @ DW_FORM_data1
	.byte	59                              @ DW_AT_decl_line
	.byte	5                               @ DW_FORM_data2
	.byte	56                              @ DW_AT_data_member_location
	.byte	11                              @ DW_FORM_data1
	.byte	0                               @ EOM(1)
	.byte	0                               @ EOM(2)
	.byte	11                              @ Abbreviation Code
	.byte	23                              @ DW_TAG_union_type
	.byte	1                               @ DW_CHILDREN_yes
	.byte	11                              @ DW_AT_byte_size
	.byte	11                              @ DW_FORM_data1
	.byte	58                              @ DW_AT_decl_file
	.byte	11                              @ DW_FORM_data1
	.byte	59                              @ DW_AT_decl_line
	.byte	5                               @ DW_FORM_data2
	.byte	0                               @ EOM(1)
	.byte	0                               @ EOM(2)
	.byte	12                              @ Abbreviation Code
	.byte	1                               @ DW_TAG_array_type
	.byte	1                               @ DW_CHILDREN_yes
	.byte	73                              @ DW_AT_type
	.byte	19                              @ DW_FORM_ref4
	.byte	0                               @ EOM(1)
	.byte	0                               @ EOM(2)
	.byte	13                              @ Abbreviation Code
	.byte	33                              @ DW_TAG_subrange_type
	.byte	0                               @ DW_CHILDREN_no
	.byte	73                              @ DW_AT_type
	.byte	19                              @ DW_FORM_ref4
	.byte	55                              @ DW_AT_count
	.byte	11                              @ DW_FORM_data1
	.byte	0                               @ EOM(1)
	.byte	0                               @ EOM(2)
	.byte	14                              @ Abbreviation Code
	.byte	15                              @ DW_TAG_pointer_type
	.byte	0                               @ DW_CHILDREN_no
	.byte	0                               @ EOM(1)
	.byte	0                               @ EOM(2)
	.byte	15                              @ Abbreviation Code
	.byte	36                              @ DW_TAG_base_type
	.byte	0                               @ DW_CHILDREN_no
	.byte	3                               @ DW_AT_name
	.byte	14                              @ DW_FORM_strp
	.byte	11                              @ DW_AT_byte_size
	.byte	11                              @ DW_FORM_data1
	.byte	62                              @ DW_AT_encoding
	.byte	11                              @ DW_FORM_data1
	.byte	0                               @ EOM(1)
	.byte	0                               @ EOM(2)
	.byte	16                              @ Abbreviation Code
	.byte	19                              @ DW_TAG_structure_type
	.byte	0                               @ DW_CHILDREN_no
	.byte	3                               @ DW_AT_name
	.byte	14                              @ DW_FORM_strp
	.byte	60                              @ DW_AT_declaration
	.byte	25                              @ DW_FORM_flag_present
	.byte	0                               @ EOM(1)
	.byte	0                               @ EOM(2)
	.byte	17                              @ Abbreviation Code
	.byte	46                              @ DW_TAG_subprogram
	.byte	1                               @ DW_CHILDREN_yes
	.byte	17                              @ DW_AT_low_pc
	.byte	1                               @ DW_FORM_addr
	.byte	18                              @ DW_AT_high_pc
	.byte	6                               @ DW_FORM_data4
	.byte	64                              @ DW_AT_frame_base
	.byte	24                              @ DW_FORM_exprloc
	.ascii	"\227B"                         @ DW_AT_GNU_all_call_sites
	.byte	25                              @ DW_FORM_flag_present
	.byte	3                               @ DW_AT_name
	.byte	14                              @ DW_FORM_strp
	.byte	58                              @ DW_AT_decl_file
	.byte	11                              @ DW_FORM_data1
	.byte	59                              @ DW_AT_decl_line
	.byte	11                              @ DW_FORM_data1
	.byte	39                              @ DW_AT_prototyped
	.byte	25                              @ DW_FORM_flag_present
	.byte	73                              @ DW_AT_type
	.byte	19                              @ DW_FORM_ref4
	.byte	63                              @ DW_AT_external
	.byte	25                              @ DW_FORM_flag_present
	.byte	0                               @ EOM(1)
	.byte	0                               @ EOM(2)
	.byte	18                              @ Abbreviation Code
	.byte	5                               @ DW_TAG_formal_parameter
	.byte	0                               @ DW_CHILDREN_no
	.byte	2                               @ DW_AT_location
	.byte	23                              @ DW_FORM_sec_offset
	.byte	3                               @ DW_AT_name
	.byte	14                              @ DW_FORM_strp
	.byte	58                              @ DW_AT_decl_file
	.byte	11                              @ DW_FORM_data1
	.byte	59                              @ DW_AT_decl_line
	.byte	11                              @ DW_FORM_data1
	.byte	73                              @ DW_AT_type
	.byte	19                              @ DW_FORM_ref4
	.byte	0                               @ EOM(1)
	.byte	0                               @ EOM(2)
	.byte	19                              @ Abbreviation Code
	.byte	52                              @ DW_TAG_variable
	.byte	0                               @ DW_CHILDREN_no
	.byte	2                               @ DW_AT_location
	.byte	23                              @ DW_FORM_sec_offset
	.byte	3                               @ DW_AT_name
	.byte	14                              @ DW_FORM_strp
	.byte	58                              @ DW_AT_decl_file
	.byte	11                              @ DW_FORM_data1
	.byte	59                              @ DW_AT_decl_line
	.byte	11                              @ DW_FORM_data1
	.byte	73                              @ DW_AT_type
	.byte	19                              @ DW_FORM_ref4
	.byte	0                               @ EOM(1)
	.byte	0                               @ EOM(2)
	.byte	20                              @ Abbreviation Code
	.byte	52                              @ DW_TAG_variable
	.byte	0                               @ DW_CHILDREN_no
	.byte	3                               @ DW_AT_name
	.byte	14                              @ DW_FORM_strp
	.byte	58                              @ DW_AT_decl_file
	.byte	11                              @ DW_FORM_data1
	.byte	59                              @ DW_AT_decl_line
	.byte	11                              @ DW_FORM_data1
	.byte	73                              @ DW_AT_type
	.byte	19                              @ DW_FORM_ref4
	.byte	0                               @ EOM(1)
	.byte	0                               @ EOM(2)
	.byte	21                              @ Abbreviation Code
	.byte	46                              @ DW_TAG_subprogram
	.byte	1                               @ DW_CHILDREN_yes
	.byte	17                              @ DW_AT_low_pc
	.byte	1                               @ DW_FORM_addr
	.byte	18                              @ DW_AT_high_pc
	.byte	6                               @ DW_FORM_data4
	.byte	64                              @ DW_AT_frame_base
	.byte	24                              @ DW_FORM_exprloc
	.ascii	"\227B"                         @ DW_AT_GNU_all_call_sites
	.byte	25                              @ DW_FORM_flag_present
	.byte	3                               @ DW_AT_name
	.byte	14                              @ DW_FORM_strp
	.byte	58                              @ DW_AT_decl_file
	.byte	11                              @ DW_FORM_data1
	.byte	59                              @ DW_AT_decl_line
	.byte	11                              @ DW_FORM_data1
	.byte	39                              @ DW_AT_prototyped
	.byte	25                              @ DW_FORM_flag_present
	.byte	63                              @ DW_AT_external
	.byte	25                              @ DW_FORM_flag_present
	.byte	0                               @ EOM(1)
	.byte	0                               @ EOM(2)
	.byte	22                              @ Abbreviation Code
	.byte	5                               @ DW_TAG_formal_parameter
	.byte	0                               @ DW_CHILDREN_no
	.byte	2                               @ DW_AT_location
	.byte	24                              @ DW_FORM_exprloc
	.byte	3                               @ DW_AT_name
	.byte	14                              @ DW_FORM_strp
	.byte	58                              @ DW_AT_decl_file
	.byte	11                              @ DW_FORM_data1
	.byte	59                              @ DW_AT_decl_line
	.byte	11                              @ DW_FORM_data1
	.byte	73                              @ DW_AT_type
	.byte	19                              @ DW_FORM_ref4
	.byte	0                               @ EOM(1)
	.byte	0                               @ EOM(2)
	.byte	23                              @ Abbreviation Code
	.byte	52                              @ DW_TAG_variable
	.byte	0                               @ DW_CHILDREN_no
	.byte	2                               @ DW_AT_location
	.byte	24                              @ DW_FORM_exprloc
	.byte	3                               @ DW_AT_name
	.byte	14                              @ DW_FORM_strp
	.byte	58                              @ DW_AT_decl_file
	.byte	11                              @ DW_FORM_data1
	.byte	59                              @ DW_AT_decl_line
	.byte	11                              @ DW_FORM_data1
	.byte	73                              @ DW_AT_type
	.byte	19                              @ DW_FORM_ref4
	.byte	0                               @ EOM(1)
	.byte	0                               @ EOM(2)
	.byte	24                              @ Abbreviation Code
	.byte	46                              @ DW_TAG_subprogram
	.byte	0                               @ DW_CHILDREN_no
	.byte	17                              @ DW_AT_low_pc
	.byte	1                               @ DW_FORM_addr
	.byte	18                              @ DW_AT_high_pc
	.byte	6                               @ DW_FORM_data4
	.byte	64                              @ DW_AT_frame_base
	.byte	24                              @ DW_FORM_exprloc
	.ascii	"\227B"                         @ DW_AT_GNU_all_call_sites
	.byte	25                              @ DW_FORM_flag_present
	.byte	3                               @ DW_AT_name
	.byte	14                              @ DW_FORM_strp
	.byte	58                              @ DW_AT_decl_file
	.byte	11                              @ DW_FORM_data1
	.byte	59                              @ DW_AT_decl_line
	.byte	5                               @ DW_FORM_data2
	.byte	39                              @ DW_AT_prototyped
	.byte	25                              @ DW_FORM_flag_present
	.byte	73                              @ DW_AT_type
	.byte	19                              @ DW_FORM_ref4
	.byte	63                              @ DW_AT_external
	.byte	25                              @ DW_FORM_flag_present
	.byte	0                               @ EOM(1)
	.byte	0                               @ EOM(2)
	.byte	25                              @ Abbreviation Code
	.byte	23                              @ DW_TAG_union_type
	.byte	1                               @ DW_CHILDREN_yes
	.byte	3                               @ DW_AT_name
	.byte	14                              @ DW_FORM_strp
	.byte	11                              @ DW_AT_byte_size
	.byte	11                              @ DW_FORM_data1
	.byte	58                              @ DW_AT_decl_file
	.byte	11                              @ DW_FORM_data1
	.byte	59                              @ DW_AT_decl_line
	.byte	11                              @ DW_FORM_data1
	.byte	0                               @ EOM(1)
	.byte	0                               @ EOM(2)
	.byte	26                              @ Abbreviation Code
	.byte	13                              @ DW_TAG_member
	.byte	0                               @ DW_CHILDREN_no
	.byte	3                               @ DW_AT_name
	.byte	14                              @ DW_FORM_strp
	.byte	73                              @ DW_AT_type
	.byte	19                              @ DW_FORM_ref4
	.byte	58                              @ DW_AT_decl_file
	.byte	11                              @ DW_FORM_data1
	.byte	59                              @ DW_AT_decl_line
	.byte	11                              @ DW_FORM_data1
	.byte	56                              @ DW_AT_data_member_location
	.byte	11                              @ DW_FORM_data1
	.byte	0                               @ EOM(1)
	.byte	0                               @ EOM(2)
	.byte	27                              @ Abbreviation Code
	.byte	19                              @ DW_TAG_structure_type
	.byte	1                               @ DW_CHILDREN_yes
	.byte	11                              @ DW_AT_byte_size
	.byte	11                              @ DW_FORM_data1
	.byte	58                              @ DW_AT_decl_file
	.byte	11                              @ DW_FORM_data1
	.byte	59                              @ DW_AT_decl_line
	.byte	11                              @ DW_FORM_data1
	.byte	0                               @ EOM(1)
	.byte	0                               @ EOM(2)
	.byte	28                              @ Abbreviation Code
	.byte	21                              @ DW_TAG_subroutine_type
	.byte	0                               @ DW_CHILDREN_no
	.byte	39                              @ DW_AT_prototyped
	.byte	25                              @ DW_FORM_flag_present
	.byte	0                               @ EOM(1)
	.byte	0                               @ EOM(2)
	.byte	0                               @ EOM(3)
	.section	.debug_info,"",%progbits
.Lcu_begin0:
	.long	.Ldebug_info_end0-.Ldebug_info_start0 @ Length of Unit
.Ldebug_info_start0:
	.short	4                               @ DWARF version number
	.long	.debug_abbrev                   @ Offset Into Abbrev. Section
	.byte	4                               @ Address Size (in bytes)
	.byte	1                               @ Abbrev [1] 0xb:0x504 DW_TAG_compile_unit
	.long	.Linfo_string0                  @ DW_AT_producer
	.short	12                              @ DW_AT_language
	.long	.Linfo_string1                  @ DW_AT_name
	.long	.Lline_table_start0             @ DW_AT_stmt_list
	.long	.Linfo_string2                  @ DW_AT_comp_dir
	.long	0                               @ DW_AT_low_pc
	.long	.Ldebug_ranges0                 @ DW_AT_ranges
	.byte	2                               @ Abbrev [2] 0x26:0x15 DW_TAG_enumeration_type
	.long	59                              @ DW_AT_type
	.byte	1                               @ DW_AT_byte_size
	.byte	1                               @ DW_AT_decl_file
	.byte	121                             @ DW_AT_decl_line
	.byte	3                               @ Abbrev [3] 0x2e:0x6 DW_TAG_enumerator
	.long	.Linfo_string4                  @ DW_AT_name
	.byte	0                               @ DW_AT_const_value
	.byte	3                               @ Abbrev [3] 0x34:0x6 DW_TAG_enumerator
	.long	.Linfo_string5                  @ DW_AT_name
	.byte	1                               @ DW_AT_const_value
	.byte	0                               @ End Of Children Mark
	.byte	4                               @ Abbrev [4] 0x3b:0x7 DW_TAG_base_type
	.long	.Linfo_string3                  @ DW_AT_name
	.byte	8                               @ DW_AT_encoding
	.byte	1                               @ DW_AT_byte_size
	.byte	2                               @ Abbrev [2] 0x42:0x15 DW_TAG_enumeration_type
	.long	87                              @ DW_AT_type
	.byte	1                               @ DW_AT_byte_size
	.byte	1                               @ DW_AT_decl_file
	.byte	102                             @ DW_AT_decl_line
	.byte	5                               @ Abbrev [5] 0x4a:0x6 DW_TAG_enumerator
	.long	.Linfo_string7                  @ DW_AT_name
	.byte	0                               @ DW_AT_const_value
	.byte	5                               @ Abbrev [5] 0x50:0x6 DW_TAG_enumerator
	.long	.Linfo_string8                  @ DW_AT_name
	.byte	127                             @ DW_AT_const_value
	.byte	0                               @ End Of Children Mark
	.byte	4                               @ Abbrev [4] 0x57:0x7 DW_TAG_base_type
	.long	.Linfo_string6                  @ DW_AT_name
	.byte	6                               @ DW_AT_encoding
	.byte	1                               @ DW_AT_byte_size
	.byte	6                               @ Abbrev [6] 0x5e:0xb DW_TAG_typedef
	.long	105                             @ DW_AT_type
	.long	.Linfo_string10                 @ DW_AT_name
	.byte	2                               @ DW_AT_decl_file
	.byte	57                              @ DW_AT_decl_line
	.byte	4                               @ Abbrev [4] 0x69:0x7 DW_TAG_base_type
	.long	.Linfo_string9                  @ DW_AT_name
	.byte	7                               @ DW_AT_encoding
	.byte	4                               @ DW_AT_byte_size
	.byte	7                               @ Abbrev [7] 0x70:0x5 DW_TAG_pointer_type
	.long	117                             @ DW_AT_type
	.byte	8                               @ Abbrev [8] 0x75:0xc DW_TAG_typedef
	.long	129                             @ DW_AT_type
	.long	.Linfo_string35                 @ DW_AT_name
	.byte	3                               @ DW_AT_decl_file
	.short	1268                            @ DW_AT_decl_line
	.byte	8                               @ Abbrev [8] 0x81:0xc DW_TAG_typedef
	.long	141                             @ DW_AT_type
	.long	.Linfo_string34                 @ DW_AT_name
	.byte	3                               @ DW_AT_decl_file
	.short	1267                            @ DW_AT_decl_line
	.byte	9                               @ Abbrev [9] 0x8d:0x92 DW_TAG_structure_type
	.long	.Linfo_string33                 @ DW_AT_name
	.byte	80                              @ DW_AT_byte_size
	.byte	3                               @ DW_AT_decl_file
	.short	1241                            @ DW_AT_decl_line
	.byte	10                              @ Abbrev [10] 0x96:0xd DW_TAG_member
	.long	.Linfo_string11                 @ DW_AT_name
	.long	287                             @ DW_AT_type
	.byte	3                               @ DW_AT_decl_file
	.short	1243                            @ DW_AT_decl_line
	.byte	0                               @ DW_AT_data_member_location
	.byte	10                              @ Abbrev [10] 0xa3:0xd DW_TAG_member
	.long	.Linfo_string13                 @ DW_AT_name
	.long	176                             @ DW_AT_type
	.byte	3                               @ DW_AT_decl_file
	.short	1249                            @ DW_AT_decl_line
	.byte	12                              @ DW_AT_data_member_location
	.byte	11                              @ Abbrev [11] 0xb0:0x20 DW_TAG_union_type
	.byte	4                               @ DW_AT_byte_size
	.byte	3                               @ DW_AT_decl_file
	.short	1245                            @ DW_AT_decl_line
	.byte	10                              @ Abbrev [10] 0xb5:0xd DW_TAG_member
	.long	.Linfo_string14                 @ DW_AT_name
	.long	299                             @ DW_AT_type
	.byte	3                               @ DW_AT_decl_file
	.short	1247                            @ DW_AT_decl_line
	.byte	0                               @ DW_AT_data_member_location
	.byte	10                              @ Abbrev [10] 0xc2:0xd DW_TAG_member
	.long	.Linfo_string15                 @ DW_AT_name
	.long	94                              @ DW_AT_type
	.byte	3                               @ DW_AT_decl_file
	.short	1248                            @ DW_AT_decl_line
	.byte	0                               @ DW_AT_data_member_location
	.byte	0                               @ End Of Children Mark
	.byte	10                              @ Abbrev [10] 0xd0:0xd DW_TAG_member
	.long	.Linfo_string16                 @ DW_AT_name
	.long	307                             @ DW_AT_type
	.byte	3                               @ DW_AT_decl_file
	.short	1251                            @ DW_AT_decl_line
	.byte	16                              @ DW_AT_data_member_location
	.byte	10                              @ Abbrev [10] 0xdd:0xd DW_TAG_member
	.long	.Linfo_string27                 @ DW_AT_name
	.long	469                             @ DW_AT_type
	.byte	3                               @ DW_AT_decl_file
	.short	1252                            @ DW_AT_decl_line
	.byte	56                              @ DW_AT_data_member_location
	.byte	10                              @ Abbrev [10] 0xea:0xd DW_TAG_member
	.long	.Linfo_string28                 @ DW_AT_name
	.long	481                             @ DW_AT_type
	.byte	3                               @ DW_AT_decl_file
	.short	1253                            @ DW_AT_decl_line
	.byte	68                              @ DW_AT_data_member_location
	.byte	10                              @ Abbrev [10] 0xf7:0xd DW_TAG_member
	.long	.Linfo_string30                 @ DW_AT_name
	.long	493                             @ DW_AT_type
	.byte	3                               @ DW_AT_decl_file
	.short	1256                            @ DW_AT_decl_line
	.byte	70                              @ DW_AT_data_member_location
	.byte	10                              @ Abbrev [10] 0x104:0xd DW_TAG_member
	.long	.Linfo_string31                 @ DW_AT_name
	.long	94                              @ DW_AT_type
	.byte	3                               @ DW_AT_decl_file
	.short	1264                            @ DW_AT_decl_line
	.byte	72                              @ DW_AT_data_member_location
	.byte	10                              @ Abbrev [10] 0x111:0xd DW_TAG_member
	.long	.Linfo_string32                 @ DW_AT_name
	.long	493                             @ DW_AT_type
	.byte	3                               @ DW_AT_decl_file
	.short	1265                            @ DW_AT_decl_line
	.byte	76                              @ DW_AT_data_member_location
	.byte	0                               @ End Of Children Mark
	.byte	12                              @ Abbrev [12] 0x11f:0xc DW_TAG_array_type
	.long	299                             @ DW_AT_type
	.byte	13                              @ Abbrev [13] 0x124:0x6 DW_TAG_subrange_type
	.long	300                             @ DW_AT_type
	.byte	3                               @ DW_AT_count
	.byte	0                               @ End Of Children Mark
	.byte	14                              @ Abbrev [14] 0x12b:0x1 DW_TAG_pointer_type
	.byte	15                              @ Abbrev [15] 0x12c:0x7 DW_TAG_base_type
	.long	.Linfo_string12                 @ DW_AT_name
	.byte	8                               @ DW_AT_byte_size
	.byte	7                               @ DW_AT_encoding
	.byte	12                              @ Abbrev [12] 0x133:0xc DW_TAG_array_type
	.long	319                             @ DW_AT_type
	.byte	13                              @ Abbrev [13] 0x138:0x6 DW_TAG_subrange_type
	.long	300                             @ DW_AT_type
	.byte	2                               @ DW_AT_count
	.byte	0                               @ End Of Children Mark
	.byte	8                               @ Abbrev [8] 0x13f:0xc DW_TAG_typedef
	.long	331                             @ DW_AT_type
	.long	.Linfo_string26                 @ DW_AT_name
	.byte	3                               @ DW_AT_decl_file
	.short	1162                            @ DW_AT_decl_line
	.byte	9                               @ Abbrev [9] 0x14b:0x31 DW_TAG_structure_type
	.long	.Linfo_string25                 @ DW_AT_name
	.byte	20                              @ DW_AT_byte_size
	.byte	3                               @ DW_AT_decl_file
	.short	1151                            @ DW_AT_decl_line
	.byte	10                              @ Abbrev [10] 0x154:0xd DW_TAG_member
	.long	.Linfo_string15                 @ DW_AT_name
	.long	94                              @ DW_AT_type
	.byte	3                               @ DW_AT_decl_file
	.short	1156                            @ DW_AT_decl_line
	.byte	0                               @ DW_AT_data_member_location
	.byte	10                              @ Abbrev [10] 0x161:0xd DW_TAG_member
	.long	.Linfo_string17                 @ DW_AT_name
	.long	299                             @ DW_AT_type
	.byte	3                               @ DW_AT_decl_file
	.short	1157                            @ DW_AT_decl_line
	.byte	4                               @ DW_AT_data_member_location
	.byte	10                              @ Abbrev [10] 0x16e:0xd DW_TAG_member
	.long	.Linfo_string18                 @ DW_AT_name
	.long	380                             @ DW_AT_type
	.byte	3                               @ DW_AT_decl_file
	.short	1158                            @ DW_AT_decl_line
	.byte	8                               @ DW_AT_data_member_location
	.byte	0                               @ End Of Children Mark
	.byte	8                               @ Abbrev [8] 0x17c:0xc DW_TAG_typedef
	.long	392                             @ DW_AT_type
	.long	.Linfo_string24                 @ DW_AT_name
	.byte	3                               @ DW_AT_decl_file
	.short	1148                            @ DW_AT_decl_line
	.byte	9                               @ Abbrev [9] 0x188:0x24 DW_TAG_structure_type
	.long	.Linfo_string23                 @ DW_AT_name
	.byte	12                              @ DW_AT_byte_size
	.byte	3                               @ DW_AT_decl_file
	.short	1140                            @ DW_AT_decl_line
	.byte	10                              @ Abbrev [10] 0x191:0xd DW_TAG_member
	.long	.Linfo_string19                 @ DW_AT_name
	.long	428                             @ DW_AT_type
	.byte	3                               @ DW_AT_decl_file
	.short	1145                            @ DW_AT_decl_line
	.byte	0                               @ DW_AT_data_member_location
	.byte	10                              @ Abbrev [10] 0x19e:0xd DW_TAG_member
	.long	.Linfo_string17                 @ DW_AT_name
	.long	457                             @ DW_AT_type
	.byte	3                               @ DW_AT_decl_file
	.short	1146                            @ DW_AT_decl_line
	.byte	4                               @ DW_AT_data_member_location
	.byte	0                               @ End Of Children Mark
	.byte	6                               @ Abbrev [6] 0x1ac:0xb DW_TAG_typedef
	.long	439                             @ DW_AT_type
	.long	.Linfo_string22                 @ DW_AT_name
	.byte	2                               @ DW_AT_decl_file
	.byte	63                              @ DW_AT_decl_line
	.byte	6                               @ Abbrev [6] 0x1b7:0xb DW_TAG_typedef
	.long	450                             @ DW_AT_type
	.long	.Linfo_string21                 @ DW_AT_name
	.byte	4                               @ DW_AT_decl_file
	.byte	64                              @ DW_AT_decl_line
	.byte	4                               @ Abbrev [4] 0x1c2:0x7 DW_TAG_base_type
	.long	.Linfo_string20                 @ DW_AT_name
	.byte	7                               @ DW_AT_encoding
	.byte	4                               @ DW_AT_byte_size
	.byte	12                              @ Abbrev [12] 0x1c9:0xc DW_TAG_array_type
	.long	299                             @ DW_AT_type
	.byte	13                              @ Abbrev [13] 0x1ce:0x6 DW_TAG_subrange_type
	.long	300                             @ DW_AT_type
	.byte	2                               @ DW_AT_count
	.byte	0                               @ End Of Children Mark
	.byte	12                              @ Abbrev [12] 0x1d5:0xc DW_TAG_array_type
	.long	94                              @ DW_AT_type
	.byte	13                              @ Abbrev [13] 0x1da:0x6 DW_TAG_subrange_type
	.long	300                             @ DW_AT_type
	.byte	3                               @ DW_AT_count
	.byte	0                               @ End Of Children Mark
	.byte	12                              @ Abbrev [12] 0x1e1:0xc DW_TAG_array_type
	.long	493                             @ DW_AT_type
	.byte	13                              @ Abbrev [13] 0x1e6:0x6 DW_TAG_subrange_type
	.long	300                             @ DW_AT_type
	.byte	2                               @ DW_AT_count
	.byte	0                               @ End Of Children Mark
	.byte	6                               @ Abbrev [6] 0x1ed:0xb DW_TAG_typedef
	.long	59                              @ DW_AT_type
	.long	.Linfo_string29                 @ DW_AT_name
	.byte	4                               @ DW_AT_decl_file
	.byte	62                              @ DW_AT_decl_line
	.byte	6                               @ Abbrev [6] 0x1f8:0xb DW_TAG_typedef
	.long	515                             @ DW_AT_type
	.long	.Linfo_string37                 @ DW_AT_name
	.byte	5                               @ DW_AT_decl_file
	.byte	49                              @ DW_AT_decl_line
	.byte	7                               @ Abbrev [7] 0x203:0x5 DW_TAG_pointer_type
	.long	520                             @ DW_AT_type
	.byte	16                              @ Abbrev [16] 0x208:0x5 DW_TAG_structure_type
	.long	.Linfo_string36                 @ DW_AT_name
                                        @ DW_AT_declaration
	.byte	6                               @ Abbrev [6] 0x20d:0xb DW_TAG_typedef
	.long	536                             @ DW_AT_type
	.long	.Linfo_string39                 @ DW_AT_name
	.byte	2                               @ DW_AT_decl_file
	.byte	56                              @ DW_AT_decl_line
	.byte	4                               @ Abbrev [4] 0x218:0x7 DW_TAG_base_type
	.long	.Linfo_string38                 @ DW_AT_name
	.byte	5                               @ DW_AT_encoding
	.byte	4                               @ DW_AT_byte_size
	.byte	6                               @ Abbrev [6] 0x21f:0xb DW_TAG_typedef
	.long	299                             @ DW_AT_type
	.long	.Linfo_string40                 @ DW_AT_name
	.byte	1                               @ DW_AT_decl_file
	.byte	116                             @ DW_AT_decl_line
	.byte	6                               @ Abbrev [6] 0x22a:0xb DW_TAG_typedef
	.long	504                             @ DW_AT_type
	.long	.Linfo_string41                 @ DW_AT_name
	.byte	6                               @ DW_AT_decl_file
	.byte	36                              @ DW_AT_decl_line
	.byte	6                               @ Abbrev [6] 0x235:0xb DW_TAG_typedef
	.long	576                             @ DW_AT_type
	.long	.Linfo_string43                 @ DW_AT_name
	.byte	4                               @ DW_AT_decl_file
	.byte	65                              @ DW_AT_decl_line
	.byte	4                               @ Abbrev [4] 0x240:0x7 DW_TAG_base_type
	.long	.Linfo_string42                 @ DW_AT_name
	.byte	7                               @ DW_AT_encoding
	.byte	8                               @ DW_AT_byte_size
	.byte	17                              @ Abbrev [17] 0x247:0x5d DW_TAG_subprogram
	.long	.Lfunc_begin0                   @ DW_AT_low_pc
	.long	.Lfunc_end0-.Lfunc_begin0       @ DW_AT_high_pc
	.byte	1                               @ DW_AT_frame_base
	.byte	93
                                        @ DW_AT_GNU_all_call_sites
	.long	.Linfo_string44                 @ DW_AT_name
	.byte	7                               @ DW_AT_decl_file
	.byte	55                              @ DW_AT_decl_line
                                        @ DW_AT_prototyped
	.long	543                             @ DW_AT_type
                                        @ DW_AT_external
	.byte	18                              @ Abbrev [18] 0x25c:0xf DW_TAG_formal_parameter
	.long	.Ldebug_loc0                    @ DW_AT_location
	.long	.Linfo_string56                 @ DW_AT_name
	.byte	7                               @ DW_AT_decl_file
	.byte	55                              @ DW_AT_decl_line
	.long	1171                            @ DW_AT_type
	.byte	18                              @ Abbrev [18] 0x26b:0xf DW_TAG_formal_parameter
	.long	.Ldebug_loc1                    @ DW_AT_location
	.long	.Linfo_string60                 @ DW_AT_name
	.byte	7                               @ DW_AT_decl_file
	.byte	56                              @ DW_AT_decl_line
	.long	450                             @ DW_AT_type
	.byte	18                              @ Abbrev [18] 0x27a:0xf DW_TAG_formal_parameter
	.long	.Ldebug_loc2                    @ DW_AT_location
	.long	.Linfo_string61                 @ DW_AT_name
	.byte	7                               @ DW_AT_decl_file
	.byte	56                              @ DW_AT_decl_line
	.long	1232                            @ DW_AT_type
	.byte	19                              @ Abbrev [19] 0x289:0xf DW_TAG_variable
	.long	.Ldebug_loc3                    @ DW_AT_location
	.long	.Linfo_string66                 @ DW_AT_name
	.byte	7                               @ DW_AT_decl_file
	.byte	58                              @ DW_AT_decl_line
	.long	554                             @ DW_AT_type
	.byte	20                              @ Abbrev [20] 0x298:0xb DW_TAG_variable
	.long	.Linfo_string67                 @ DW_AT_name
	.byte	7                               @ DW_AT_decl_file
	.byte	61                              @ DW_AT_decl_line
	.long	1237                            @ DW_AT_type
	.byte	0                               @ End Of Children Mark
	.byte	21                              @ Abbrev [21] 0x2a4:0x1f DW_TAG_subprogram
	.long	.Lfunc_begin1                   @ DW_AT_low_pc
	.long	.Lfunc_end1-.Lfunc_begin1       @ DW_AT_high_pc
	.byte	1                               @ DW_AT_frame_base
	.byte	93
                                        @ DW_AT_GNU_all_call_sites
	.long	.Linfo_string45                 @ DW_AT_name
	.byte	7                               @ DW_AT_decl_file
	.byte	192                             @ DW_AT_decl_line
                                        @ DW_AT_prototyped
                                        @ DW_AT_external
	.byte	22                              @ Abbrev [22] 0x2b5:0xd DW_TAG_formal_parameter
	.byte	1                               @ DW_AT_location
	.byte	80
	.long	.Linfo_string61                 @ DW_AT_name
	.byte	7                               @ DW_AT_decl_file
	.byte	192                             @ DW_AT_decl_line
	.long	1232                            @ DW_AT_type
	.byte	0                               @ End Of Children Mark
	.byte	17                              @ Abbrev [17] 0x2c3:0x43 DW_TAG_subprogram
	.long	.Lfunc_begin2                   @ DW_AT_low_pc
	.long	.Lfunc_end2-.Lfunc_begin2       @ DW_AT_high_pc
	.byte	1                               @ DW_AT_frame_base
	.byte	93
                                        @ DW_AT_GNU_all_call_sites
	.long	.Linfo_string46                 @ DW_AT_name
	.byte	7                               @ DW_AT_decl_file
	.byte	102                             @ DW_AT_decl_line
                                        @ DW_AT_prototyped
	.long	543                             @ DW_AT_type
                                        @ DW_AT_external
	.byte	18                              @ Abbrev [18] 0x2d8:0xf DW_TAG_formal_parameter
	.long	.Ldebug_loc4                    @ DW_AT_location
	.long	.Linfo_string56                 @ DW_AT_name
	.byte	7                               @ DW_AT_decl_file
	.byte	102                             @ DW_AT_decl_line
	.long	1171                            @ DW_AT_type
	.byte	18                              @ Abbrev [18] 0x2e7:0xf DW_TAG_formal_parameter
	.long	.Ldebug_loc5                    @ DW_AT_location
	.long	.Linfo_string60                 @ DW_AT_name
	.byte	7                               @ DW_AT_decl_file
	.byte	103                             @ DW_AT_decl_line
	.long	450                             @ DW_AT_type
	.byte	19                              @ Abbrev [19] 0x2f6:0xf DW_TAG_variable
	.long	.Ldebug_loc6                    @ DW_AT_location
	.long	.Linfo_string66                 @ DW_AT_name
	.byte	7                               @ DW_AT_decl_file
	.byte	105                             @ DW_AT_decl_line
	.long	554                             @ DW_AT_type
	.byte	0                               @ End Of Children Mark
	.byte	17                              @ Abbrev [17] 0x306:0x4e DW_TAG_subprogram
	.long	.Lfunc_begin3                   @ DW_AT_low_pc
	.long	.Lfunc_end3-.Lfunc_begin3       @ DW_AT_high_pc
	.byte	1                               @ DW_AT_frame_base
	.byte	93
                                        @ DW_AT_GNU_all_call_sites
	.long	.Linfo_string47                 @ DW_AT_name
	.byte	7                               @ DW_AT_decl_file
	.byte	121                             @ DW_AT_decl_line
                                        @ DW_AT_prototyped
	.long	543                             @ DW_AT_type
                                        @ DW_AT_external
	.byte	18                              @ Abbrev [18] 0x31b:0xf DW_TAG_formal_parameter
	.long	.Ldebug_loc7                    @ DW_AT_location
	.long	.Linfo_string60                 @ DW_AT_name
	.byte	7                               @ DW_AT_decl_file
	.byte	121                             @ DW_AT_decl_line
	.long	450                             @ DW_AT_type
	.byte	18                              @ Abbrev [18] 0x32a:0xf DW_TAG_formal_parameter
	.long	.Ldebug_loc8                    @ DW_AT_location
	.long	.Linfo_string61                 @ DW_AT_name
	.byte	7                               @ DW_AT_decl_file
	.byte	122                             @ DW_AT_decl_line
	.long	1232                            @ DW_AT_type
	.byte	19                              @ Abbrev [19] 0x339:0xf DW_TAG_variable
	.long	.Ldebug_loc9                    @ DW_AT_location
	.long	.Linfo_string66                 @ DW_AT_name
	.byte	7                               @ DW_AT_decl_file
	.byte	124                             @ DW_AT_decl_line
	.long	554                             @ DW_AT_type
	.byte	20                              @ Abbrev [20] 0x348:0xb DW_TAG_variable
	.long	.Linfo_string67                 @ DW_AT_name
	.byte	7                               @ DW_AT_decl_file
	.byte	125                             @ DW_AT_decl_line
	.long	1237                            @ DW_AT_type
	.byte	0                               @ End Of Children Mark
	.byte	17                              @ Abbrev [17] 0x354:0x34 DW_TAG_subprogram
	.long	.Lfunc_begin4                   @ DW_AT_low_pc
	.long	.Lfunc_end4-.Lfunc_begin4       @ DW_AT_high_pc
	.byte	1                               @ DW_AT_frame_base
	.byte	93
                                        @ DW_AT_GNU_all_call_sites
	.long	.Linfo_string48                 @ DW_AT_name
	.byte	7                               @ DW_AT_decl_file
	.byte	163                             @ DW_AT_decl_line
                                        @ DW_AT_prototyped
	.long	543                             @ DW_AT_type
                                        @ DW_AT_external
	.byte	18                              @ Abbrev [18] 0x369:0xf DW_TAG_formal_parameter
	.long	.Ldebug_loc10                   @ DW_AT_location
	.long	.Linfo_string60                 @ DW_AT_name
	.byte	7                               @ DW_AT_decl_file
	.byte	163                             @ DW_AT_decl_line
	.long	450                             @ DW_AT_type
	.byte	19                              @ Abbrev [19] 0x378:0xf DW_TAG_variable
	.long	.Ldebug_loc11                   @ DW_AT_location
	.long	.Linfo_string66                 @ DW_AT_name
	.byte	7                               @ DW_AT_decl_file
	.byte	165                             @ DW_AT_decl_line
	.long	554                             @ DW_AT_type
	.byte	0                               @ End Of Children Mark
	.byte	21                              @ Abbrev [21] 0x388:0x21 DW_TAG_subprogram
	.long	.Lfunc_begin5                   @ DW_AT_low_pc
	.long	.Lfunc_end5-.Lfunc_begin5       @ DW_AT_high_pc
	.byte	1                               @ DW_AT_frame_base
	.byte	93
                                        @ DW_AT_GNU_all_call_sites
	.long	.Linfo_string49                 @ DW_AT_name
	.byte	7                               @ DW_AT_decl_file
	.byte	178                             @ DW_AT_decl_line
                                        @ DW_AT_prototyped
                                        @ DW_AT_external
	.byte	18                              @ Abbrev [18] 0x399:0xf DW_TAG_formal_parameter
	.long	.Ldebug_loc12                   @ DW_AT_location
	.long	.Linfo_string56                 @ DW_AT_name
	.byte	7                               @ DW_AT_decl_file
	.byte	178                             @ DW_AT_decl_line
	.long	543                             @ DW_AT_type
	.byte	0                               @ End Of Children Mark
	.byte	21                              @ Abbrev [21] 0x3a9:0x1f DW_TAG_subprogram
	.long	.Lfunc_begin6                   @ DW_AT_low_pc
	.long	.Lfunc_end6-.Lfunc_begin6       @ DW_AT_high_pc
	.byte	1                               @ DW_AT_frame_base
	.byte	93
                                        @ DW_AT_GNU_all_call_sites
	.long	.Linfo_string50                 @ DW_AT_name
	.byte	7                               @ DW_AT_decl_file
	.byte	186                             @ DW_AT_decl_line
                                        @ DW_AT_prototyped
                                        @ DW_AT_external
	.byte	22                              @ Abbrev [22] 0x3ba:0xd DW_TAG_formal_parameter
	.byte	1                               @ DW_AT_location
	.byte	80
	.long	.Linfo_string68                 @ DW_AT_name
	.byte	7                               @ DW_AT_decl_file
	.byte	186                             @ DW_AT_decl_line
	.long	1171                            @ DW_AT_type
	.byte	0                               @ End Of Children Mark
	.byte	17                              @ Abbrev [17] 0x3c8:0x70 DW_TAG_subprogram
	.long	.Lfunc_begin7                   @ DW_AT_low_pc
	.long	.Lfunc_end7-.Lfunc_begin7       @ DW_AT_high_pc
	.byte	1                               @ DW_AT_frame_base
	.byte	93
                                        @ DW_AT_GNU_all_call_sites
	.long	.Linfo_string51                 @ DW_AT_name
	.byte	7                               @ DW_AT_decl_file
	.byte	201                             @ DW_AT_decl_line
                                        @ DW_AT_prototyped
	.long	1149                            @ DW_AT_type
                                        @ DW_AT_external
	.byte	18                              @ Abbrev [18] 0x3dd:0xf DW_TAG_formal_parameter
	.long	.Ldebug_loc13                   @ DW_AT_location
	.long	.Linfo_string56                 @ DW_AT_name
	.byte	7                               @ DW_AT_decl_file
	.byte	201                             @ DW_AT_decl_line
	.long	543                             @ DW_AT_type
	.byte	18                              @ Abbrev [18] 0x3ec:0xf DW_TAG_formal_parameter
	.long	.Ldebug_loc14                   @ DW_AT_location
	.long	.Linfo_string69                 @ DW_AT_name
	.byte	7                               @ DW_AT_decl_file
	.byte	201                             @ DW_AT_decl_line
	.long	439                             @ DW_AT_type
	.byte	19                              @ Abbrev [19] 0x3fb:0xf DW_TAG_variable
	.long	.Ldebug_loc15                   @ DW_AT_location
	.long	.Linfo_string70                 @ DW_AT_name
	.byte	7                               @ DW_AT_decl_file
	.byte	205                             @ DW_AT_decl_line
	.long	439                             @ DW_AT_type
	.byte	19                              @ Abbrev [19] 0x40a:0xf DW_TAG_variable
	.long	.Ldebug_loc16                   @ DW_AT_location
	.long	.Linfo_string71                 @ DW_AT_name
	.byte	7                               @ DW_AT_decl_file
	.byte	206                             @ DW_AT_decl_line
	.long	565                             @ DW_AT_type
	.byte	19                              @ Abbrev [19] 0x419:0xf DW_TAG_variable
	.long	.Ldebug_loc17                   @ DW_AT_location
	.long	.Linfo_string72                 @ DW_AT_name
	.byte	7                               @ DW_AT_decl_file
	.byte	204                             @ DW_AT_decl_line
	.long	428                             @ DW_AT_type
	.byte	19                              @ Abbrev [19] 0x428:0xf DW_TAG_variable
	.long	.Ldebug_loc18                   @ DW_AT_location
	.long	.Linfo_string73                 @ DW_AT_name
	.byte	7                               @ DW_AT_decl_file
	.byte	203                             @ DW_AT_decl_line
	.long	525                             @ DW_AT_type
	.byte	0                               @ End Of Children Mark
	.byte	21                              @ Abbrev [21] 0x438:0x2f DW_TAG_subprogram
	.long	.Lfunc_begin8                   @ DW_AT_low_pc
	.long	.Lfunc_end8-.Lfunc_begin8       @ DW_AT_high_pc
	.byte	1                               @ DW_AT_frame_base
	.byte	93
                                        @ DW_AT_GNU_all_call_sites
	.long	.Linfo_string53                 @ DW_AT_name
	.byte	7                               @ DW_AT_decl_file
	.byte	243                             @ DW_AT_decl_line
                                        @ DW_AT_prototyped
                                        @ DW_AT_external
	.byte	18                              @ Abbrev [18] 0x449:0xf DW_TAG_formal_parameter
	.long	.Ldebug_loc19                   @ DW_AT_location
	.long	.Linfo_string56                 @ DW_AT_name
	.byte	7                               @ DW_AT_decl_file
	.byte	243                             @ DW_AT_decl_line
	.long	543                             @ DW_AT_type
	.byte	23                              @ Abbrev [23] 0x458:0xe DW_TAG_variable
	.byte	2                               @ DW_AT_location
	.byte	145
	.byte	4
	.long	.Linfo_string74                 @ DW_AT_name
	.byte	7                               @ DW_AT_decl_file
	.byte	245                             @ DW_AT_decl_line
	.long	525                             @ DW_AT_type
	.byte	0                               @ End Of Children Mark
	.byte	24                              @ Abbrev [24] 0x467:0x16 DW_TAG_subprogram
	.long	.Lfunc_begin9                   @ DW_AT_low_pc
	.long	.Lfunc_end9-.Lfunc_begin9       @ DW_AT_high_pc
	.byte	1                               @ DW_AT_frame_base
	.byte	93
                                        @ DW_AT_GNU_all_call_sites
	.long	.Linfo_string54                 @ DW_AT_name
	.byte	7                               @ DW_AT_decl_file
	.short	261                             @ DW_AT_decl_line
                                        @ DW_AT_prototyped
	.long	1160                            @ DW_AT_type
                                        @ DW_AT_external
	.byte	6                               @ Abbrev [6] 0x47d:0xb DW_TAG_typedef
	.long	66                              @ DW_AT_type
	.long	.Linfo_string52                 @ DW_AT_name
	.byte	1                               @ DW_AT_decl_file
	.byte	107                             @ DW_AT_decl_line
	.byte	6                               @ Abbrev [6] 0x488:0xb DW_TAG_typedef
	.long	450                             @ DW_AT_type
	.long	.Linfo_string55                 @ DW_AT_name
	.byte	8                               @ DW_AT_decl_file
	.byte	53                              @ DW_AT_decl_line
	.byte	7                               @ Abbrev [7] 0x493:0x5 DW_TAG_pointer_type
	.long	1176                            @ DW_AT_type
	.byte	6                               @ Abbrev [6] 0x498:0xb DW_TAG_typedef
	.long	1187                            @ DW_AT_type
	.long	.Linfo_string59                 @ DW_AT_name
	.byte	1                               @ DW_AT_decl_file
	.byte	87                              @ DW_AT_decl_line
	.byte	25                              @ Abbrev [25] 0x4a3:0x21 DW_TAG_union_type
	.long	.Linfo_string59                 @ DW_AT_name
	.byte	80                              @ DW_AT_byte_size
	.byte	1                               @ DW_AT_decl_file
	.byte	84                              @ DW_AT_decl_line
	.byte	26                              @ Abbrev [26] 0x4ab:0xc DW_TAG_member
	.long	.Linfo_string57                 @ DW_AT_name
	.long	439                             @ DW_AT_type
	.byte	1                               @ DW_AT_decl_file
	.byte	85                              @ DW_AT_decl_line
	.byte	0                               @ DW_AT_data_member_location
	.byte	26                              @ Abbrev [26] 0x4b7:0xc DW_TAG_member
	.long	.Linfo_string58                 @ DW_AT_name
	.long	1220                            @ DW_AT_type
	.byte	1                               @ DW_AT_decl_file
	.byte	86                              @ DW_AT_decl_line
	.byte	0                               @ DW_AT_data_member_location
	.byte	0                               @ End Of Children Mark
	.byte	12                              @ Abbrev [12] 0x4c4:0xc DW_TAG_array_type
	.long	493                             @ DW_AT_type
	.byte	13                              @ Abbrev [13] 0x4c9:0x6 DW_TAG_subrange_type
	.long	300                             @ DW_AT_type
	.byte	80                              @ DW_AT_count
	.byte	0                               @ End Of Children Mark
	.byte	7                               @ Abbrev [7] 0x4d0:0x5 DW_TAG_pointer_type
	.long	1237                            @ DW_AT_type
	.byte	6                               @ Abbrev [6] 0x4d5:0xb DW_TAG_typedef
	.long	1248                            @ DW_AT_type
	.long	.Linfo_string65                 @ DW_AT_name
	.byte	1                               @ DW_AT_decl_file
	.byte	138                             @ DW_AT_decl_line
	.byte	27                              @ Abbrev [27] 0x4e0:0x1d DW_TAG_structure_type
	.byte	8                               @ DW_AT_byte_size
	.byte	1                               @ DW_AT_decl_file
	.byte	135                             @ DW_AT_decl_line
	.byte	26                              @ Abbrev [26] 0x4e4:0xc DW_TAG_member
	.long	.Linfo_string62                 @ DW_AT_name
	.long	1277                            @ DW_AT_type
	.byte	1                               @ DW_AT_decl_file
	.byte	136                             @ DW_AT_decl_line
	.byte	0                               @ DW_AT_data_member_location
	.byte	26                              @ Abbrev [26] 0x4f0:0xc DW_TAG_member
	.long	.Linfo_string64                 @ DW_AT_name
	.long	1288                            @ DW_AT_type
	.byte	1                               @ DW_AT_decl_file
	.byte	137                             @ DW_AT_decl_line
	.byte	4                               @ DW_AT_data_member_location
	.byte	0                               @ End Of Children Mark
	.byte	6                               @ Abbrev [6] 0x4fd:0xb DW_TAG_typedef
	.long	38                              @ DW_AT_type
	.long	.Linfo_string63                 @ DW_AT_name
	.byte	1                               @ DW_AT_decl_file
	.byte	124                             @ DW_AT_decl_line
	.byte	7                               @ Abbrev [7] 0x508:0x5 DW_TAG_pointer_type
	.long	1293                            @ DW_AT_type
	.byte	28                              @ Abbrev [28] 0x50d:0x1 DW_TAG_subroutine_type
                                        @ DW_AT_prototyped
	.byte	0                               @ End Of Children Mark
.Ldebug_info_end0:
	.section	.debug_ranges,"",%progbits
.Ldebug_ranges0:
	.long	.Lfunc_begin0
	.long	.Lfunc_end0
	.long	.Lfunc_begin1
	.long	.Lfunc_end1
	.long	.Lfunc_begin2
	.long	.Lfunc_end2
	.long	.Lfunc_begin3
	.long	.Lfunc_end3
	.long	.Lfunc_begin4
	.long	.Lfunc_end4
	.long	.Lfunc_begin5
	.long	.Lfunc_end5
	.long	.Lfunc_begin6
	.long	.Lfunc_end6
	.long	.Lfunc_begin7
	.long	.Lfunc_end7
	.long	.Lfunc_begin8
	.long	.Lfunc_end8
	.long	.Lfunc_begin9
	.long	.Lfunc_end9
	.long	0
	.long	0
	.section	.debug_str,"MS",%progbits,1
.Linfo_string0:
	.asciz	"Component: Arm Compiler for Embedded 6.21 Tool: armclang [5ec1fd00]" @ string offset=0
.Linfo_string1:
	.asciz	"../../../../../../kernel/freertos/dpl\\SemaphoreP_freertos.c" @ string offset=68
.Linfo_string2:
	.asciz	"D:\\TI_M0G3507\\mspm0_sdk_2_05_00_05\\kernel\\freertos\\builds\\LP_MSPM0G3507\\release\\keil" @ string offset=128
.Linfo_string3:
	.asciz	"unsigned char"                 @ string offset=213
.Linfo_string4:
	.asciz	"SemaphoreP_Mode_COUNTING"      @ string offset=227
.Linfo_string5:
	.asciz	"SemaphoreP_Mode_BINARY"        @ string offset=252
.Linfo_string6:
	.asciz	"signed char"                   @ string offset=275
.Linfo_string7:
	.asciz	"SemaphoreP_OK"                 @ string offset=287
.Linfo_string8:
	.asciz	"SemaphoreP_TIMEOUT"            @ string offset=301
.Linfo_string9:
	.asciz	"unsigned long"                 @ string offset=320
.Linfo_string10:
	.asciz	"UBaseType_t"                   @ string offset=334
.Linfo_string11:
	.asciz	"pvDummy1"                      @ string offset=346
.Linfo_string12:
	.asciz	"__ARRAY_SIZE_TYPE__"           @ string offset=355
.Linfo_string13:
	.asciz	"u"                             @ string offset=375
.Linfo_string14:
	.asciz	"pvDummy2"                      @ string offset=377
.Linfo_string15:
	.asciz	"uxDummy2"                      @ string offset=386
.Linfo_string16:
	.asciz	"xDummy3"                       @ string offset=395
.Linfo_string17:
	.asciz	"pvDummy3"                      @ string offset=403
.Linfo_string18:
	.asciz	"xDummy4"                       @ string offset=412
.Linfo_string19:
	.asciz	"xDummy2"                       @ string offset=420
.Linfo_string20:
	.asciz	"unsigned int"                  @ string offset=428
.Linfo_string21:
	.asciz	"uint32_t"                      @ string offset=441
.Linfo_string22:
	.asciz	"TickType_t"                    @ string offset=450
.Linfo_string23:
	.asciz	"xSTATIC_MINI_LIST_ITEM"        @ string offset=461
.Linfo_string24:
	.asciz	"StaticMiniListItem_t"          @ string offset=484
.Linfo_string25:
	.asciz	"xSTATIC_LIST"                  @ string offset=505
.Linfo_string26:
	.asciz	"StaticList_t"                  @ string offset=518
.Linfo_string27:
	.asciz	"uxDummy4"                      @ string offset=531
.Linfo_string28:
	.asciz	"ucDummy5"                      @ string offset=540
.Linfo_string29:
	.asciz	"uint8_t"                       @ string offset=549
.Linfo_string30:
	.asciz	"ucDummy6"                      @ string offset=557
.Linfo_string31:
	.asciz	"uxDummy8"                      @ string offset=566
.Linfo_string32:
	.asciz	"ucDummy9"                      @ string offset=575
.Linfo_string33:
	.asciz	"xSTATIC_QUEUE"                 @ string offset=584
.Linfo_string34:
	.asciz	"StaticQueue_t"                 @ string offset=598
.Linfo_string35:
	.asciz	"StaticSemaphore_t"             @ string offset=612
.Linfo_string36:
	.asciz	"QueueDefinition"               @ string offset=630
.Linfo_string37:
	.asciz	"QueueHandle_t"                 @ string offset=646
.Linfo_string38:
	.asciz	"long"                          @ string offset=660
.Linfo_string39:
	.asciz	"BaseType_t"                    @ string offset=665
.Linfo_string40:
	.asciz	"SemaphoreP_Handle"             @ string offset=676
.Linfo_string41:
	.asciz	"SemaphoreHandle_t"             @ string offset=694
.Linfo_string42:
	.asciz	"unsigned long long"            @ string offset=712
.Linfo_string43:
	.asciz	"uint64_t"                      @ string offset=731
.Linfo_string44:
	.asciz	"SemaphoreP_construct"          @ string offset=740
.Linfo_string45:
	.asciz	"SemaphoreP_Params_init"        @ string offset=761
.Linfo_string46:
	.asciz	"SemaphoreP_constructBinary"    @ string offset=784
.Linfo_string47:
	.asciz	"SemaphoreP_create"             @ string offset=811
.Linfo_string48:
	.asciz	"SemaphoreP_createBinary"       @ string offset=829
.Linfo_string49:
	.asciz	"SemaphoreP_delete"             @ string offset=853
.Linfo_string50:
	.asciz	"SemaphoreP_destruct"           @ string offset=871
.Linfo_string51:
	.asciz	"SemaphoreP_pend"               @ string offset=891
.Linfo_string52:
	.asciz	"SemaphoreP_Status"             @ string offset=907
.Linfo_string53:
	.asciz	"SemaphoreP_post"               @ string offset=925
.Linfo_string54:
	.asciz	"SemaphoreP_staticObjectSize"   @ string offset=941
.Linfo_string55:
	.asciz	"size_t"                        @ string offset=969
.Linfo_string56:
	.asciz	"handle"                        @ string offset=976
.Linfo_string57:
	.asciz	"dummy"                         @ string offset=983
.Linfo_string58:
	.asciz	"data"                          @ string offset=989
.Linfo_string59:
	.asciz	"SemaphoreP_Struct"             @ string offset=994
.Linfo_string60:
	.asciz	"count"                         @ string offset=1012
.Linfo_string61:
	.asciz	"params"                        @ string offset=1018
.Linfo_string62:
	.asciz	"mode"                          @ string offset=1025
.Linfo_string63:
	.asciz	"SemaphoreP_Mode"               @ string offset=1030
.Linfo_string64:
	.asciz	"callback"                      @ string offset=1046
.Linfo_string65:
	.asciz	"SemaphoreP_Params"             @ string offset=1055
.Linfo_string66:
	.asciz	"sem"                           @ string offset=1073
.Linfo_string67:
	.asciz	"semParams"                     @ string offset=1077
.Linfo_string68:
	.asciz	"semP"                          @ string offset=1087
.Linfo_string69:
	.asciz	"timeout"                       @ string offset=1092
.Linfo_string70:
	.asciz	"tickPeriod"                    @ string offset=1100
.Linfo_string71:
	.asciz	"timeUS"                        @ string offset=1111
.Linfo_string72:
	.asciz	"ticksFR"                       @ string offset=1118
.Linfo_string73:
	.asciz	"status"                        @ string offset=1126
.Linfo_string74:
	.asciz	"xHigherPriorityTaskWoken"      @ string offset=1133
	.ident	"Component: Arm Compiler for Embedded 6.21 Tool: armclang [5ec1fd00]"
	.section	".note.GNU-stack","",%progbits
	.eabi_attribute	30, 1	@ Tag_ABI_optimization_goals
	.ARM_attribute	16, 1	@ Tag_AV_eba
	.section	.debug_line,"",%progbits
.Lline_table_start0:
