Component: Arm Compiler for Embedded 6.21 Tool: armlink [5ec1fa00]

==============================================================================

Section Cross References

    empty.o(.text.main) refers to ti_msp_dl_config.o(.text.SYSCFG_DL_init) for SYSCFG_DL_init
    empty.o(.text.main) refers to uart0_debug.o(.text.debug_uart_init) for debug_uart_init
    empty.o(.text.main) refers to tasks.o(.text.xTaskCreateStatic) for xTaskCreateStatic
    empty.o(.text.main) refers to tasks.o(.text.vTaskStartScheduler) for vTaskStartScheduler
    empty.o(.text.main) refers to empty.o(.bss.led_task_tcb) for [Anonymous Symbol]
    empty.o(.text.main) refers to empty.o(.bss.led_task_stack) for [Anonymous Symbol]
    empty.o(.text.main) refers to empty.o(.text.vLedBlinkTask) for vLedBlinkTask
    empty.o(.text.main) refers to empty.o(.rodata.str1.1) for [Anonymous Symbol]
    empty.o(.text.main) refers to empty.o(.bss.print_task_tcb) for [Anonymous Symbol]
    empty.o(.text.main) refers to empty.o(.bss.print_task_stack) for [Anonymous Symbol]
    empty.o(.text.main) refers to empty.o(.text.vPrintTask) for vPrintTask
    empty.o(.ARM.exidx.text.main) refers to empty.o(.text.main) for [Anonymous Symbol]
    empty.o(.text.vLedBlinkTask) refers to board_led.o(.text.board_led_toggle) for board_led_toggle
    empty.o(.text.vLedBlinkTask) refers to tasks.o(.text.vTaskDelay) for vTaskDelay
    empty.o(.ARM.exidx.text.vLedBlinkTask) refers to empty.o(.text.vLedBlinkTask) for [Anonymous Symbol]
    empty.o(.text.vPrintTask) refers to printfa.o(i.__0printf) for printf
    empty.o(.text.vPrintTask) refers to tasks.o(.text.vTaskDelay) for vTaskDelay
    empty.o(.text.vPrintTask) refers to empty.o(.rodata.str1.1) for [Anonymous Symbol]
    empty.o(.ARM.exidx.text.vPrintTask) refers to empty.o(.text.vPrintTask) for [Anonymous Symbol]
    empty.o(.text.vApplicationGetIdleTaskMemory) refers to empty.o(.bss.vApplicationGetIdleTaskMemory.xIdleTaskTCB) for [Anonymous Symbol]
    empty.o(.text.vApplicationGetIdleTaskMemory) refers to empty.o(.bss.vApplicationGetIdleTaskMemory.uxIdleTaskStack) for [Anonymous Symbol]
    empty.o(.ARM.exidx.text.vApplicationGetIdleTaskMemory) refers to empty.o(.text.vApplicationGetIdleTaskMemory) for [Anonymous Symbol]
    empty.o(.text.vApplicationGetTimerTaskMemory) refers to empty.o(.bss.vApplicationGetTimerTaskMemory.xTimerTaskTCB) for [Anonymous Symbol]
    empty.o(.text.vApplicationGetTimerTaskMemory) refers to empty.o(.bss.vApplicationGetTimerTaskMemory.uxTimerTaskStack) for [Anonymous Symbol]
    empty.o(.ARM.exidx.text.vApplicationGetTimerTaskMemory) refers to empty.o(.text.vApplicationGetTimerTaskMemory) for [Anonymous Symbol]
    empty.o(.ARM.exidx.text.vApplicationStackOverflowHook) refers to empty.o(.text.vApplicationStackOverflowHook) for [Anonymous Symbol]
    ti_msp_dl_config.o(.text.SYSCFG_DL_init) refers to ti_msp_dl_config.o(.text.SYSCFG_DL_initPower) for SYSCFG_DL_initPower
    ti_msp_dl_config.o(.text.SYSCFG_DL_init) refers to ti_msp_dl_config.o(.text.SYSCFG_DL_GPIO_init) for SYSCFG_DL_GPIO_init
    ti_msp_dl_config.o(.text.SYSCFG_DL_init) refers to ti_msp_dl_config.o(.text.SYSCFG_DL_SYSCTL_init) for SYSCFG_DL_SYSCTL_init
    ti_msp_dl_config.o(.text.SYSCFG_DL_init) refers to ti_msp_dl_config.o(.text.SYSCFG_DL_TIM_delay_us_init) for SYSCFG_DL_TIM_delay_us_init
    ti_msp_dl_config.o(.text.SYSCFG_DL_init) refers to ti_msp_dl_config.o(.text.SYSCFG_DL_TIM_delay_ms_init) for SYSCFG_DL_TIM_delay_ms_init
    ti_msp_dl_config.o(.text.SYSCFG_DL_init) refers to ti_msp_dl_config.o(.text.SYSCFG_DL_UART_DEBUG_init) for SYSCFG_DL_UART_DEBUG_init
    ti_msp_dl_config.o(.text.SYSCFG_DL_init) refers to ti_msp_dl_config.o(.bss.gTIM_delay_usBackup) for gTIM_delay_usBackup
    ti_msp_dl_config.o(.text.SYSCFG_DL_init) refers to ti_msp_dl_config.o(.bss.gTIM_delay_msBackup) for gTIM_delay_msBackup
    ti_msp_dl_config.o(.ARM.exidx.text.SYSCFG_DL_init) refers to ti_msp_dl_config.o(.text.SYSCFG_DL_init) for [Anonymous Symbol]
    ti_msp_dl_config.o(.text.SYSCFG_DL_initPower) refers to ti_msp_dl_config.o(.text.DL_GPIO_reset) for DL_GPIO_reset
    ti_msp_dl_config.o(.text.SYSCFG_DL_initPower) refers to ti_msp_dl_config.o(.text.DL_Timer_reset) for DL_Timer_reset
    ti_msp_dl_config.o(.text.SYSCFG_DL_initPower) refers to ti_msp_dl_config.o(.text.DL_UART_reset) for DL_UART_reset
    ti_msp_dl_config.o(.text.SYSCFG_DL_initPower) refers to ti_msp_dl_config.o(.text.DL_GPIO_enablePower) for DL_GPIO_enablePower
    ti_msp_dl_config.o(.text.SYSCFG_DL_initPower) refers to ti_msp_dl_config.o(.text.DL_Timer_enablePower) for DL_Timer_enablePower
    ti_msp_dl_config.o(.text.SYSCFG_DL_initPower) refers to ti_msp_dl_config.o(.text.DL_UART_enablePower) for DL_UART_enablePower
    ti_msp_dl_config.o(.text.SYSCFG_DL_initPower) refers to dl_common.o(.text.DL_Common_delayCycles) for DL_Common_delayCycles
[...]
    DL_Timer_reset                           0x00000b11   Thumb Code    16  ti_msp_dl_config.o(.text.DL_Timer_reset)
    [Anonymous Symbol]                       0x00000b10   Section        0  ti_msp_dl_config.o(.text.DL_Timer_reset)
    __arm_cp.10_0                            0x00000b20   Number         4  ti_msp_dl_config.o(.text.DL_Timer_reset)
    __arm_cp.10_1                            0x00000b24   Number         4  ti_msp_dl_config.o(.text.DL_Timer_reset)
    [Anonymous Symbol]                       0x00000b28   Section        0  dl_timer.o(.text.DL_Timer_setClockConfig)
    __arm_cp.0_0                             0x00000b40   Number         4  dl_timer.o(.text.DL_Timer_setClockConfig)
    DL_UART_enable                           0x00000b45   Thumb Code    22  ti_msp_dl_config.o(.text.DL_UART_enable)
    [Anonymous Symbol]                       0x00000b44   Section        0  ti_msp_dl_config.o(.text.DL_UART_enable)
    DL_UART_enableInterrupt                  0x00000b5d   Thumb Code    24  ti_msp_dl_config.o(.text.DL_UART_enableInterrupt)
    [Anonymous Symbol]                       0x00000b5c   Section        0  ti_msp_dl_config.o(.text.DL_UART_enableInterrupt)
    __arm_cp.33_0                            0x00000b74   Number         4  ti_msp_dl_config.o(.text.DL_UART_enableInterrupt)
    DL_UART_enablePower                      0x00000b79   Thumb Code    20  ti_msp_dl_config.o(.text.DL_UART_enablePower)
    [Anonymous Symbol]                       0x00000b78   Section        0  ti_msp_dl_config.o(.text.DL_UART_enablePower)
    __arm_cp.14_0                            0x00000b8c   Number         4  ti_msp_dl_config.o(.text.DL_UART_enablePower)
    DL_UART_getPendingInterrupt              0x00000b91   Thumb Code    18  uart0_debug.o(.text.DL_UART_getPendingInterrupt)
    [Anonymous Symbol]                       0x00000b90   Section        0  uart0_debug.o(.text.DL_UART_getPendingInterrupt)
    [Anonymous Symbol]                       0x00000ba4   Section        0  dl_uart.o(.text.DL_UART_init)
    __arm_cp.0_0                             0x00000be4   Number         4  dl_uart.o(.text.DL_UART_init)
    __arm_cp.0_1                             0x00000be8   Number         4  dl_uart.o(.text.DL_UART_init)
    DL_UART_isBusy                           0x00000bed   Thumb Code    20  uart0_debug.o(.text.DL_UART_isBusy)
    [Anonymous Symbol]                       0x00000bec   Section        0  uart0_debug.o(.text.DL_UART_isBusy)
    __arm_cp.4_0                             0x00000c00   Number         4  uart0_debug.o(.text.DL_UART_isBusy)
    DL_UART_receiveData                      0x00000c05   Thumb Code    16  uart0_debug.o(.text.DL_UART_receiveData)
    [Anonymous Symbol]                       0x00000c04   Section        0  uart0_debug.o(.text.DL_UART_receiveData)
    __arm_cp.11_0                            0x00000c14   Number         4  uart0_debug.o(.text.DL_UART_receiveData)
    DL_UART_reset                            0x00000c19   Thumb Code    16  ti_msp_dl_config.o(.text.DL_UART_reset)
    [Anonymous Symbol]                       0x00000c18   Section        0  ti_msp_dl_config.o(.text.DL_UART_reset)
    __arm_cp.11_0                            0x00000c28   Number         4  ti_msp_dl_config.o(.text.DL_UART_reset)
    __arm_cp.11_1                            0x00000c2c   Number         4  ti_msp_dl_config.o(.text.DL_UART_reset)
    DL_UART_setBaudRateDivisor               0x00000c31   Thumb Code    60  ti_msp_dl_config.o(.text.DL_UART_setBaudRateDivisor)
    [Anonymous Symbol]                       0x00000c30   Section        0  ti_msp_dl_config.o(.text.DL_UART_setBaudRateDivisor)
    __arm_cp.32_0                            0x00000c6c   Number         4  ti_msp_dl_config.o(.text.DL_UART_setBaudRateDivisor)
    __arm_cp.32_1                            0x00000c70   Number         4  ti_msp_dl_config.o(.text.DL_UART_setBaudRateDivisor)
    __arm_cp.32_2                            0x00000c74   Number         4  ti_msp_dl_config.o(.text.DL_UART_setBaudRateDivisor)
    __arm_cp.32_3                            0x00000c78   Number         4  ti_msp_dl_config.o(.text.DL_UART_setBaudRateDivisor)
    [Anonymous Symbol]                       0x00000c7c   Section        0  dl_uart.o(.text.DL_UART_setClockConfig)
    DL_UART_setOversampling                  0x00000c8f   Thumb Code    30  ti_msp_dl_config.o(.text.DL_UART_setOversampling)
    [Anonymous Symbol]                       0x00000c8e   Section        0  ti_msp_dl_config.o(.text.DL_UART_setOversampling)
    DL_UART_transmitData                     0x00000cad   Thumb Code    22  uart0_debug.o(.text.DL_UART_transmitData)
    [Anonymous Symbol]                       0x00000cac   Section        0  uart0_debug.o(.text.DL_UART_transmitData)
    [Anonymous Symbol]                       0x00000cd0   Section        0  port.o(.text.PendSV_Handler)
    pxCurrentTCBConst                        0x00000d10   Number         0  port.o(.text.PendSV_Handler)
    [Anonymous Symbol]                       0x00000d14   Section        0  port.o(.text.SVC_Handler)
    [Anonymous Symbol]                       0x00000d18   Section        0  ti_msp_dl_config.o(.text.SYSCFG_DL_GPIO_init)
    [Anonymous Symbol]                       0x00000d84   Section        0  ti_msp_dl_config.o(.text.SYSCFG_DL_SYSCTL_init)
    __arm_cp.3_0                             0x00000dd0   Number         4  ti_msp_dl_config.o(.text.SYSCFG_DL_SYSCTL_init)
    [Anonymous Symbol]                       0x00000dd4   Section        0  ti_msp_dl_config.o(.text.SYSCFG_DL_TIM_delay_ms_init)
    __arm_cp.5_0                             0x00000df4   Number         4  ti_msp_dl_config.o(.text.SYSCFG_DL_TIM_delay_ms_init)
    __arm_cp.5_2                             0x00000df8   Number         4  ti_msp_dl_config.o(.text.SYSCFG_DL_TIM_delay_ms_init)
    [Anonymous Symbol]                       0x00000dfc   Section        0  ti_msp_dl_config.o(.text.SYSCFG_DL_TIM_delay_us_init)
    __arm_cp.4_0                             0x00000e1c   Number         4  ti_msp_dl_config.o(.text.SYSCFG_DL_TIM_delay_us_init)
    __arm_cp.4_2                             0x00000e20   Number         4  ti_msp_dl_config.o(.text.SYSCFG_DL_TIM_delay_us_init)
    [Anonymous Symbol]                       0x00000e24   Section        0  ti_msp_dl_config.o(.text.SYSCFG_DL_UART_DEBUG_init)
    __arm_cp.6_0                             0x00000e68   Number         4  ti_msp_dl_config.o(.text.SYSCFG_DL_UART_DEBUG_init)
    __arm_cp.6_2                             0x00000e6c   Number         4  ti_msp_dl_config.o(.text.SYSCFG_DL_UART_DEBUG_init)
    [Anonymous Symbol]                       0x00000e70   Section        0  ti_msp_dl_config.o(.text.SYSCFG_DL_init)
    __arm_cp.0_0                             0x00000e98   Number         4  ti_msp_dl_config.o(.text.SYSCFG_DL_init)
    __arm_cp.0_1                             0x00000e9c   Number         4  ti_msp_dl_config.o(.text.SYSCFG_DL_init)
    [Anonymous Symbol]                       0x00000ea0   Section        0  ti_msp_dl_config.o(.text.SYSCFG_DL_initPower)
    __arm_cp.1_0                             0x00000ef4   Number         4  ti_msp_dl_config.o(.text.SYSCFG_DL_initPower)
    __arm_cp.1_2                             0x00000ef8   Number         4  ti_msp_dl_config.o(.text.SYSCFG_DL_initPower)
    __arm_cp.1_3                             0x00000efc   Number         4  ti_msp_dl_config.o(.text.SYSCFG_DL_initPower)
    [Anonymous Symbol]                       0x00000f00   Section        0  port.o(.text.SysTick_Handler)
    __arm_cp.13_0                            0x00000f28   Number         4  port.o(.text.SysTick_Handler)
    [Anonymous Symbol]                       0x00000f2c   Section        0  uart0_debug.o(.text.UART0_IRQHandler)
    __NVIC_ClearPendingIRQ                   0x00000f55   Thumb Code    40  uart0_debug.o(.text.__NVIC_ClearPendingIRQ)
    [Anonymous Symbol]                       0x00000f54   Section        0  uart0_debug.o(.text.__NVIC_ClearPendingIRQ)
    __arm_cp.1_0                             0x00000f7c   Number         4  uart0_debug.o(.text.__NVIC_ClearPendingIRQ)
    __NVIC_EnableIRQ                         0x00000f81   Thumb Code    40  uart0_debug.o(.text.__NVIC_EnableIRQ)
    [Anonymous Symbol]                       0x00000f80   Section        0  uart0_debug.o(.text.__NVIC_EnableIRQ)
    __arm_cp.2_0                             0x00000fa8   Number         4  uart0_debug.o(.text.__NVIC_EnableIRQ)
    __NVIC_SetPriority                       0x00000fad   Thumb Code   124  ti_msp_dl_config.o(.text.__NVIC_SetPriority)
    [Anonymous Symbol]                       0x00000fac   Section        0  ti_msp_dl_config.o(.text.__NVIC_SetPriority)
    __arm_cp.34_0                            0x00001028   Number         4  ti_msp_dl_config.o(.text.__NVIC_SetPriority)
    __arm_cp.34_1                            0x0000102c   Number         4  ti_msp_dl_config.o(.text.__NVIC_SetPriority)
    [Anonymous Symbol]                       0x00001030   Section        0  board_led.o(.text.board_led_toggle)
    __arm_cp.4_0                             0x00001058   Number         4  board_led.o(.text.board_led_toggle)
    __arm_cp.4_1                             0x0000105c   Number         4  board_led.o(.text.board_led_toggle)
    [Anonymous Symbol]                       0x00001060   Section        0  uart0_debug.o(.text.debug_uart_init)
    debug_uart_receive_limit_length          0x00001079   Thumb Code    40  uart0_debug.o(.text.debug_uart_receive_limit_length)
    [Anonymous Symbol]                       0x00001078   Section        0  uart0_debug.o(.text.debug_uart_receive_limit_length)
    __arm_cp.12_0                            0x000010a0   Number         4  uart0_debug.o(.text.debug_uart_receive_limit_length)
    [Anonymous Symbol]                       0x000010a4   Section        0  uart0_debug.o(.text.fputc)
    __arm_cp.13_0                            0x000010cc   Number         4  uart0_debug.o(.text.fputc)
    [Anonymous Symbol]                       0x000010d0   Section        0  empty.o(.text.main)
    __arm_cp.0_0                             0x0000111c   Number         4  empty.o(.text.main)
    __arm_cp.0_1                             0x00001120   Number         4  empty.o(.text.main)
    __arm_cp.0_2                             0x00001124   Number         4  empty.o(.text.main)
    __arm_cp.0_3                             0x00001128   Number         4  empty.o(.text.main)
    __arm_cp.0_4                             0x0000112c   Number         4  empty.o(.text.main)
    __arm_cp.0_5                             0x00001130   Number         4  empty.o(.text.main)
    __arm_cp.0_6                             0x00001134   Number         4  empty.o(.text.main)
    __arm_cp.0_7                             0x00001138   Number         4  empty.o(.text.main)
    prvAddCurrentTaskToDelayedList           0x0000113d   Thumb Code   152  tasks.o(.text.prvAddCurrentTaskToDelayedList)
    [Anonymous Symbol]                       0x0000113c   Section        0  tasks.o(.text.prvAddCurrentTaskToDelayedList)
    __arm_cp.9_0                             0x000011d4   Number         4  tasks.o(.text.prvAddCurrentTaskToDelayedList)
    __arm_cp.9_2                             0x000011d8   Number         4  tasks.o(.text.prvAddCurrentTaskToDelayedList)
    __arm_cp.9_3                             0x000011dc   Number         4  tasks.o(.text.prvAddCurrentTaskToDelayedList)
    __arm_cp.9_4                             0x000011e0   Number         4  tasks.o(.text.prvAddCurrentTaskToDelayedList)
    __arm_cp.9_5                             0x000011e4   Number         4  tasks.o(.text.prvAddCurrentTaskToDelayedList)
    prvAddNewTaskToReadyList                 0x000011e9   Thumb Code   200  tasks.o(.text.prvAddNewTaskToReadyList)
    [Anonymous Symbol]                       0x000011e8   Section        0  tasks.o(.text.prvAddNewTaskToReadyList)
    __arm_cp.2_1                             0x000012b0   Number         4  tasks.o(.text.prvAddNewTaskToReadyList)
    __arm_cp.2_2                             0x000012b4   Number         4  tasks.o(.text.prvAddNewTaskToReadyList)
    __arm_cp.2_3                             0x000012b8   Number         4  tasks.o(.text.prvAddNewTaskToReadyList)
    __arm_cp.2_4                             0x000012bc   Number         4  tasks.o(.text.prvAddNewTaskToReadyList)
    __arm_cp.2_5                             0x000012c0   Number         4  tasks.o(.text.prvAddNewTaskToReadyList)
    prvCheckForValidListAndQueue             0x000012c5   Thumb Code    80  timers.o(.text.prvCheckForValidListAndQueue)
    [Anonymous Symbol]                       0x000012c4   Section        0  timers.o(.text.prvCheckForValidListAndQueue)
    __arm_cp.1_0                             0x00001314   Number         4  timers.o(.text.prvCheckForValidListAndQueue)
    __arm_cp.1_1                             0x00001318   Number         4  timers.o(.text.prvCheckForValidListAndQueue)
    __arm_cp.1_2                             0x0000131c   Number         4  timers.o(.text.prvCheckForValidListAndQueue)
    __arm_cp.1_4                             0x00001320   Number         4  timers.o(.text.prvCheckForValidListAndQueue)
    __arm_cp.1_5                             0x00001324   Number         4  timers.o(.text.prvCheckForValidListAndQueue)
    __arm_cp.1_6                             0x00001328   Number         4  timers.o(.text.prvCheckForValidListAndQueue)
    prvCheckTasksWaitingTermination          0x0000132d   Thumb Code    68  tasks.o(.text.prvCheckTasksWaitingTermination)
    [Anonymous Symbol]                       0x0000132c   Section        0  tasks.o(.text.prvCheckTasksWaitingTermination)
    __arm_cp.61_0                            0x00001370   Number         4  tasks.o(.text.prvCheckTasksWaitingTermination)
    __arm_cp.61_2                            0x00001374   Number         4  tasks.o(.text.prvCheckTasksWaitingTermination)
    prvCopyDataFromQueue                     0x00001379   Thumb Code    68  queue.o(.text.prvCopyDataFromQueue)
    [Anonymous Symbol]                       0x00001378   Section        0  queue.o(.text.prvCopyDataFromQueue)
    prvCopyDataToQueue                       0x000013bd   Thumb Code   212  queue.o(.text.prvCopyDataToQueue)
    [Anonymous Symbol]                       0x000013bc   Section        0  queue.o(.text.prvCopyDataToQueue)
    prvDeleteTCB                             0x00001491   Thumb Code    80  tasks.o(.text.prvDeleteTCB)
    [Anonymous Symbol]                       0x00001490   Section        0  tasks.o(.text.prvDeleteTCB)
    prvGetNextExpireTime                     0x000014e1   Thumb Code    52  timers.o(.text.prvGetNextExpireTime)
    [Anonymous Symbol]                       0x000014e0   Section        0  timers.o(.text.prvGetNextExpireTime)
    __arm_cp.18_0                            0x00001514   Number         4  timers.o(.text.prvGetNextExpireTime)
    prvIdleTask                              0x00001519   Thumb Code    14  tasks.o(.text.prvIdleTask)
    [Anonymous Symbol]                       0x00001518   Section        0  tasks.o(.text.prvIdleTask)
    prvInitialiseNewQueue                    0x00001527   Thumb Code    70  queue.o(.text.prvInitialiseNewQueue)
    [Anonymous Symbol]                       0x00001526   Section        0  queue.o(.text.prvInitialiseNewQueue)
    prvInitialiseNewTask                     0x0000156d   Thumb Code   280  tasks.o(.text.prvInitialiseNewTask)
    [Anonymous Symbol]                       0x0000156c   Section        0  tasks.o(.text.prvInitialiseNewTask)
    prvInitialiseTaskLists                   0x00001685   Thumb Code    92  tasks.o(.text.prvInitialiseTaskLists)
    [Anonymous Symbol]                       0x00001684   Section        0  tasks.o(.text.prvInitialiseTaskLists)
    __arm_cp.60_0                            0x000016e0   Number         4  tasks.o(.text.prvInitialiseTaskLists)
    __arm_cp.60_1                            0x000016e4   Number         4  tasks.o(.text.prvInitialiseTaskLists)
    __arm_cp.60_2                            0x000016e8   Number         4  tasks.o(.text.prvInitialiseTaskLists)
    __arm_cp.60_3                            0x000016ec   Number         4  tasks.o(.text.prvInitialiseTaskLists)
    __arm_cp.60_4                            0x000016f0   Number         4  tasks.o(.text.prvInitialiseTaskLists)
    __arm_cp.60_5                            0x000016f4   Number         4  tasks.o(.text.prvInitialiseTaskLists)
    __arm_cp.60_6                            0x000016f8   Number         4  tasks.o(.text.prvInitialiseTaskLists)
    __arm_cp.60_7                            0x000016fc   Number         4  tasks.o(.text.prvInitialiseTaskLists)
    prvInsertBlockIntoFreeList               0x00001701   Thumb Code   180  heap_4.o(.text.prvInsertBlockIntoFreeList)
    [Anonymous Symbol]                       0x00001700   Section        0  heap_4.o(.text.prvInsertBlockIntoFreeList)
    __arm_cp.2_0                             0x000017b4   Number         4  heap_4.o(.text.prvInsertBlockIntoFreeList)
    __arm_cp.2_1                             0x000017b8   Number         4  heap_4.o(.text.prvInsertBlockIntoFreeList)
    prvInsertTimerInActiveList               0x000017bd   Thumb Code   124  timers.o(.text.prvInsertTimerInActiveList)
    [Anonymous Symbol]                       0x000017bc   Section        0  timers.o(.text.prvInsertTimerInActiveList)
    __arm_cp.24_0                            0x00001838   Number         4  timers.o(.text.prvInsertTimerInActiveList)
    prvIsQueueEmpty                          0x0000183d   Thumb Code    42  queue.o(.text.prvIsQueueEmpty)
    [Anonymous Symbol]                       0x0000183c   Section        0  queue.o(.text.prvIsQueueEmpty)
    prvIsQueueFull                           0x00001867   Thumb Code    46  queue.o(.text.prvIsQueueFull)
    [Anonymous Symbol]                       0x00001866   Section        0  queue.o(.text.prvIsQueueFull)
    prvProcessExpiredTimer                   0x00001895   Thumb Code   120  timers.o(.text.prvProcessExpiredTimer)
    [Anonymous Symbol]                       0x00001894   Section        0  timers.o(.text.prvProcessExpiredTimer)
    prvProcessReceivedCommands               0x0000190d   Thumb Code   336  timers.o(.text.prvProcessReceivedCommands)
    [Anonymous Symbol]                       0x0000190c   Section        0  timers.o(.text.prvProcessReceivedCommands)
    prvProcessTimerOrBlockTask               0x00001a5d   Thumb Code   132  timers.o(.text.prvProcessTimerOrBlockTask)
    [Anonymous Symbol]                       0x00001a5c   Section        0  timers.o(.text.prvProcessTimerOrBlockTask)
    __arm_cp.19_0                            0x00001ae0   Number         4  timers.o(.text.prvProcessTimerOrBlockTask)
    __arm_cp.19_1                            0x00001ae4   Number         4  timers.o(.text.prvProcessTimerOrBlockTask)
    prvResetNextTaskUnblockTime              0x00001ae9   Thumb Code    40  tasks.o(.text.prvResetNextTaskUnblockTime)
    [Anonymous Symbol]                       0x00001ae8   Section        0  tasks.o(.text.prvResetNextTaskUnblockTime)
    __arm_cp.6_0                             0x00001b10   Number         4  tasks.o(.text.prvResetNextTaskUnblockTime)
    __arm_cp.6_1                             0x00001b14   Number         4  tasks.o(.text.prvResetNextTaskUnblockTime)
    prvSampleTimeNow                         0x00001b19   Thumb Code    56  timers.o(.text.prvSampleTimeNow)
    [Anonymous Symbol]                       0x00001b18   Section        0  timers.o(.text.prvSampleTimeNow)
    __arm_cp.21_0                            0x00001b50   Number         4  timers.o(.text.prvSampleTimeNow)
    prvSwitchTimerLists                      0x00001b55   Thumb Code   168  timers.o(.text.prvSwitchTimerLists)
    [Anonymous Symbol]                       0x00001b54   Section        0  timers.o(.text.prvSwitchTimerLists)
    __arm_cp.23_0                            0x00001bfc   Number         4  timers.o(.text.prvSwitchTimerLists)
    __arm_cp.23_1                            0x00001c00   Number         4  timers.o(.text.prvSwitchTimerLists)
    prvTaskExitError                         0x00001c05   Thumb Code    44  port.o(.text.prvTaskExitError)
    [Anonymous Symbol]                       0x00001c04   Section        0  port.o(.text.prvTaskExitError)
    prvTimerTask                             0x00001c31   Thumb Code    30  timers.o(.text.prvTimerTask)
    [Anonymous Symbol]                       0x00001c30   Section        0  timers.o(.text.prvTimerTask)
    prvUnlockQueue                           0x00001c4f   Thumb Code   182  queue.o(.text.prvUnlockQueue)
    [Anonymous Symbol]                       0x00001c4e   Section        0  queue.o(.text.prvUnlockQueue)
    [Anonymous Symbol]                       0x00001d04   Section        0  port.o(.text.pxPortInitialiseStack)
    __arm_cp.0_0                             0x00001d4c   Number         4  port.o(.text.pxPortInitialiseStack)
    [Anonymous Symbol]                       0x00001d50   Section        0  port.o(.text.ulSetInterruptMaskFromISR)
    [Anonymous Symbol]                       0x00001d58   Section        0  list.o(.text.uxListRemove)
    [Anonymous Symbol]                       0x00001da0   Section        0  empty.o(.text.vApplicationGetIdleTaskMemory)
    __arm_cp.3_0                             0x00001dc0   Number         4  empty.o(.text.vApplicationGetIdleTaskMemory)
    __arm_cp.3_1                             0x00001dc4   Number         4  empty.o(.text.vApplicationGetIdleTaskMemory)
    [Anonymous Symbol]                       0x00001dc8   Section        0  empty.o(.text.vApplicationGetTimerTaskMemory)
    __arm_cp.4_0                             0x00001de8   Number         4  empty.o(.text.vApplicationGetTimerTaskMemory)
    __arm_cp.4_1                             0x00001dec   Number         4  empty.o(.text.vApplicationGetTimerTaskMemory)
    [Anonymous Symbol]                       0x00001df0   Section        0  empty.o(.text.vApplicationStackOverflowHook)
    [Anonymous Symbol]                       0x00001dfa   Section        0  port.o(.text.vClearInterruptMaskFromISR)
    vLedBlinkTask                            0x00001e01   Thumb Code    22  empty.o(.text.vLedBlinkTask)
    [Anonymous Symbol]                       0x00001e00   Section        0  empty.o(.text.vLedBlinkTask)
    [Anonymous Symbol]                       0x00001e16   Section        0  list.o(.text.vListInitialise)
    [Anonymous Symbol]                       0x00001e42   Section        0  list.o(.text.vListInitialiseItem)
    [Anonymous Symbol]                       0x00001e50   Section        0  list.o(.text.vListInsert)
    [Anonymous Symbol]                       0x00001ebc   Section        0  list.o(.text.vListInsertEnd)
    [Anonymous Symbol]                       0x00001ef8   Section        0  port.o(.text.vPortEnterCritical)
    [Anonymous Symbol]                       0x00001f0c   Section        0  port.o(.text.vPortExitCritical)
    __arm_cp.9_0                             0x00001f34   Number         4  port.o(.text.vPortExitCritical)
    [Anonymous Symbol]                       0x00001f38   Section        0  heap_4.o(.text.vPortFree)
    __arm_cp.3_0                             0x00001fcc   Number         4  heap_4.o(.text.vPortFree)
    __arm_cp.3_1                             0x00001fd0   Number         4  heap_4.o(.text.vPortFree)
    __arm_cp.3_2                             0x00001fd4   Number         4  heap_4.o(.text.vPortFree)
    [Anonymous Symbol]                       0x00001fd8   Section        0  port.o(.text.vPortSetupTimerInterrupt)
    __arm_cp.4_0                             0x00001ff0   Number         4  port.o(.text.vPortSetupTimerInterrupt)
    __arm_cp.4_1                             0x00001ff4   Number         4  port.o(.text.vPortSetupTimerInterrupt)
    __arm_cp.4_2                             0x00001ff8   Number         4  port.o(.text.vPortSetupTimerInterrupt)
    __arm_cp.4_3                             0x00001ffc   Number         4  port.o(.text.vPortSetupTimerInterrupt)
    vPortStartFirstTask                      0x00002001   Thumb Code    52  port.o(.text.vPortStartFirstTask)
    [Anonymous Symbol]                       0x00002000   Section        0  port.o(.text.vPortStartFirstTask)
    pxCurrentTCBConst2                       0x00002030   Number         0  port.o(.text.vPortStartFirstTask)
    [Anonymous Symbol]                       0x00002034   Section        0  port.o(.text.vPortYield)
    __arm_cp.7_0                             0x00002048   Number         4  port.o(.text.vPortYield)
    vPrintTask                               0x0000204d   Thumb Code    24  empty.o(.text.vPrintTask)
    [Anonymous Symbol]                       0x0000204c   Section        0  empty.o(.text.vPrintTask)
    __arm_cp.2_0                             0x00002064   Number         4  empty.o(.text.vPrintTask)
    [Anonymous Symbol]                       0x00002068   Section        0  queue.o(.text.vQueueWaitForMessageRestricted)
    [Anonymous Symbol]                       0x000020d4   Section        0  tasks.o(.text.vTaskDelay)
    [Anonymous Symbol]                       0x00002120   Section        0  tasks.o(.text.vTaskInternalSetTimeOutState)
    __arm_cp.37_0                            0x00002138   Number         4  tasks.o(.text.vTaskInternalSetTimeOutState)
    [Anonymous Symbol]                       0x0000213c   Section        0  tasks.o(.text.vTaskMissedYield)
    [Anonymous Symbol]                       0x00002144   Section        0  tasks.o(.text.vTaskPlaceOnEventList)
    [Anonymous Symbol]                       0x00002174   Section        0  tasks.o(.text.vTaskPlaceOnEventListRestricted)
    [Anonymous Symbol]                       0x000021b4   Section        0  tasks.o(.text.vTaskStartScheduler)
    __arm_cp.20_0                            0x00002254   Number         4  tasks.o(.text.vTaskStartScheduler)
    __arm_cp.20_1                            0x00002258   Number         4  tasks.o(.text.vTaskStartScheduler)
    __arm_cp.20_2                            0x0000225c   Number         4  tasks.o(.text.vTaskStartScheduler)
    __arm_cp.20_3                            0x00002260   Number         4  tasks.o(.text.vTaskStartScheduler)
    __arm_cp.20_4                            0x00002264   Number         4  tasks.o(.text.vTaskStartScheduler)
    __arm_cp.20_5                            0x00002268   Number         4  tasks.o(.text.vTaskStartScheduler)
    __arm_cp.20_6                            0x0000226c   Number         4  tasks.o(.text.vTaskStartScheduler)
    [Anonymous Symbol]                       0x00002270   Section        0  tasks.o(.text.vTaskSuspendAll)
    __tagsym$$used.0                         0x0000227c   Number         0  tasks.o(.text.vTaskSwitchContext)
    [Anonymous Symbol]                       0x0000227c   Section        0  tasks.o(.text.vTaskSwitchContext)
    __arm_cp.17_0                            0x00002350   Number         4  tasks.o(.text.vTaskSwitchContext)
    __arm_cp.17_1                            0x00002354   Number         4  tasks.o(.text.vTaskSwitchContext)
    __arm_cp.17_2                            0x00002358   Number         4  tasks.o(.text.vTaskSwitchContext)
    __arm_cp.17_3                            0x0000235c   Number         4  tasks.o(.text.vTaskSwitchContext)
    __arm_cp.17_4                            0x00002360   Number         4  tasks.o(.text.vTaskSwitchContext)
    __arm_cp.17_5                            0x00002364   Number         4  tasks.o(.text.vTaskSwitchContext)
    [Anonymous Symbol]                       0x00002368   Section        0  port.o(.text.xPortStartScheduler)
    __arm_cp.3_0                             0x000023a0   Number         4  port.o(.text.xPortStartScheduler)
    __arm_cp.3_1                             0x000023a4   Number         4  port.o(.text.xPortStartScheduler)
    [Anonymous Symbol]                       0x000023a8   Section        0  queue.o(.text.xQueueGenericCreateStatic)
    [Anonymous Symbol]                       0x00002468   Section        0  queue.o(.text.xQueueGenericReset)
    [Anonymous Symbol]                       0x00002508   Section        0  queue.o(.text.xQueueGenericSend)
    [Anonymous Symbol]                       0x000026da   Section        0  queue.o(.text.xQueueGenericSendFromISR)
    [Anonymous Symbol]                       0x000027fa   Section        0  queue.o(.text.xQueueReceive)
    [Anonymous Symbol]                       0x000029a0   Section        0  tasks.o(.text.xTaskCheckForTimeOut)
    [Anonymous Symbol]                       0x00002a4c   Section        0  tasks.o(.text.xTaskCreateStatic)
    [Anonymous Symbol]                       0x00002ae0   Section        0  tasks.o(.text.xTaskGetSchedulerState)
    __arm_cp.47_0                            0x00002b10   Number         4  tasks.o(.text.xTaskGetSchedulerState)
    [Anonymous Symbol]                       0x00002b14   Section        0  tasks.o(.text.xTaskGetTickCount)
    [Anonymous Symbol]                       0x00002b24   Section        0  tasks.o(.text.xTaskIncrementTick)
    __arm_cp.23_2                            0x00002c50   Number         4  tasks.o(.text.xTaskIncrementTick)
    __arm_cp.23_3                            0x00002c54   Number         4  tasks.o(.text.xTaskIncrementTick)
    __arm_cp.23_4                            0x00002c58   Number         4  tasks.o(.text.xTaskIncrementTick)
    __arm_cp.23_5                            0x00002c5c   Number         4  tasks.o(.text.xTaskIncrementTick)
    __arm_cp.23_6                            0x00002c60   Number         4  tasks.o(.text.xTaskIncrementTick)
    [Anonymous Symbol]                       0x00002c64   Section        0  tasks.o(.text.xTaskPriorityDisinherit)
    [Anonymous Symbol]                       0x00002d1c   Section        0  tasks.o(.text.xTaskRemoveFromEventList)
    __arm_cp.34_0                            0x00002db0   Number         4  tasks.o(.text.xTaskRemoveFromEventList)
    [Anonymous Symbol]                       0x00002db4   Section        0  tasks.o(.text.xTaskResumeAll)
    __arm_cp.10_0                            0x00002ec8   Number         4  tasks.o(.text.xTaskResumeAll)
    __arm_cp.10_1                            0x00002ecc   Number         4  tasks.o(.text.xTaskResumeAll)
    __arm_cp.10_2                            0x00002ed0   Number         4  tasks.o(.text.xTaskResumeAll)
    __arm_cp.10_3                            0x00002ed4   Number         4  tasks.o(.text.xTaskResumeAll)
    __arm_cp.10_4                            0x00002ed8   Number         4  tasks.o(.text.xTaskResumeAll)
    __arm_cp.10_5                            0x00002edc   Number         4  tasks.o(.text.xTaskResumeAll)
    __arm_cp.10_6                            0x00002ee0   Number         4  tasks.o(.text.xTaskResumeAll)
    __arm_cp.10_7                            0x00002ee4   Number         4  tasks.o(.text.xTaskResumeAll)
    [Anonymous Symbol]                       0x00002ee8   Section        0  timers.o(.text.xTimerCreateTimerTask)
    __arm_cp.0_1                             0x00002f54   Number         4  timers.o(.text.xTimerCreateTimerTask)
    __arm_cp.0_2                             0x00002f58   Number         4  timers.o(.text.xTimerCreateTimerTask)
    __arm_cp.0_3                             0x00002f5c   Number         4  timers.o(.text.xTimerCreateTimerTask)
    [Anonymous Symbol]                       0x00002f60   Section        0  timers.o(.text.xTimerGenericCommand)
    __arm_cp.6_0                             0x00002fec   Number         4  timers.o(.text.xTimerGenericCommand)
    i.__0printf                              0x00002ff0   Section        0  printfa.o(i.__0printf)
    i.__ARM_clz                              0x00003010   Section        0  depilogue.o(i.__ARM_clz)
    i.__scatterload_copy                     0x00003040   Section       14  handlers.o(i.__scatterload_copy)
    i.__scatterload_null                     0x00003050   Section        2  handlers.o(i.__scatterload_null)
    i.__scatterload_zeroinit                 0x00003058   Section       14  handlers.o(i.__scatterload_zeroinit)
    _fp_digits                               0x00003069   Thumb Code   344  printfa.o(i._fp_digits)
    i._fp_digits                             0x00003068   Section        0  printfa.o(i._fp_digits)
    _printf_core                             0x000031dd   Thumb Code  1754  printfa.o(i._printf_core)
    i._printf_core                           0x000031dc   Section        0  printfa.o(i._printf_core)
    _printf_post_padding                     0x000038c9   Thumb Code    32  printfa.o(i._printf_post_padding)
    i._printf_post_padding                   0x000038c8   Section        0  printfa.o(i._printf_post_padding)
    _printf_pre_padding                      0x000038e9   Thumb Code    44  printfa.o(i._printf_pre_padding)
    i._printf_pre_padding                    0x000038e8   Section        0  printfa.o(i._printf_pre_padding)
    gSYSPLLConfig                            0x00003914   Data          40  ti_msp_dl_config.o(.rodata.gSYSPLLConfig)
    [Anonymous Symbol]                       0x00003914   Section        0  ti_msp_dl_config.o(.rodata.gSYSPLLConfig)
    gTIM_delay_msClockConfig                 0x0000393c   Data           3  ti_msp_dl_config.o(.rodata.gTIM_delay_msClockConfig)
    [Anonymous Symbol]                       0x0000393c   Section        0  ti_msp_dl_config.o(.rodata.gTIM_delay_msClockConfig)
    gTIM_delay_msTimerConfig                 0x00003940   Data          20  ti_msp_dl_config.o(.rodata.gTIM_delay_msTimerConfig)
    [Anonymous Symbol]                       0x00003940   Section        0  ti_msp_dl_config.o(.rodata.gTIM_delay_msTimerConfig)
    gTIM_delay_usClockConfig                 0x00003954   Data           3  ti_msp_dl_config.o(.rodata.gTIM_delay_usClockConfig)
    [Anonymous Symbol]                       0x00003954   Section        0  ti_msp_dl_config.o(.rodata.gTIM_delay_usClockConfig)
    gTIM_delay_usTimerConfig                 0x00003958   Data          20  ti_msp_dl_config.o(.rodata.gTIM_delay_usTimerConfig)
    [Anonymous Symbol]                       0x00003958   Section        0  ti_msp_dl_config.o(.rodata.gTIM_delay_usTimerConfig)
    gUART_DEBUGClockConfig                   0x0000396c   Data           2  ti_msp_dl_config.o(.rodata.gUART_DEBUGClockConfig)
    [Anonymous Symbol]                       0x0000396c   Section        0  ti_msp_dl_config.o(.rodata.gUART_DEBUGClockConfig)
    gUART_DEBUGConfig                        0x0000396e   Data          10  ti_msp_dl_config.o(.rodata.gUART_DEBUGConfig)
    [Anonymous Symbol]                       0x0000396e   Section        0  ti_msp_dl_config.o(.rodata.gUART_DEBUGConfig)
    [Anonymous Symbol]                       0x00003978   Section        0  empty.o(.rodata.str1.1)
    [Anonymous Symbol]                       0x0000399d   Section        0  tasks.o(.rodata.str1.1)
    [Anonymous Symbol]                       0x000039a2   Section        0  timers.o(.rodata.str1.1)
    .data                                    0x20200000   Section        4  stdout.o(.data)
    uxCriticalNesting                        0x20200004   Data           4  port.o(.data.uxCriticalNesting)
    [Anonymous Symbol]                       0x20200004   Section        0  port.o(.data.uxCriticalNesting)
    board_led                                0x20200008   Data           1  board_led.o(.bss.board_led)
    [Anonymous Symbol]                       0x20200008   Section        0  board_led.o(.bss.board_led)
    led_task_stack                           0x20200208   Data        4096  empty.o(.bss.led_task_stack)
    [Anonymous Symbol]                       0x20200208   Section        0  empty.o(.bss.led_task_stack)
    led_task_tcb                             0x20201208   Data          96  empty.o(.bss.led_task_tcb)
    [Anonymous Symbol]                       0x20201208   Section        0  empty.o(.bss.led_task_tcb)
    print_task_stack                         0x20201268   Data        4096  empty.o(.bss.print_task_stack)
    [Anonymous Symbol]                       0x20201268   Section        0  empty.o(.bss.print_task_stack)
    print_task_tcb                           0x20202268   Data          96  empty.o(.bss.print_task_tcb)
    [Anonymous Symbol]                       0x20202268   Section        0  empty.o(.bss.print_task_tcb)
    prvCheckForValidListAndQueue.ucStaticTimerQueueStorage 0x202022c8   Data         240  timers.o(.bss.prvCheckForValidListAndQueue.ucStaticTimerQueueStorage)
    [Anonymous Symbol]                       0x202022c8   Section        0  timers.o(.bss.prvCheckForValidListAndQueue.ucStaticTimerQueueStorage)
    prvCheckForValidListAndQueue.xStaticTimerQueue 0x202023b8   Data          80  timers.o(.bss.prvCheckForValidListAndQueue.xStaticTimerQueue)
    [Anonymous Symbol]                       0x202023b8   Section        0  timers.o(.bss.prvCheckForValidListAndQueue.xStaticTimerQueue)
    prvSampleTimeNow.xLastTime               0x20202408   Data           4  timers.o(.bss.prvSampleTimeNow.xLastTime)
    [Anonymous Symbol]                       0x20202408   Section        0  timers.o(.bss.prvSampleTimeNow.xLastTime)
    pxCurrentTimerList                       0x20202410   Data           4  timers.o(.bss.pxCurrentTimerList)
    [Anonymous Symbol]                       0x20202410   Section        0  timers.o(.bss.pxCurrentTimerList)
    pxDelayedTaskList                        0x20202414   Data           4  tasks.o(.bss.pxDelayedTaskList)
    [Anonymous Symbol]                       0x20202414   Section        0  tasks.o(.bss.pxDelayedTaskList)
    pxEnd                                    0x20202418   Data           4  heap_4.o(.bss.pxEnd)
    [Anonymous Symbol]                       0x20202418   Section        0  heap_4.o(.bss.pxEnd)
    pxOverflowDelayedTaskList                0x2020241c   Data           4  tasks.o(.bss.pxOverflowDelayedTaskList)
    [Anonymous Symbol]                       0x2020241c   Section        0  tasks.o(.bss.pxOverflowDelayedTaskList)
    pxOverflowTimerList                      0x20202420   Data           4  timers.o(.bss.pxOverflowTimerList)
    [Anonymous Symbol]                       0x20202420   Section        0  timers.o(.bss.pxOverflowTimerList)
    pxReadyTasksLists                        0x20202424   Data         200  tasks.o(.bss.pxReadyTasksLists)
    [Anonymous Symbol]                       0x20202424   Section        0  tasks.o(.bss.pxReadyTasksLists)
    uxCurrentNumberOfTasks                   0x202024ec   Data           4  tasks.o(.bss.uxCurrentNumberOfTasks)
    [Anonymous Symbol]                       0x202024ec   Section        0  tasks.o(.bss.uxCurrentNumberOfTasks)
    uxDeletedTasksWaitingCleanUp             0x202024f0   Data           4  tasks.o(.bss.uxDeletedTasksWaitingCleanUp)
    [Anonymous Symbol]                       0x202024f0   Section        0  tasks.o(.bss.uxDeletedTasksWaitingCleanUp)
    uxSchedulerSuspended                     0x202024f4   Data           4  tasks.o(.bss.uxSchedulerSuspended)
    [Anonymous Symbol]                       0x202024f4   Section        0  tasks.o(.bss.uxSchedulerSuspended)
    uxTaskNumber                             0x202024f8   Data           4  tasks.o(.bss.uxTaskNumber)
    [Anonymous Symbol]                       0x202024f8   Section        0  tasks.o(.bss.uxTaskNumber)
    uxTopReadyPriority                       0x202024fc   Data           4  tasks.o(.bss.uxTopReadyPriority)
    [Anonymous Symbol]                       0x202024fc   Section        0  tasks.o(.bss.uxTopReadyPriority)
    vApplicationGetIdleTaskMemory.uxIdleTaskStack 0x20202500   Data         512  empty.o(.bss.vApplicationGetIdleTaskMemory.uxIdleTaskStack)
    [Anonymous Symbol]                       0x20202500   Section        0  empty.o(.bss.vApplicationGetIdleTaskMemory.uxIdleTaskStack)
    vApplicationGetIdleTaskMemory.xIdleTaskTCB 0x20202700   Data          96  empty.o(.bss.vApplicationGetIdleTaskMemory.xIdleTaskTCB)
    [Anonymous Symbol]                       0x20202700   Section        0  empty.o(.bss.vApplicationGetIdleTaskMemory.xIdleTaskTCB)
    vApplicationGetTimerTaskMemory.uxTimerTaskStack 0x20202760   Data         512  empty.o(.bss.vApplicationGetTimerTaskMemory.uxTimerTaskStack)
    [Anonymous Symbol]                       0x20202760   Section        0  empty.o(.bss.vApplicationGetTimerTaskMemory.uxTimerTaskStack)
    vApplicationGetTimerTaskMemory.xTimerTaskTCB 0x20202960   Data          96  empty.o(.bss.vApplicationGetTimerTaskMemory.xTimerTaskTCB)
    [Anonymous Symbol]                       0x20202960   Section        0  empty.o(.bss.vApplicationGetTimerTaskMemory.xTimerTaskTCB)
    xActiveTimerList1                        0x202029c0   Data          20  timers.o(.bss.xActiveTimerList1)
    [Anonymous Symbol]                       0x202029c0   Section        0  timers.o(.bss.xActiveTimerList1)
    xActiveTimerList2                        0x202029d4   Data          20  timers.o(.bss.xActiveTimerList2)
    [Anonymous Symbol]                       0x202029d4   Section        0  timers.o(.bss.xActiveTimerList2)
    xBlockAllocatedBit                       0x202029e8   Data           4  heap_4.o(.bss.xBlockAllocatedBit)
    [Anonymous Symbol]                       0x202029e8   Section        0  heap_4.o(.bss.xBlockAllocatedBit)
    xDelayedTaskList1                        0x202029ec   Data          20  tasks.o(.bss.xDelayedTaskList1)
    [Anonymous Symbol]                       0x202029ec   Section        0  tasks.o(.bss.xDelayedTaskList1)
    xDelayedTaskList2                        0x20202a00   Data          20  tasks.o(.bss.xDelayedTaskList2)
    [Anonymous Symbol]                       0x20202a00   Section        0  tasks.o(.bss.xDelayedTaskList2)
    xFreeBytesRemaining                      0x20202a14   Data           4  heap_4.o(.bss.xFreeBytesRemaining)
    [Anonymous Symbol]                       0x20202a14   Section        0  heap_4.o(.bss.xFreeBytesRemaining)
    xIdleTaskHandle                          0x20202a18   Data           4  tasks.o(.bss.xIdleTaskHandle)
    [Anonymous Symbol]                       0x20202a18   Section        0  tasks.o(.bss.xIdleTaskHandle)
    xNextTaskUnblockTime                     0x20202a1c   Data           4  tasks.o(.bss.xNextTaskUnblockTime)
    [Anonymous Symbol]                       0x20202a1c   Section        0  tasks.o(.bss.xNextTaskUnblockTime)
    xNumOfOverflows                          0x20202a20   Data           4  tasks.o(.bss.xNumOfOverflows)
    [Anonymous Symbol]                       0x20202a20   Section        0  tasks.o(.bss.xNumOfOverflows)
    xNumberOfSuccessfulFrees                 0x20202a24   Data           4  heap_4.o(.bss.xNumberOfSuccessfulFrees)
    [Anonymous Symbol]                       0x20202a24   Section        0  heap_4.o(.bss.xNumberOfSuccessfulFrees)
    xPendedTicks                             0x20202a28   Data           4  tasks.o(.bss.xPendedTicks)
    [Anonymous Symbol]                       0x20202a28   Section        0  tasks.o(.bss.xPendedTicks)
    xPendingReadyList                        0x20202a2c   Data          20  tasks.o(.bss.xPendingReadyList)
    [Anonymous Symbol]                       0x20202a2c   Section        0  tasks.o(.bss.xPendingReadyList)
    xSchedulerRunning                        0x20202a40   Data           4  tasks.o(.bss.xSchedulerRunning)
    [Anonymous Symbol]                       0x20202a40   Section        0  tasks.o(.bss.xSchedulerRunning)
    xStart                                   0x20202a44   Data           8  heap_4.o(.bss.xStart)
    [Anonymous Symbol]                       0x20202a44   Section        0  heap_4.o(.bss.xStart)
    xSuspendedTaskList                       0x20202a4c   Data          20  tasks.o(.bss.xSuspendedTaskList)
    [Anonymous Symbol]                       0x20202a4c   Section        0  tasks.o(.bss.xSuspendedTaskList)
    xTasksWaitingTermination                 0x20202a60   Data          20  tasks.o(.bss.xTasksWaitingTermination)
    [Anonymous Symbol]                       0x20202a60   Section        0  tasks.o(.bss.xTasksWaitingTermination)
    xTickCount                               0x20202a74   Data           4  tasks.o(.bss.xTickCount)
    [Anonymous Symbol]                       0x20202a74   Section        0  tasks.o(.bss.xTickCount)
    xTimerQueue                              0x20202a78   Data           4  timers.o(.bss.xTimerQueue)
    [Anonymous Symbol]                       0x20202a78   Section        0  timers.o(.bss.xTimerQueue)
    xTimerTaskHandle                         0x20202a7c   Data           4  timers.o(.bss.xTimerTaskHandle)
    [Anonymous Symbol]                       0x20202a7c   Section        0  timers.o(.bss.xTimerTaskHandle)
    xYieldPending                            0x20202a80   Data           4  tasks.o(.bss.xYieldPending)
    [Anonymous Symbol]                       0x20202a80   Section        0  tasks.o(.bss.xYieldPending)
    STACK                                    0x20202a88   Section      512  startup_mspm0g350x_uvision.o(STACK)

    Global Symbols

    Symbol Name                              Value     Ov Type        Size  Object(Section)

    BuildAttributes$$THM_ISAv3M$S$PE$A:L22$X:L11$S22$IEEE1$IW$~IW$USESV6$~STKCKD$USESV7$~SHL$OTIME$ROPI$EBA8$MICROLIB$REQ8$PRES8$EABIv2 0x00000000   Number         0  anon$$obj.o ABSOLUTE
    __Vectors                                0x00000000   Data           4  startup_mspm0g350x_uvision.o(RESET)
    __cpp_initialize__aeabi_                  - Undefined Weak Reference
    __cxa_finalize                            - Undefined Weak Reference
    __decompress                              - Undefined Weak Reference
    _clock_init                               - Undefined Weak Reference
    _microlib_exit                            - Undefined Weak Reference
    __Vectors_End                            0x000000c0   Data           0  startup_mspm0g350x_uvision.o(RESET)
    __Vectors_Size                           0x000000c0   Number         0  startup_mspm0g350x_uvision.o ABSOLUTE
    __main                                   0x000000c1   Thumb Code     0  entry.o(.ARM.Collect$$$$00000000)
    _main_stk                                0x000000c1   Thumb Code     0  entry2.o(.ARM.Collect$$$$00000001)
    _main_scatterload                        0x000000c5   Thumb Code     0  entry5.o(.ARM.Collect$$$$00000004)
    __main_after_scatterload                 0x000000c9   Thumb Code     0  entry5.o(.ARM.Collect$$$$00000004)
    _main_clock                              0x000000c9   Thumb Code     0  entry7b.o(.ARM.Collect$$$$00000008)
    _main_cpp_init                           0x000000c9   Thumb Code     0  entry8b.o(.ARM.Collect$$$$0000000A)
    _main_init                               0x000000c9   Thumb Code     0  entry9a.o(.ARM.Collect$$$$0000000B)
    __rt_final_cpp                           0x000000d1   Thumb Code     0  entry10a.o(.ARM.Collect$$$$0000000D)
    __rt_final_exit                          0x000000d1   Thumb Code     0  entry11a.o(.ARM.Collect$$$$0000000F)
    Reset_Handler                            0x000000d5   Thumb Code     4  startup_mspm0g350x_uvision.o(.text)
    NMI_Handler                              0x000000d9   Thumb Code     2  startup_mspm0g350x_uvision.o(.text)
    HardFault_Handler                        0x000000db   Thumb Code     2  startup_mspm0g350x_uvision.o(.text)
    ADC0_IRQHandler                          0x000000e3   Thumb Code     0  startup_mspm0g350x_uvision.o(.text)
    ADC1_IRQHandler                          0x000000e3   Thumb Code     0  startup_mspm0g350x_uvision.o(.text)
    AES_IRQHandler                           0x000000e3   Thumb Code     0  startup_mspm0g350x_uvision.o(.text)
    CANFD0_IRQHandler                        0x000000e3   Thumb Code     0  startup_mspm0g350x_uvision.o(.text)
    DAC0_IRQHandler                          0x000000e3   Thumb Code     0  startup_mspm0g350x_uvision.o(.text)
    DMA_IRQHandler                           0x000000e3   Thumb Code     0  startup_mspm0g350x_uvision.o(.text)
    Default_Handler                          0x000000e3   Thumb Code     2  startup_mspm0g350x_uvision.o(.text)
    GROUP0_IRQHandler                        0x000000e3   Thumb Code     0  startup_mspm0g350x_uvision.o(.text)
    GROUP1_IRQHandler                        0x000000e3   Thumb Code     0  startup_mspm0g350x_uvision.o(.text)
    I2C0_IRQHandler                          0x000000e3   Thumb Code     0  startup_mspm0g350x_uvision.o(.text)
    I2C1_IRQHandler                          0x000000e3   Thumb Code     0  startup_mspm0g350x_uvision.o(.text)
    RTC_IRQHandler                           0x000000e3   Thumb Code     0  startup_mspm0g350x_uvision.o(.text)
    SPI0_IRQHandler                          0x000000e3   Thumb Code     0  startup_mspm0g350x_uvision.o(.text)
    SPI1_IRQHandler                          0x000000e3   Thumb Code     0  startup_mspm0g350x_uvision.o(.text)
    TIMA0_IRQHandler                         0x000000e3   Thumb Code     0  startup_mspm0g350x_uvision.o(.text)
    TIMA1_IRQHandler                         0x000000e3   Thumb Code     0  startup_mspm0g350x_uvision.o(.text)
    TIMG0_IRQHandler                         0x000000e3   Thumb Code     0  startup_mspm0g350x_uvision.o(.text)
    TIMG12_IRQHandler                        0x000000e3   Thumb Code     0  startup_mspm0g350x_uvision.o(.text)
    TIMG6_IRQHandler                         0x000000e3   Thumb Code     0  startup_mspm0g350x_uvision.o(.text)
    TIMG7_IRQHandler                         0x000000e3   Thumb Code     0  startup_mspm0g350x_uvision.o(.text)
    TIMG8_IRQHandler                         0x000000e3   Thumb Code     0  startup_mspm0g350x_uvision.o(.text)
    UART1_IRQHandler                         0x000000e3   Thumb Code     0  startup_mspm0g350x_uvision.o(.text)
    UART2_IRQHandler                         0x000000e3   Thumb Code     0  startup_mspm0g350x_uvision.o(.text)
    UART3_IRQHandler                         0x000000e3   Thumb Code     0  startup_mspm0g350x_uvision.o(.text)
    __aeabi_memcpy                           0x000000e9   Thumb Code    36  memcpya.o(.text)
    __aeabi_memcpy4                          0x000000e9   Thumb Code     0  memcpya.o(.text)
    __aeabi_memcpy8                          0x000000e9   Thumb Code     0  memcpya.o(.text)
    __aeabi_memset                           0x0000010d   Thumb Code    14  memseta.o(.text)
    __aeabi_memset4                          0x0000010d   Thumb Code     0  memseta.o(.text)
    __aeabi_memset8                          0x0000010d   Thumb Code     0  memseta.o(.text)
    __aeabi_memclr                           0x0000011b   Thumb Code     4  memseta.o(.text)
    __aeabi_memclr4                          0x0000011b   Thumb Code     0  memseta.o(.text)
    __aeabi_memclr8                          0x0000011b   Thumb Code     0  memseta.o(.text)
    _memset$wrapper                          0x0000011f   Thumb Code    18  memseta.o(.text)
    __aeabi_uidiv                            0x00000131   Thumb Code     0  uidiv_div0.o(.text)
    __aeabi_uidivmod                         0x00000131   Thumb Code    62  uidiv_div0.o(.text)
    __aeabi_uldivmod                         0x0000016f   Thumb Code    96  uldiv.o(.text)
    __I$use$fp                               0x000001cf   Thumb Code     0  iusefp.o(.text)
    __aeabi_dadd                             0x000001d1   Thumb Code   328  dadd.o(.text)
    __aeabi_dsub                             0x00000319   Thumb Code    12  dadd.o(.text)
    __aeabi_drsub                            0x00000325   Thumb Code    12  dadd.o(.text)
    __aeabi_dmul                             0x00000335   Thumb Code   202  dmul.o(.text)
    __aeabi_ddiv                             0x00000405   Thumb Code   234  ddiv.o(.text)
    __aeabi_d2ulz                            0x000004f5   Thumb Code    54  dfixul.o(.text)
    __aeabi_cdrcmple                         0x00000535   Thumb Code    38  cdrcmple.o(.text)
    __scatterload                            0x00000561   Thumb Code    38  init.o(.text)
    __scatterload_rt2                        0x00000561   Thumb Code     0  init.o(.text)
    __aeabi_llsl                             0x00000591   Thumb Code    32  llshl.o(.text)
    _ll_shift_l                              0x00000591   Thumb Code     0  llshl.o(.text)
    __aeabi_llsr                             0x000005b1   Thumb Code    34  llushr.o(.text)
    _ll_ushift_r                             0x000005b1   Thumb Code     0  llushr.o(.text)
    __aeabi_lasr                             0x000005d3   Thumb Code    38  llsshr.o(.text)
    _ll_sshift_r                             0x000005d3   Thumb Code     0  llsshr.o(.text)
    _double_round                            0x000005f9   Thumb Code    26  depilogue.o(.text)
    _double_epilogue                         0x00000613   Thumb Code   164  depilogue.o(.text)
    DL_Common_delayCycles                    0x000006b7   Thumb Code    10  dl_common.o(.text.DL_Common_delayCycles)
    DL_SYSCTL_configSYSPLL                   0x00000829   Thumb Code   192  dl_sysctl_mspm0g1x0x_g3x0x.o(.text.DL_SYSCTL_configSYSPLL)
    DL_SYSCTL_setHFCLKSourceHFXTParams       0x0000094d   Thumb Code    80  dl_sysctl_mspm0g1x0x_g3x0x.o(.text.DL_SYSCTL_setHFCLKSourceHFXTParams)
    DL_SYSCTL_switchMCLKfromSYSOSCtoHSCLK    0x000009d1   Thumb Code    40  dl_sysctl_mspm0g1x0x_g3x0x.o(.text.DL_SYSCTL_switchMCLKfromSYSOSCtoHSCLK)
    DL_Timer_initTimerMode                   0x00000a21   Thumb Code   240  dl_timer.o(.text.DL_Timer_initTimerMode)
    DL_Timer_setClockConfig                  0x00000b29   Thumb Code    28  dl_timer.o(.text.DL_Timer_setClockConfig)
    DL_UART_init                             0x00000ba5   Thumb Code    72  dl_uart.o(.text.DL_UART_init)
    DL_UART_setClockConfig                   0x00000c7d   Thumb Code    18  dl_uart.o(.text.DL_UART_setClockConfig)
    PendSV_Handler                           0x00000cd1   Thumb Code    68  port.o(.text.PendSV_Handler)
    SVC_Handler                              0x00000d15   Thumb Code     2  port.o(.text.SVC_Handler)
    SYSCFG_DL_GPIO_init                      0x00000d19   Thumb Code   108  ti_msp_dl_config.o(.text.SYSCFG_DL_GPIO_init)
    SYSCFG_DL_SYSCTL_init                    0x00000d85   Thumb Code    76  ti_msp_dl_config.o(.text.SYSCFG_DL_SYSCTL_init)
    SYSCFG_DL_TIM_delay_ms_init              0x00000dd5   Thumb Code    32  ti_msp_dl_config.o(.text.SYSCFG_DL_TIM_delay_ms_init)
    SYSCFG_DL_TIM_delay_us_init              0x00000dfd   Thumb Code    32  ti_msp_dl_config.o(.text.SYSCFG_DL_TIM_delay_us_init)
    SYSCFG_DL_UART_DEBUG_init                0x00000e25   Thumb Code    68  ti_msp_dl_config.o(.text.SYSCFG_DL_UART_DEBUG_init)
    SYSCFG_DL_init                           0x00000e71   Thumb Code    40  ti_msp_dl_config.o(.text.SYSCFG_DL_init)
    SYSCFG_DL_initPower                      0x00000ea1   Thumb Code    84  ti_msp_dl_config.o(.text.SYSCFG_DL_initPower)
    SysTick_Handler                          0x00000f01   Thumb Code    40  port.o(.text.SysTick_Handler)
    UART0_IRQHandler                         0x00000f2d   Thumb Code    40  uart0_debug.o(.text.UART0_IRQHandler)
    board_led_toggle                         0x00001031   Thumb Code    40  board_led.o(.text.board_led_toggle)
    debug_uart_init                          0x00001061   Thumb Code    22  uart0_debug.o(.text.debug_uart_init)
    fputc                                    0x000010a5   Thumb Code    40  uart0_debug.o(.text.fputc)
    main                                     0x000010d1   Thumb Code    76  empty.o(.text.main)
    pxPortInitialiseStack                    0x00001d05   Thumb Code    72  port.o(.text.pxPortInitialiseStack)
    ulSetInterruptMaskFromISR                0x00001d51   Thumb Code     8  port.o(.text.ulSetInterruptMaskFromISR)
    uxListRemove                             0x00001d59   Thumb Code    72  list.o(.text.uxListRemove)
    vApplicationGetIdleTaskMemory            0x00001da1   Thumb Code    32  empty.o(.text.vApplicationGetIdleTaskMemory)
    vApplicationGetTimerTaskMemory           0x00001dc9   Thumb Code    32  empty.o(.text.vApplicationGetTimerTaskMemory)
    vApplicationStackOverflowHook            0x00001df1   Thumb Code    10  empty.o(.text.vApplicationStackOverflowHook)
    vClearInterruptMaskFromISR               0x00001dfb   Thumb Code     6  port.o(.text.vClearInterruptMaskFromISR)
    vListInitialise                          0x00001e17   Thumb Code    44  list.o(.text.vListInitialise)
    vListInitialiseItem                      0x00001e43   Thumb Code    14  list.o(.text.vListInitialiseItem)
    vListInsert                              0x00001e51   Thumb Code   108  list.o(.text.vListInsert)
    vListInsertEnd                           0x00001ebd   Thumb Code    58  list.o(.text.vListInsertEnd)
    vPortEnterCritical                       0x00001ef9   Thumb Code    20  port.o(.text.vPortEnterCritical)
    vPortExitCritical                        0x00001f0d   Thumb Code    40  port.o(.text.vPortExitCritical)
    vPortFree                                0x00001f39   Thumb Code   148  heap_4.o(.text.vPortFree)
    vPortSetupTimerInterrupt                 0x00001fd9   Thumb Code    24  port.o(.text.vPortSetupTimerInterrupt)
    vPortYield                               0x00002035   Thumb Code    20  port.o(.text.vPortYield)
    vQueueWaitForMessageRestricted           0x00002069   Thumb Code   106  queue.o(.text.vQueueWaitForMessageRestricted)
    vTaskDelay                               0x000020d5   Thumb Code    76  tasks.o(.text.vTaskDelay)
    vTaskInternalSetTimeOutState             0x00002121   Thumb Code    24  tasks.o(.text.vTaskInternalSetTimeOutState)
    vTaskMissedYield                         0x0000213d   Thumb Code     8  tasks.o(.text.vTaskMissedYield)
    vTaskPlaceOnEventList                    0x00002145   Thumb Code    48  tasks.o(.text.vTaskPlaceOnEventList)
    vTaskPlaceOnEventListRestricted          0x00002175   Thumb Code    64  tasks.o(.text.vTaskPlaceOnEventListRestricted)
    vTaskStartScheduler                      0x000021b5   Thumb Code   160  tasks.o(.text.vTaskStartScheduler)
    vTaskSuspendAll                          0x00002271   Thumb Code    12  tasks.o(.text.vTaskSuspendAll)
    vTaskSwitchContext                       0x0000227d   Thumb Code   212  tasks.o(.text.vTaskSwitchContext)
    xPortStartScheduler                      0x00002369   Thumb Code    56  port.o(.text.xPortStartScheduler)
    xQueueGenericCreateStatic                0x000023a9   Thumb Code   192  queue.o(.text.xQueueGenericCreateStatic)
    xQueueGenericReset                       0x00002469   Thumb Code   160  queue.o(.text.xQueueGenericReset)
    xQueueGenericSend                        0x00002509   Thumb Code   466  queue.o(.text.xQueueGenericSend)
    xQueueGenericSendFromISR                 0x000026db   Thumb Code   288  queue.o(.text.xQueueGenericSendFromISR)
    xQueueReceive                            0x000027fb   Thumb Code   420  queue.o(.text.xQueueReceive)
    xTaskCheckForTimeOut                     0x000029a1   Thumb Code   172  tasks.o(.text.xTaskCheckForTimeOut)
    xTaskCreateStatic                        0x00002a4d   Thumb Code   148  tasks.o(.text.xTaskCreateStatic)
    xTaskGetSchedulerState                   0x00002ae1   Thumb Code    48  tasks.o(.text.xTaskGetSchedulerState)
    xTaskGetTickCount                        0x00002b15   Thumb Code    16  tasks.o(.text.xTaskGetTickCount)
    xTaskIncrementTick                       0x00002b25   Thumb Code   300  tasks.o(.text.xTaskIncrementTick)
    xTaskPriorityDisinherit                  0x00002c65   Thumb Code   184  tasks.o(.text.xTaskPriorityDisinherit)
    xTaskRemoveFromEventList                 0x00002d1d   Thumb Code   148  tasks.o(.text.xTaskRemoveFromEventList)
    xTaskResumeAll                           0x00002db5   Thumb Code   276  tasks.o(.text.xTaskResumeAll)
    xTimerCreateTimerTask                    0x00002ee9   Thumb Code   108  timers.o(.text.xTimerCreateTimerTask)
    xTimerGenericCommand                     0x00002f61   Thumb Code   140  timers.o(.text.xTimerGenericCommand)
    __0printf                                0x00002ff1   Thumb Code    24  printfa.o(i.__0printf)
    __1printf                                0x00002ff1   Thumb Code     0  printfa.o(i.__0printf)
    __2printf                                0x00002ff1   Thumb Code     0  printfa.o(i.__0printf)
    __c89printf                              0x00002ff1   Thumb Code     0  printfa.o(i.__0printf)
    printf                                   0x00002ff1   Thumb Code     0  printfa.o(i.__0printf)
    __ARM_clz                                0x00003011   Thumb Code    46  depilogue.o(i.__ARM_clz)
    __scatterload_copy                       0x00003041   Thumb Code    14  handlers.o(i.__scatterload_copy)
    __scatterload_null                       0x00003051   Thumb Code     2  handlers.o(i.__scatterload_null)
    __scatterload_zeroinit                   0x00003059   Thumb Code    14  handlers.o(i.__scatterload_zeroinit)
    uxTopUsedPriority                        0x000039ac   Data           4  tasks.o(.rodata.uxTopUsedPriority)
    Region$$Table$$Base                      0x000039b0   Number         0  anon$$obj.o(Region$$Table)
    Region$$Table$$Limit                     0x000039d0   Number         0  anon$$obj.o(Region$$Table)
    __stdout                                 0x20200000   Data           4  stdout.o(.data)
    debug_uart0                              0x2020000c   Data         132  uart0_debug.o(.bss.debug_uart0)
    gTIM_delay_msBackup                      0x20200090   Data         188  ti_msp_dl_config.o(.bss.gTIM_delay_msBackup)
    gTIM_delay_usBackup                      0x2020014c   Data         188  ti_msp_dl_config.o(.bss.gTIM_delay_usBackup)
    pxCurrentTCB                             0x2020240c   Data           4  tasks.o(.bss.pxCurrentTCB)
    __initial_sp                             0x20202c88   Data           0  startup_mspm0g350x_uvision.o(STACK)



==============================================================================

Memory Map of the image

  Image Entry point : 0x000000c1

  Load Region LR_IROM1 (Base: 0x00000000, Size: 0x000039d8, Max: 0x00020000, ABSOLUTE)

    Execution Region ER_IROM1 (Exec base: 0x00000000, Load base: 0x00000000, Size: 0x000039d0, Max: 0x00020000, ABSOLUTE)

    Exec Addr    Load Addr    Size         Type   Attr      Idx    E Section Name        Object

    0x00000000   0x00000000   0x000000c0   Data   RO          122    RESET               startup_mspm0g350x_uvision.o
    0x000000c0   0x000000c0   0x00000000   Code   RO          863  * .ARM.Collect$$$$00000000  mc_p.l(entry.o)
    0x000000c0   0x000000c0   0x00000004   Code   RO          906    .ARM.Collect$$$$00000001  mc_p.l(entry2.o)
    0x000000c4   0x000000c4   0x00000004   Code   RO          909    .ARM.Collect$$$$00000004  mc_p.l(entry5.o)
    0x000000c8   0x000000c8   0x00000000   Code   RO          911    .ARM.Collect$$$$00000008  mc_p.l(entry7b.o)
    0x000000c8   0x000000c8   0x00000000   Code   RO          913    .ARM.Collect$$$$0000000A  mc_p.l(entry8b.o)
    0x000000c8   0x000000c8   0x00000008   Code   RO          914    .ARM.Collect$$$$0000000B  mc_p.l(entry9a.o)
    0x000000d0   0x000000d0   0x00000000   Code   RO          916    .ARM.Collect$$$$0000000D  mc_p.l(entry10a.o)
    0x000000d0   0x000000d0   0x00000000   Code   RO          918    .ARM.Collect$$$$0000000F  mc_p.l(entry11a.o)
    0x000000d0   0x000000d0   0x00000004   Code   RO          907    .ARM.Collect$$$$00002712  mc_p.l(entry2.o)
    0x000000d4   0x000000d4   0x00000014   Code   RO          123    .text               startup_mspm0g350x_uvision.o
    0x000000e8   0x000000e8   0x00000024   Code   RO          872    .text               mc_p.l(memcpya.o)
    0x0000010c   0x0000010c   0x00000024   Code   RO          874    .text               mc_p.l(memseta.o)
    0x00000130   0x00000130   0x0000003e   Code   RO          925    .text               mc_p.l(uidiv_div0.o)
    0x0000016e   0x0000016e   0x00000060   Code   RO          931    .text               mc_p.l(uldiv.o)
    0x000001ce   0x000001ce   0x00000000   Code   RO          933    .text               mc_p.l(iusefp.o)
    0x000001ce   0x000001ce   0x00000002   PAD
    0x000001d0   0x000001d0   0x00000164   Code   RO          934    .text               mf_p.l(dadd.o)
    0x00000334   0x00000334   0x000000d0   Code   RO          936    .text               mf_p.l(dmul.o)
    0x00000404   0x00000404   0x000000f0   Code   RO          938    .text               mf_p.l(ddiv.o)
    0x000004f4   0x000004f4   0x00000040   Code   RO          940    .text               mf_p.l(dfixul.o)
    0x00000534   0x00000534   0x00000028   Code   RO          942    .text               mf_p.l(cdrcmple.o)
    0x0000055c   0x0000055c   0x00000004   PAD
    0x00000560   0x00000560   0x00000030   Code   RO          944    .text               mc_p.l(init.o)
    0x00000590   0x00000590   0x00000020   Code   RO          946    .text               mc_p.l(llshl.o)
    0x000005b0   0x000005b0   0x00000022   Code   RO          948    .text               mc_p.l(llushr.o)
    0x000005d2   0x000005d2   0x00000026   Code   RO          950    .text               mc_p.l(llsshr.o)
    0x000005f8   0x000005f8   0x000000be   Code   RO          952    .text               mf_p.l(depilogue.o)
    0x000006b6   0x000006b6   0x0000000a   Code   RO          682    .text.DL_Common_delayCycles  driverlib.a(dl_common.o)
    0x000006c0   0x000006c0   0x00000028   Code   RO          103    .text.DL_Common_updateReg  ti_msp_dl_config.o
    0x000006e8   0x000006e8   0x00000014   Code   RO           71    .text.DL_GPIO_clearPins  ti_msp_dl_config.o
    0x000006fc   0x000006fc   0x00000018   Code   RO           73    .text.DL_GPIO_enableOutput  ti_msp_dl_config.o
    0x00000714   0x00000714   0x00000014   Code   RO           55    .text.DL_GPIO_enablePower  ti_msp_dl_config.o
    0x00000728   0x00000728   0x00000030   Code   RO           67    .text.DL_GPIO_initDigitalInputFeatures  ti_msp_dl_config.o
    0x00000758   0x00000758   0x0000002c   Code   RO           69    .text.DL_GPIO_initDigitalOutputFeatures  ti_msp_dl_config.o
    0x00000784   0x00000784   0x00000014   Code   RO           61    .text.DL_GPIO_initPeripheralAnalogFunction  ti_msp_dl_config.o
    0x00000798   0x00000798   0x0000001c   Code   RO           65    .text.DL_GPIO_initPeripheralInputFunction  ti_msp_dl_config.o
    0x000007b4   0x000007b4   0x0000001c   Code   RO           63    .text.DL_GPIO_initPeripheralOutputFunction  ti_msp_dl_config.o
    0x000007d0   0x000007d0   0x00000016   Code   RO          197    .text.DL_GPIO_readPins  board_led.o
    0x000007e6   0x000007e6   0x00000002   PAD
    0x000007e8   0x000007e8   0x00000010   Code   RO           49    .text.DL_GPIO_reset  ti_msp_dl_config.o
    0x000007f8   0x000007f8   0x00000018   Code   RO           75    .text.DL_GPIO_setUpperPinsPolarity  ti_msp_dl_config.o
    0x00000810   0x00000810   0x00000018   Code   RO          195    .text.DL_GPIO_togglePins  board_led.o
    0x00000828   0x00000828   0x000000c0   Code   RO          832    .text.DL_SYSCTL_configSYSPLL  driverlib.a(dl_sysctl_mspm0g1x0x_g3x0x.o)
    0x000008e8   0x000008e8   0x0000000c   Code   RO           83    .text.DL_SYSCTL_disableHFXT  ti_msp_dl_config.o
    0x000008f4   0x000008f4   0x00000014   Code   RO           85    .text.DL_SYSCTL_disableSYSPLL  ti_msp_dl_config.o
    0x00000908   0x00000908   0x00000010   Code   RO           89    .text.DL_SYSCTL_enableMFCLK  ti_msp_dl_config.o
    0x00000918   0x00000918   0x00000018   Code   RO           77    .text.DL_SYSCTL_setBORThreshold  ti_msp_dl_config.o
    0x00000930   0x00000930   0x0000001c   Code   RO           79    .text.DL_SYSCTL_setFlashWaitState  ti_msp_dl_config.o
    0x0000094c   0x0000094c   0x00000050   Code   RO          846    .text.DL_SYSCTL_setHFCLKSourceHFXTParams  driverlib.a(dl_sysctl_mspm0g1x0x_g3x0x.o)
    0x0000099c   0x0000099c   0x0000001c   Code   RO           81    .text.DL_SYSCTL_setSYSOSCFreq  ti_msp_dl_config.o
    0x000009b8   0x000009b8   0x00000018   Code   RO           87    .text.DL_SYSCTL_setULPCLKDivider  ti_msp_dl_config.o
    0x000009d0   0x000009d0   0x00000028   Code   RO          840    .text.DL_SYSCTL_switchMCLKfromSYSOSCtoHSCLK  driverlib.a(dl_sysctl_mspm0g1x0x_g3x0x.o)
    0x000009f8   0x000009f8   0x00000010   Code   RO           91    .text.DL_Timer_enableClock  ti_msp_dl_config.o
    0x00000a08   0x00000a08   0x00000018   Code   RO           57    .text.DL_Timer_enablePower  ti_msp_dl_config.o
    0x00000a20   0x00000a20   0x000000f0   Code   RO          695    .text.DL_Timer_initTimerMode  driverlib.a(dl_timer.o)
    0x00000b10   0x00000b10   0x00000018   Code   RO           51    .text.DL_Timer_reset  ti_msp_dl_config.o
    0x00000b28   0x00000b28   0x0000001c   Code   RO          691    .text.DL_Timer_setClockConfig  driverlib.a(dl_timer.o)
    0x00000b44   0x00000b44   0x00000016   Code   RO          101    .text.DL_UART_enable  ti_msp_dl_config.o
    0x00000b5a   0x00000b5a   0x00000002   PAD
    0x00000b5c   0x00000b5c   0x0000001c   Code   RO           97    .text.DL_UART_enableInterrupt  ti_msp_dl_config.o
    0x00000b78   0x00000b78   0x00000018   Code   RO           59    .text.DL_UART_enablePower  ti_msp_dl_config.o
    0x00000b90   0x00000b90   0x00000012   Code   RO          169    .text.DL_UART_getPendingInterrupt  uart0_debug.o
    0x00000ba2   0x00000ba2   0x00000002   PAD
    0x00000ba4   0x00000ba4   0x00000048   Code   RO          792    .text.DL_UART_init  driverlib.a(dl_uart.o)
    0x00000bec   0x00000bec   0x00000018   Code   RO          157    .text.DL_UART_isBusy  uart0_debug.o
    0x00000c04   0x00000c04   0x00000014   Code   RO          171    .text.DL_UART_receiveData  uart0_debug.o
    0x00000c18   0x00000c18   0x00000018   Code   RO           53    .text.DL_UART_reset  ti_msp_dl_config.o
    0x00000c30   0x00000c30   0x0000004c   Code   RO           95    .text.DL_UART_setBaudRateDivisor  ti_msp_dl_config.o
    0x00000c7c   0x00000c7c   0x00000012   Code   RO          794    .text.DL_UART_setClockConfig  driverlib.a(dl_uart.o)
    0x00000c8e   0x00000c8e   0x0000001e   Code   RO           93    .text.DL_UART_setOversampling  ti_msp_dl_config.o
    0x00000cac   0x00000cac   0x00000016   Code   RO          159    .text.DL_UART_transmitData  uart0_debug.o
    0x00000cc2   0x00000cc2   0x0000000e   PAD
    0x00000cd0   0x00000cd0   0x00000044   Code   RO          670    .text.PendSV_Handler  port.o
    0x00000d14   0x00000d14   0x00000002   Code   RO          650    .text.SVC_Handler   port.o
    0x00000d16   0x00000d16   0x00000002   PAD
    0x00000d18   0x00000d18   0x0000006c   Code   RO           35    .text.SYSCFG_DL_GPIO_init  ti_msp_dl_config.o
    0x00000d84   0x00000d84   0x00000050   Code   RO           37    .text.SYSCFG_DL_SYSCTL_init  ti_msp_dl_config.o
    0x00000dd4   0x00000dd4   0x00000028   Code   RO           41    .text.SYSCFG_DL_TIM_delay_ms_init  ti_msp_dl_config.o
    0x00000dfc   0x00000dfc   0x00000028   Code   RO           39    .text.SYSCFG_DL_TIM_delay_us_init  ti_msp_dl_config.o
    0x00000e24   0x00000e24   0x0000004c   Code   RO           43    .text.SYSCFG_DL_UART_DEBUG_init  ti_msp_dl_config.o
    0x00000e70   0x00000e70   0x00000030   Code   RO           31    .text.SYSCFG_DL_init  ti_msp_dl_config.o
    0x00000ea0   0x00000ea0   0x00000060   Code   RO           33    .text.SYSCFG_DL_initPower  ti_msp_dl_config.o
    0x00000f00   0x00000f00   0x0000002c   Code   RO          672    .text.SysTick_Handler  port.o
    0x00000f2c   0x00000f2c   0x00000028   Code   RO          167    .text.UART0_IRQHandler  uart0_debug.o
    0x00000f54   0x00000f54   0x0000002c   Code   RO          151    .text.__NVIC_ClearPendingIRQ  uart0_debug.o
    0x00000f80   0x00000f80   0x0000002c   Code   RO          153    .text.__NVIC_EnableIRQ  uart0_debug.o
    0x00000fac   0x00000fac   0x00000084   Code   RO           99    .text.__NVIC_SetPriority  ti_msp_dl_config.o
    0x00001030   0x00001030   0x00000030   Code   RO          193    .text.board_led_toggle  board_led.o
    0x00001060   0x00001060   0x00000016   Code   RO          149    .text.debug_uart_init  uart0_debug.o
    0x00001076   0x00001076   0x00000002   PAD
    0x00001078   0x00001078   0x0000002c   Code   RO          173    .text.debug_uart_receive_limit_length  uart0_debug.o
    0x000010a4   0x000010a4   0x0000002c   Code   RO          175    .text.fputc         uart0_debug.o
    0x000010d0   0x000010d0   0x0000006c   Code   RO            2    .text.main          empty.o
    0x0000113c   0x0000113c   0x000000ac   Code   RO          412    .text.prvAddCurrentTaskToDelayedList  tasks.o
    0x000011e8   0x000011e8   0x000000dc   Code   RO          398    .text.prvAddNewTaskToReadyList  tasks.o
    0x000012c4   0x000012c4   0x00000068   Code   RO          550    .text.prvCheckForValidListAndQueue  timers.o
    0x0000132c   0x0000132c   0x0000004c   Code   RO          516    .text.prvCheckTasksWaitingTermination  tasks.o
    0x00001378   0x00001378   0x00000044   Code   RO          298    .text.prvCopyDataFromQueue  queue.o
    0x000013bc   0x000013bc   0x000000d4   Code   RO          286    .text.prvCopyDataToQueue  queue.o
    0x00001490   0x00001490   0x00000050   Code   RO          404    .text.prvDeleteTCB  tasks.o
    0x000014e0   0x000014e0   0x00000038   Code   RO          584    .text.prvGetNextExpireTime  timers.o
    0x00001518   0x00001518   0x0000000e   Code   RO          436    .text.prvIdleTask   tasks.o
    0x00001526   0x00001526   0x00000046   Code   RO          264    .text.prvInitialiseNewQueue  queue.o
    0x0000156c   0x0000156c   0x00000118   Code   RO          396    .text.prvInitialiseNewTask  tasks.o
    0x00001684   0x00001684   0x0000007c   Code   RO          514    .text.prvInitialiseTaskLists  tasks.o
    0x00001700   0x00001700   0x000000bc   Code   RO          619    .text.prvInsertBlockIntoFreeList  heap_4.o
    0x000017bc   0x000017bc   0x00000080   Code   RO          596    .text.prvInsertTimerInActiveList  timers.o
    0x0000183c   0x0000183c   0x0000002a   Code   RO          300    .text.prvIsQueueEmpty  queue.o
    0x00001866   0x00001866   0x0000002e   Code   RO          288    .text.prvIsQueueFull  queue.o
    0x00001894   0x00001894   0x00000078   Code   RO          592    .text.prvProcessExpiredTimer  timers.o
    0x0000190c   0x0000190c   0x00000150   Code   RO          588    .text.prvProcessReceivedCommands  timers.o
    0x00001a5c   0x00001a5c   0x0000008c   Code   RO          586    .text.prvProcessTimerOrBlockTask  timers.o
    0x00001ae8   0x00001ae8   0x00000030   Code   RO          406    .text.prvResetNextTaskUnblockTime  tasks.o
    0x00001b18   0x00001b18   0x0000003c   Code   RO          590    .text.prvSampleTimeNow  timers.o
    0x00001b54   0x00001b54   0x000000b0   Code   RO          594    .text.prvSwitchTimerLists  timers.o
    0x00001c04   0x00001c04   0x0000002c   Code   RO          648    .text.prvTaskExitError  port.o
    0x00001c30   0x00001c30   0x0000001e   Code   RO          552    .text.prvTimerTask  timers.o
    0x00001c4e   0x00001c4e   0x000000b6   Code   RO          290    .text.prvUnlockQueue  queue.o
    0x00001d04   0x00001d04   0x0000004c   Code   RO          646    .text.pxPortInitialiseStack  port.o
    0x00001d50   0x00001d50   0x00000008   Code   RO          666    .text.ulSetInterruptMaskFromISR  port.o
    0x00001d58   0x00001d58   0x00000048   Code   RO          251    .text.uxListRemove  list.o
    0x00001da0   0x00001da0   0x00000028   Code   RO            8    .text.vApplicationGetIdleTaskMemory  empty.o
    0x00001dc8   0x00001dc8   0x00000028   Code   RO           10    .text.vApplicationGetTimerTaskMemory  empty.o
    0x00001df0   0x00001df0   0x0000000a   Code   RO           12    .text.vApplicationStackOverflowHook  empty.o
    0x00001dfa   0x00001dfa   0x00000006   Code   RO          668    .text.vClearInterruptMaskFromISR  port.o
    0x00001e00   0x00001e00   0x00000016   Code   RO            4    .text.vLedBlinkTask  empty.o
    0x00001e16   0x00001e16   0x0000002c   Code   RO          243    .text.vListInitialise  list.o
    0x00001e42   0x00001e42   0x0000000e   Code   RO          245    .text.vListInitialiseItem  list.o
    0x00001e50   0x00001e50   0x0000006c   Code   RO          249    .text.vListInsert   list.o
    0x00001ebc   0x00001ebc   0x0000003a   Code   RO          247    .text.vListInsertEnd  list.o
    0x00001ef6   0x00001ef6   0x00000002   PAD
    0x00001ef8   0x00001ef8   0x00000014   Code   RO          662    .text.vPortEnterCritical  port.o
    0x00001f0c   0x00001f0c   0x0000002c   Code   RO          664    .text.vPortExitCritical  port.o
    0x00001f38   0x00001f38   0x000000a0   Code   RO          621    .text.vPortFree     heap_4.o
    0x00001fd8   0x00001fd8   0x00000028   Code   RO          654    .text.vPortSetupTimerInterrupt  port.o
    0x00002000   0x00002000   0x00000034   Code   RO          656    .text.vPortStartFirstTask  port.o
    0x00002034   0x00002034   0x00000018   Code   RO          660    .text.vPortYield    port.o
    0x0000204c   0x0000204c   0x0000001c   Code   RO            6    .text.vPrintTask    empty.o
    0x00002068   0x00002068   0x0000006a   Code   RO          328    .text.vQueueWaitForMessageRestricted  queue.o
    0x000020d2   0x000020d2   0x00000002   PAD
    0x000020d4   0x000020d4   0x0000004c   Code   RO          416    .text.vTaskDelay    tasks.o
    0x00002120   0x00002120   0x0000001c   Code   RO          468    .text.vTaskInternalSetTimeOutState  tasks.o
    0x0000213c   0x0000213c   0x00000008   Code   RO          472    .text.vTaskMissedYield  tasks.o
    0x00002144   0x00002144   0x00000030   Code   RO          456    .text.vTaskPlaceOnEventList  tasks.o
    0x00002174   0x00002174   0x00000040   Code   RO          460    .text.vTaskPlaceOnEventListRestricted  tasks.o
    0x000021b4   0x000021b4   0x000000bc   Code   RO          434    .text.vTaskStartScheduler  tasks.o
    0x00002270   0x00002270   0x0000000c   Code   RO          410    .text.vTaskSuspendAll  tasks.o
    0x0000227c   0x0000227c   0x000000ec   Code   RO          428    .text.vTaskSwitchContext  tasks.o
    0x00002368   0x00002368   0x00000040   Code   RO          652    .text.xPortStartScheduler  port.o
    0x000023a8   0x000023a8   0x000000c0   Code   RO          262    .text.xQueueGenericCreateStatic  queue.o
    0x00002468   0x00002468   0x000000a0   Code   RO          260    .text.xQueueGenericReset  queue.o
    0x00002508   0x00002508   0x000001d2   Code   RO          276    .text.xQueueGenericSend  queue.o
    0x000026da   0x000026da   0x00000120   Code   RO          292    .text.xQueueGenericSendFromISR  queue.o
    0x000027fa   0x000027fa   0x000001a4   Code   RO          296    .text.xQueueReceive  queue.o
    0x0000299e   0x0000299e   0x00000002   PAD
    0x000029a0   0x000029a0   0x000000ac   Code   RO          470    .text.xTaskCheckForTimeOut  tasks.o
    0x00002a4c   0x00002a4c   0x00000094   Code   RO          394    .text.xTaskCreateStatic  tasks.o
    0x00002ae0   0x00002ae0   0x00000034   Code   RO          488    .text.xTaskGetSchedulerState  tasks.o
    0x00002b14   0x00002b14   0x00000010   Code   RO          442    .text.xTaskGetTickCount  tasks.o
    0x00002b24   0x00002b24   0x00000140   Code   RO          440    .text.xTaskIncrementTick  tasks.o
    0x00002c64   0x00002c64   0x000000b8   Code   RO          492    .text.xTaskPriorityDisinherit  tasks.o
    0x00002d1c   0x00002d1c   0x00000098   Code   RO          462    .text.xTaskRemoveFromEventList  tasks.o
    0x00002db4   0x00002db4   0x00000134   Code   RO          414    .text.xTaskResumeAll  tasks.o
    0x00002ee8   0x00002ee8   0x00000078   Code   RO          548    .text.xTimerCreateTimerTask  timers.o
    0x00002f60   0x00002f60   0x00000090   Code   RO          560    .text.xTimerGenericCommand  timers.o
    0x00002ff0   0x00002ff0   0x00000020   Code   RO          879    i.__0printf         mc_p.l(printfa.o)
    0x00003010   0x00003010   0x0000002e   Code   RO          954    i.__ARM_clz         mf_p.l(depilogue.o)
    0x0000303e   0x0000303e   0x00000002   PAD
    0x00003040   0x00003040   0x0000000e   Code   RO          958    i.__scatterload_copy  mc_p.l(handlers.o)
    0x0000304e   0x0000304e   0x00000002   PAD
    0x00003050   0x00003050   0x00000002   Code   RO          959    i.__scatterload_null  mc_p.l(handlers.o)
    0x00003052   0x00003052   0x00000006   PAD
    0x00003058   0x00003058   0x0000000e   Code   RO          960    i.__scatterload_zeroinit  mc_p.l(handlers.o)
    0x00003066   0x00003066   0x00000002   PAD
    0x00003068   0x00003068   0x00000174   Code   RO          886    i._fp_digits        mc_p.l(printfa.o)
    0x000031dc   0x000031dc   0x000006ec   Code   RO          887    i._printf_core      mc_p.l(printfa.o)
    0x000038c8   0x000038c8   0x00000020   Code   RO          888    i._printf_post_padding  mc_p.l(printfa.o)
    0x000038e8   0x000038e8   0x0000002c   Code   RO          889    i._printf_pre_padding  mc_p.l(printfa.o)
    0x00003914   0x00003914   0x00000028   Data   RO          107    .rodata.gSYSPLLConfig  ti_msp_dl_config.o
    0x0000393c   0x0000393c   0x00000003   Data   RO          110    .rodata.gTIM_delay_msClockConfig  ti_msp_dl_config.o
    0x0000393f   0x0000393f   0x00000001   PAD
    0x00003940   0x00003940   0x00000014   Data   RO          111    .rodata.gTIM_delay_msTimerConfig  ti_msp_dl_config.o
    0x00003954   0x00003954   0x00000003   Data   RO          108    .rodata.gTIM_delay_usClockConfig  ti_msp_dl_config.o
    0x00003957   0x00003957   0x00000001   PAD
    0x00003958   0x00003958   0x00000014   Data   RO          109    .rodata.gTIM_delay_usTimerConfig  ti_msp_dl_config.o
    0x0000396c   0x0000396c   0x00000002   Data   RO          112    .rodata.gUART_DEBUGClockConfig  ti_msp_dl_config.o
    0x0000396e   0x0000396e   0x0000000a   Data   RO          113    .rodata.gUART_DEBUGConfig  ti_msp_dl_config.o
    0x00003978   0x00003978   0x00000025   Data   RO           14    .rodata.str1.1      empty.o
    0x0000399d   0x0000399d   0x00000005   Data   RO          532    .rodata.str1.1      tasks.o
    0x000039a2   0x000039a2   0x00000008   Data   RO          599    .rodata.str1.1      timers.o
    0x000039aa   0x000039aa   0x00000002   PAD
    0x000039ac   0x000039ac   0x00000004   Data   RO          519    .rodata.uxTopUsedPriority  tasks.o
    0x000039b0   0x000039b0   0x00000020   Data   RO          957    Region$$Table       anon$$obj.o


    Execution Region RW_IRAM2 (Exec base: 0x20200000, Load base: 0x000039d0, Size: 0x00002c88, Max: 0x00008000, ABSOLUTE)

    Exec Addr    Load Addr    Size         Type   Attr      Idx    E Section Name        Object

    0x20200000   0x000039d0   0x00000004   Data   RW          920    .data               mc_p.l(stdout.o)
    0x20200004   0x000039d4   0x00000004   Data   RW          674    .data.uxCriticalNesting  port.o
    0x20200008        -       0x00000001   Zero   RW          201    .bss.board_led      board_led.o
    0x20200009   0x000039d8   0x00000003   PAD
    0x2020000c        -       0x00000084   Zero   RW          177    .bss.debug_uart0    uart0_debug.o
    0x20200090        -       0x000000bc   Zero   RW          106    .bss.gTIM_delay_msBackup  ti_msp_dl_config.o
    0x2020014c        -       0x000000bc   Zero   RW          105    .bss.gTIM_delay_usBackup  ti_msp_dl_config.o
    0x20200208        -       0x00001000   Zero   RW           15    .bss.led_task_stack  empty.o
    0x20201208        -       0x00000060   Zero   RW           16    .bss.led_task_tcb   empty.o
    0x20201268        -       0x00001000   Zero   RW           17    .bss.print_task_stack  empty.o
    0x20202268        -       0x00000060   Zero   RW           18    .bss.print_task_tcb  empty.o
    0x202022c8        -       0x000000f0   Zero   RW          607    .bss.prvCheckForValidListAndQueue.ucStaticTimerQueueStorage  timers.o
    0x202023b8        -       0x00000050   Zero   RW          606    .bss.prvCheckForValidListAndQueue.xStaticTimerQueue  timers.o
    0x20202408        -       0x00000004   Zero   RW          603    .bss.prvSampleTimeNow.xLastTime  timers.o
    0x2020240c        -       0x00000004   Zero   RW          518    .bss.pxCurrentTCB   tasks.o
    0x20202410        -       0x00000004   Zero   RW          601    .bss.pxCurrentTimerList  timers.o
    0x20202414        -       0x00000004   Zero   RW          527    .bss.pxDelayedTaskList  tasks.o
    0x20202418        -       0x00000004   Zero   RW          631    .bss.pxEnd          heap_4.o
    0x2020241c        -       0x00000004   Zero   RW          528    .bss.pxOverflowDelayedTaskList  tasks.o
    0x20202420        -       0x00000004   Zero   RW          602    .bss.pxOverflowTimerList  timers.o
    0x20202424        -       0x000000c8   Zero   RW          530    .bss.pxReadyTasksLists  tasks.o
    0x202024ec        -       0x00000004   Zero   RW          523    .bss.uxCurrentNumberOfTasks  tasks.o
    0x202024f0        -       0x00000004   Zero   RW          522    .bss.uxDeletedTasksWaitingCleanUp  tasks.o
    0x202024f4        -       0x00000004   Zero   RW          525    .bss.uxSchedulerSuspended  tasks.o
    0x202024f8        -       0x00000004   Zero   RW          520    .bss.uxTaskNumber   tasks.o
    0x202024fc        -       0x00000004   Zero   RW          531    .bss.uxTopReadyPriority  tasks.o
    0x20202500        -       0x00000200   Zero   RW           20    .bss.vApplicationGetIdleTaskMemory.uxIdleTaskStack  empty.o
    0x20202700        -       0x00000060   Zero   RW           19    .bss.vApplicationGetIdleTaskMemory.xIdleTaskTCB  empty.o
    0x20202760        -       0x00000200   Zero   RW           22    .bss.vApplicationGetTimerTaskMemory.uxTimerTaskStack  empty.o
    0x20202960        -       0x00000060   Zero   RW           21    .bss.vApplicationGetTimerTaskMemory.xTimerTaskTCB  empty.o
    0x202029c0        -       0x00000014   Zero   RW          604    .bss.xActiveTimerList1  timers.o
    0x202029d4        -       0x00000014   Zero   RW          605    .bss.xActiveTimerList2  timers.o
    0x202029e8        -       0x00000004   Zero   RW          632    .bss.xBlockAllocatedBit  heap_4.o
    0x202029ec        -       0x00000014   Zero   RW          539    .bss.xDelayedTaskList1  tasks.o
    0x20202a00        -       0x00000014   Zero   RW          540    .bss.xDelayedTaskList2  tasks.o
    0x20202a14        -       0x00000004   Zero   RW          633    .bss.xFreeBytesRemaining  heap_4.o
    0x20202a18        -       0x00000004   Zero   RW          533    .bss.xIdleTaskHandle  tasks.o
    0x20202a1c        -       0x00000004   Zero   RW          534    .bss.xNextTaskUnblockTime  tasks.o
    0x20202a20        -       0x00000004   Zero   RW          538    .bss.xNumOfOverflows  tasks.o
    0x20202a24        -       0x00000004   Zero   RW          637    .bss.xNumberOfSuccessfulFrees  heap_4.o
    0x20202a28        -       0x00000004   Zero   RW          537    .bss.xPendedTicks   tasks.o
    0x20202a2c        -       0x00000014   Zero   RW          535    .bss.xPendingReadyList  tasks.o
    0x20202a40        -       0x00000004   Zero   RW          524    .bss.xSchedulerRunning  tasks.o
    0x20202a44        -       0x00000008   Zero   RW          634    .bss.xStart         heap_4.o
    0x20202a4c        -       0x00000014   Zero   RW          529    .bss.xSuspendedTaskList  tasks.o
    0x20202a60        -       0x00000014   Zero   RW          521    .bss.xTasksWaitingTermination  tasks.o
    0x20202a74        -       0x00000004   Zero   RW          526    .bss.xTickCount     tasks.o
    0x20202a78        -       0x00000004   Zero   RW          598    .bss.xTimerQueue    timers.o
    0x20202a7c        -       0x00000004   Zero   RW          600    .bss.xTimerTaskHandle  timers.o
    0x20202a80        -       0x00000004   Zero   RW          536    .bss.xYieldPending  tasks.o
    0x20202a84   0x000039d8   0x00000004   PAD
    0x20202a88        -       0x00000200   Zero   RW          120    STACK               startup_mspm0g350x_uvision.o



  Load Region LR_BCR (Base: 0x41c00000, Size: 0x00000000, Max: 0x00000100, ABSOLUTE)

    Execution Region BCR_CONFIG (Exec base: 0x41c00000, Load base: 0x41c00000, Size: 0x00000000, Max: 0x000000ff, ABSOLUTE)

    **** No section assigned to this execution region ****



  Load Region LR_BSL (Base: 0x41c00100, Size: 0x00000000, Max: 0x00000100, ABSOLUTE)

    Execution Region BSL_CONFIG (Exec base: 0x41c00100, Load base: 0x41c00100, Size: 0x00000000, Max: 0x00000080, ABSOLUTE)

    **** No section assigned to this execution region ****


==============================================================================

Image component sizes


      Code (inc. data)   RO Data    RW Data    ZI Data      Debug   Object Name

        94         12          0          0          1       4425   board_led.o
       248         52         37          0       9600       2782   empty.o
       348         20          0          0         24       4047   heap_4.o
       296          0          0          0          0       2133   list.o
       492         48          0          4          0       2559   port.o
      2252          0          0          0          0      13389   queue.o
        20          4        192          0        512        660   startup_mspm0g350x_uvision.o
      3026        204          9          0        360      22238   tasks.o
      1352        128         98          0        376      23658   ti_msp_dl_config.o
      1414        108          8          0        380       9733   timers.o
       322         24          0          0        132       6750   uart0_debug.o

    ----------------------------------------------------------------------
      9894        600        380          4      11392      92374   Object Totals
         0          0         32          0          0          0   (incl. Generated)
        30          0          4          0          7          0   (incl. Padding)

    ----------------------------------------------------------------------

      Code (inc. data)   RO Data    RW Data    ZI Data      Debug   Library Member Name

        10          0          0          0          0        802   dl_common.o
       312         24          0          0          0      12876   dl_sysctl_mspm0g1x0x_g3x0x.o
       268        160          0          0          0      41556   dl_timer.o
        90          8          0          0          0      14162   dl_uart.o
         0          0          0          0          0          0   entry.o
         0          0          0          0          0          0   entry10a.o
         0          0          0          0          0          0   entry11a.o
         8          4          0          0          0          0   entry2.o
         4          0          0          0          0          0   entry5.o
         0          0          0          0          0          0   entry7b.o
         0          0          0          0          0          0   entry8b.o
         8          4          0          0          0          0   entry9a.o
        30          0          0          0          0          0   handlers.o
        48         10          0          0          0         68   init.o
         0          0          0          0          0          0   iusefp.o
        32          0          0          0          0         68   llshl.o
        38          0          0          0          0         68   llsshr.o
        34          0          0          0          0         68   llushr.o
        36          0          0          0          0         60   memcpya.o
        36          0          0          0          0        100   memseta.o
      2252         98          0          0          0        412   printfa.o
         0          0          0          4          0          0   stdout.o
        62          0          0          0          0         72   uidiv_div0.o
        96          0          0          0          0         84   uldiv.o
        40          2          0          0          0         68   cdrcmple.o
       356          4          0          0          0        140   dadd.o
       240          6          0          0          0         84   ddiv.o
       236          0          0          0          0        216   depilogue.o
        64         10          0          0          0         68   dfixul.o
       208          6          0          0          0         88   dmul.o

    ----------------------------------------------------------------------
      4526        340          0          4          0      71060   Library Totals
        18          4          0          0          0          0   (incl. Padding)

    ----------------------------------------------------------------------

      Code (inc. data)   RO Data    RW Data    ZI Data      Debug   Library Name

       680        192          0          0          0      69396   driverlib.a
      2684        116          0          4          0       1000   mc_p.l
      1144         28          0          0          0        664   mf_p.l

    ----------------------------------------------------------------------
      4526        340          0          4          0      71060   Library Totals

    ----------------------------------------------------------------------

==============================================================================


      Code (inc. data)   RO Data    RW Data    ZI Data      Debug   

     14420        940        380          8      11392     162526   Grand Totals
     14420        940        380          8      11392     162526   ELF Image Totals
     14420        940        380          8          0          0   ROM Totals

==============================================================================

    Total RO  Size (Code + RO Data)                14800 (  14.45kB)
    Total RW  Size (RW Data + ZI Data)             11400 (  11.13kB)
    Total ROM Size (Code + RO Data + RW Data)      14808 (  14.46kB)

==============================================================================

