<html>
<body>
<pre>
<h1>µVision Build Log</h1>
<h2>Tool Versions:</h2>
IDE-Version: ¦ÌVision V5.39.0.0
Copyright (C) 2023 ARM Ltd and ARM Germany GmbH. All rights reserved.
License Information: eee Áõ¼Î¿¡, ee, LIC=LSNXV-PHFQW-VE7HA-18USJ-D1AV4-XBPSK
 
Tool Versions:
Toolchain:       MDK-ARM Plus  Version: 5.39.0.0
Toolchain Path:  I:\Keil5\keil5_mdk\ARM\ARMCLANG\Bin
C Compiler:      ArmClang.exe V6.21
Assembler:       Armasm.exe V6.21
Linker/Locator:  ArmLink.exe V6.21
Library Manager: ArmAr.exe V6.21
Hex Converter:   FromElf.exe V6.21
CPU DLL:         SARMCM3.DLL V5.39.0.0
Dialog DLL:      DARMCM1.DLL V1.19.6.0
Target DLL:      CMSIS_AGDI.dll V1.33.16.0
Dialog DLL:      TARMCM1.DLL V1.14.6.0
 
<h2>Project:</h2>
D:\TI_M0G3507\mspm0_sdk_2_05_00_05\examples\nortos\LP_MSPM0G3507\driverlib\gpio_toggle_output\keil\gpio_toggle_output_LP_MSPM0G3507_nortos_keil.uvprojx
Project File Date:  06/25/2025

<h2>Output:</h2>
*** Using Compiler 'V6.21', folder: 'I:\Keil5\keil5_mdk\ARM\ARMCLANG\Bin'
Build target 'gpio_toggle_output_LP_MSPM0G3507_nortos_keil'
Before Build - User command #1: cmd.exe /C "D:\TI_M0G3507\mspm0_sdk_2_05_00_05\examples\nortos\LP_MSPM0G3507\driverlib\gpio_toggle_output\keil\../../../../../../tools/keil/syscfg.bat 'D:\TI_M0G3507\mspm0_sdk_2_05_00_05\examples\nortos\LP_MSPM0G3507\driverlib\gpio_toggle_output\keil\' gpio_toggle_output.syscfg"
Using Sysconfig Tool from "D:\TI_SYSCONFIG\sysconfig_cli.bat"
"Update the file located at <sdk path>/tools/keil/syscfg.bat to use a different version"
Running script...
Validating...
Generating Code (gpio_toggle_output.syscfg)...
Writing D:\TI_M0G3507\mspm0_sdk_2_05_00_05\examples\nortos\LP_MSPM0G3507\driverlib\gpio_toggle_output\ti_msp_dl_config.c...
Writing D:\TI_M0G3507\mspm0_sdk_2_05_00_05\examples\nortos\LP_MSPM0G3507\driverlib\gpio_toggle_output\ti_msp_dl_config.h...
Unchanged D:\TI_M0G3507\mspm0_sdk_2_05_00_05\examples\nortos\LP_MSPM0G3507\driverlib\gpio_toggle_output\Event.dot...
compiling ti_msp_dl_config.c...
linking...
Program Size: Code=1336 RO-data=248 RW-data=0 ZI-data=8192  
FromELF: creating hex file...
".\Objects\gpio_toggle_output_LP_MSPM0G3507_nortos_keil.axf" - 0 Error(s), 0 Warning(s).

<h2>Software Packages used:</h2>

Package Vendor: TexasInstruments
                https://software-dl.ti.com/msp430/esd/MSPM0-CMSIS/MSPM0G1X0X_G3X0X/latest/exports/TexasInstruments.MSPM0G1X0X_G3X0X_DFP.1.3.1.pack
                TexasInstruments::MSPM0G1X0X_G3X0X_DFP@1.3.1
                Device Family Pack for Texas Instruments MSPM0G1X0X_G3X0X Series

<h2>Collection of Component include folders:</h2>

<h2>Collection of Component Files used:</h2>
Build Time Elapsed:  00:00:01
</pre>
</body>
</html>
