Component: Arm Compiler for Embedded 6.21 Tool: armlink [5ec1fa00]

==============================================================================

Section Cross References

    empty.o(.text.main) refers to uart0_debug.o(.text.debug_uart_init) for debug_uart_init
    empty.o(.text.main) refers to thread.o(.text.rt_thread_init) for rt_thread_init
    empty.o(.text.main) refers to thread.o(.text.rt_thread_startup) for rt_thread_startup
    empty.o(.text.main) refers to empty.o(.bss.led_thread_stack) for [Anonymous Symbol]
    empty.o(.text.main) refers to empty.o(.bss.led_thread) for [Anonymous Symbol]
    empty.o(.text.main) refers to empty.o(.text.led_thread_entry) for led_thread_entry
    empty.o(.text.main) refers to empty.o(.bss.print_thread_stack) for [Anonymous Symbol]
    empty.o(.text.main) refers to empty.o(.bss.print_thread) for [Anonymous Symbol]
    empty.o(.text.main) refers to empty.o(.text.print_thread_entry) for print_thread_entry
    empty.o(.ARM.exidx.text.main) refers to empty.o(.text.main) for [Anonymous Symbol]
    empty.o(.text.led_thread_entry) refers to board_led.o(.text.board_led_on) for board_led_on
    empty.o(.text.led_thread_entry) refers to thread.o(.text.rt_thread_mdelay) for rt_thread_mdelay
    empty.o(.text.led_thread_entry) refers to board_led.o(.text.board_led_off) for board_led_off
    empty.o(.ARM.exidx.text.led_thread_entry) refers to empty.o(.text.led_thread_entry) for [Anonymous Symbol]
    empty.o(.text.print_thread_entry) refers to kservice.o(.text.rt_kprintf) for rt_kprintf
    empty.o(.text.print_thread_entry) refers to thread.o(.text.rt_thread_mdelay) for rt_thread_mdelay
    empty.o(.ARM.exidx.text.print_thread_entry) refers to empty.o(.text.print_thread_entry) for [Anonymous Symbol]
    ti_msp_dl_config.o(.text.SYSCFG_DL_init) refers to ti_msp_dl_config.o(.text.SYSCFG_DL_initPower) for SYSCFG_DL_initPower
    ti_msp_dl_config.o(.text.SYSCFG_DL_init) refers to ti_msp_dl_config.o(.text.SYSCFG_DL_GPIO_init) for SYSCFG_DL_GPIO_init
    ti_msp_dl_config.o(.text.SYSCFG_DL_init) refers to ti_msp_dl_config.o(.text.SYSCFG_DL_SYSCTL_init) for SYSCFG_DL_SYSCTL_init
    ti_msp_dl_config.o(.text.SYSCFG_DL_init) refers to ti_msp_dl_config.o(.text.SYSCFG_DL_TIM_delay_us_init) for SYSCFG_DL_TIM_delay_us_init
    ti_msp_dl_config.o(.text.SYSCFG_DL_init) refers to ti_msp_dl_config.o(.text.SYSCFG_DL_TIM_delay_ms_init) for SYSCFG_DL_TIM_delay_ms_init
    ti_msp_dl_config.o(.text.SYSCFG_DL_init) refers to ti_msp_dl_config.o(.text.SYSCFG_DL_UART_DEBUG_init) for SYSCFG_DL_UART_DEBUG_init
    ti_msp_dl_config.o(.text.SYSCFG_DL_init) refers to ti_msp_dl_config.o(.text.SYSCFG_DL_SYSTICK_init) for SYSCFG_DL_SYSTICK_init
    ti_msp_dl_config.o(.text.SYSCFG_DL_init) refers to ti_msp_dl_config.o(.bss.gTIM_delay_msBackup) for gTIM_delay_msBackup
    ti_msp_dl_config.o(.text.SYSCFG_DL_init) refers to ti_msp_dl_config.o(.bss.gTIM_delay_usBackup) for gTIM_delay_usBackup
    ti_msp_dl_config.o(.ARM.exidx.text.SYSCFG_DL_init) refers to ti_msp_dl_config.o(.text.SYSCFG_DL_init) for [Anonymous Symbol]
    ti_msp_dl_config.o(.text.SYSCFG_DL_initPower) refers to dl_common.o(.text.DL_Common_delayCycles) for DL_Common_delayCycles
    ti_msp_dl_config.o(.ARM.exidx.text.SYSCFG_DL_initPower) refers to ti_msp_dl_config.o(.text.SYSCFG_DL_initPower) for [Anonymous Symbol]
    ti_msp_dl_config.o(.ARM.exidx.text.SYSCFG_DL_GPIO_init) refers to ti_msp_dl_config.o(.text.SYSCFG_DL_GPIO_init) for [Anonymous Symbol]
    ti_msp_dl_config.o(.text.SYSCFG_DL_SYSCTL_init) refers to dl_sysctl_mspm0g1x0x_g3x0x.o(.text.DL_SYSCTL_setHFCLKSourceHFXTParams) for DL_SYSCTL_setHFCLKSourceHFXTParams
    ti_msp_dl_config.o(.text.SYSCFG_DL_SYSCTL_init) refers to dl_sysctl_mspm0g1x0x_g3x0x.o(.text.DL_SYSCTL_configSYSPLL) for DL_SYSCTL_configSYSPLL
    ti_msp_dl_config.o(.text.SYSCFG_DL_SYSCTL_init) refers to dl_sysctl_mspm0g1x0x_g3x0x.o(.text.DL_SYSCTL_switchMCLKfromSYSOSCtoHSCLK) for DL_SYSCTL_switchMCLKfromSYSOSCtoHSCLK
    ti_msp_dl_config.o(.text.SYSCFG_DL_SYSCTL_init) refers to ti_msp_dl_config.o(.rodata.gSYSPLLConfig) for [Anonymous Symbol]
    ti_msp_dl_config.o(.ARM.exidx.text.SYSCFG_DL_SYSCTL_init) refers to ti_msp_dl_config.o(.text.SYSCFG_DL_SYSCTL_init) for [Anonymous Symbol]
    ti_msp_dl_config.o(.text.SYSCFG_DL_TIM_delay_us_init) refers to dl_timer.o(.text.DL_Timer_setClockConfig) for DL_Timer_setClockConfig
    ti_msp_dl_config.o(.text.SYSCFG_DL_TIM_delay_us_init) refers to dl_timer.o(.text.DL_Timer_initTimerMode) for DL_Timer_initTimerMode
    ti_msp_dl_config.o(.text.SYSCFG_DL_TIM_delay_us_init) refers to ti_msp_dl_config.o(.rodata.gTIM_delay_usClockConfig) for [Anonymous Symbol]
    ti_msp_dl_config.o(.text.SYSCFG_DL_TIM_delay_us_init) refers to ti_msp_dl_config.o(.rodata.gTIM_delay_usTimerConfig) for [Anonymous Symbol]
    ti_msp_dl_config.o(.ARM.exidx.text.SYSCFG_DL_TIM_delay_us_init) refers to ti_msp_dl_config.o(.text.SYSCFG_DL_TIM_delay_us_init) for [Anonymous Symbol]
[...]
    __arm_cp.1_3                             0x000007e8   Number         4  ti_msp_dl_config.o(.text.SYSCFG_DL_initPower)
    __arm_cp.1_4                             0x000007ec   Number         4  ti_msp_dl_config.o(.text.SYSCFG_DL_initPower)
    __arm_cp.1_5                             0x000007f0   Number         4  ti_msp_dl_config.o(.text.SYSCFG_DL_initPower)
    __arm_cp.1_6                             0x000007f4   Number         4  ti_msp_dl_config.o(.text.SYSCFG_DL_initPower)
    [Anonymous Symbol]                       0x000007f8   Section        0  board.o(.text.SysTick_Handler)
    [Anonymous Symbol]                       0x00000808   Section        0  uart0_debug.o(.text.UART0_IRQHandler)
    [Anonymous Symbol]                       0x0000080c   Section        0  kservice.o(.text.__rt_ffs)
    __arm_cp.26_0                            0x00000844   Number         4  kservice.o(.text.__rt_ffs)
    [Anonymous Symbol]                       0x00000848   Section        0  board_led.o(.text.board_led_off)
    __arm_cp.1_1                             0x00000858   Number         4  board_led.o(.text.board_led_off)
    [Anonymous Symbol]                       0x0000085c   Section        0  board_led.o(.text.board_led_on)
    __arm_cp.0_0                             0x0000086c   Number         4  board_led.o(.text.board_led_on)
    __arm_cp.0_1                             0x00000870   Number         4  board_led.o(.text.board_led_on)
    [Anonymous Symbol]                       0x00000874   Section        0  msh.o(.text.cmd_free)
    [Anonymous Symbol]                       0x0000087e   Section        0  msh.o(.text.cmd_ps)
    [Anonymous Symbol]                       0x00000888   Section        0  uart0_debug.o(.text.debug_uart_init)
    __arm_cp.0_0                             0x00000898   Number         4  uart0_debug.o(.text.debug_uart_init)
    __arm_cp.0_1                             0x0000089c   Number         4  uart0_debug.o(.text.debug_uart_init)
    [Anonymous Symbol]                       0x000008a0   Section        0  shell.o(.text.finsh_system_init)
    __arm_cp.9_0                             0x00000910   Number         4  shell.o(.text.finsh_system_init)
    __arm_cp.9_1                             0x00000914   Number         4  shell.o(.text.finsh_system_init)
    __arm_cp.9_2                             0x00000918   Number         4  shell.o(.text.finsh_system_init)
    __arm_cp.9_3                             0x0000091c   Number         4  shell.o(.text.finsh_system_init)
    __arm_cp.9_4                             0x00000920   Number         4  shell.o(.text.finsh_system_init)
    __arm_cp.9_6                             0x0000092c   Number         4  shell.o(.text.finsh_system_init)
    [Anonymous Symbol]                       0x00000950   Section        0  shell.o(.text.finsh_thread_entry)
    __arm_cp.6_14                            0x00000b88   Number         4  shell.o(.text.finsh_thread_entry)
    __arm_cp.6_19                            0x00000b9c   Number         4  shell.o(.text.finsh_thread_entry)
    __arm_cp.6_1                             0x00000e08   Number         4  shell.o(.text.finsh_thread_entry)
    __arm_cp.6_2                             0x00000e0c   Number         4  shell.o(.text.finsh_thread_entry)
    __arm_cp.6_3                             0x00000e10   Number         4  shell.o(.text.finsh_thread_entry)
    __arm_cp.6_4                             0x00000e14   Number         4  shell.o(.text.finsh_thread_entry)
    __arm_cp.6_5                             0x00000e18   Number         4  shell.o(.text.finsh_thread_entry)
    __arm_cp.6_7                             0x00000e1c   Number         4  shell.o(.text.finsh_thread_entry)
    [Anonymous Symbol]                       0x00000e38   Section        0  uart0_debug.o(.text.fputc)
    __arm_cp.6_0                             0x00000e58   Number         4  uart0_debug.o(.text.fputc)
    [Anonymous Symbol]                       0x00000e5c   Section        0  cmd.o(.text.hello)
    led_thread_entry                         0x00000e7d   Thumb Code    26  empty.o(.text.led_thread_entry)
    [Anonymous Symbol]                       0x00000e7c   Section        0  empty.o(.text.led_thread_entry)
    [Anonymous Symbol]                       0x00000e98   Section        0  cmd.o(.text.list)
    __arm_cp.6_1                             0x00000ef4   Number         4  cmd.o(.text.list)
    __arm_cp.6_2                             0x00000ef8   Number         4  cmd.o(.text.list)
    [Anonymous Symbol]                       0x00000f10   Section        0  cmd.o(.text.list_mailbox)
    __arm_cp.4_2                             0x0000110c   Number         4  cmd.o(.text.list_mailbox)
    __arm_cp.4_5                             0x00001144   Number         4  cmd.o(.text.list_mailbox)
    __arm_cp.4_6                             0x00001148   Number         4  cmd.o(.text.list_mailbox)
    __arm_cp.4_7                             0x0000114c   Number         4  cmd.o(.text.list_mailbox)
    [Anonymous Symbol]                       0x00001168   Section        0  mem.o(.text.list_mem)
    __arm_cp.6_0                             0x0000118c   Number         4  mem.o(.text.list_mem)
    __arm_cp.6_2                             0x000011a4   Number         4  mem.o(.text.list_mem)
    __arm_cp.6_4                             0x000011bc   Number         4  mem.o(.text.list_mem)
    [Anonymous Symbol]                       0x000011e0   Section        0  cmd.o(.text.list_sem)
    __arm_cp.3_2                             0x000013d0   Number         4  cmd.o(.text.list_sem)
    __arm_cp.3_5                             0x000013fc   Number         4  cmd.o(.text.list_sem)
    __arm_cp.3_6                             0x00001400   Number         4  cmd.o(.text.list_sem)
    __arm_cp.3_7                             0x00001404   Number         4  cmd.o(.text.list_sem)
    [Anonymous Symbol]                       0x00001418   Section        0  cmd.o(.text.list_thread)
    __arm_cp.2_0                             0x000015bc   Number         4  cmd.o(.text.list_thread)
    __arm_cp.2_2                             0x000015c8   Number         4  cmd.o(.text.list_thread)
    [Anonymous Symbol]                       0x00001654   Section        0  cmd.o(.text.list_timer)
    __arm_cp.5_2                             0x000017cc   Number         4  cmd.o(.text.list_timer)
    __arm_cp.5_7                             0x00001828   Number         4  cmd.o(.text.list_timer)
    [Anonymous Symbol]                       0x0000182c   Section        0  empty.o(.text.main)
    __arm_cp.0_0                             0x00001880   Number         4  empty.o(.text.main)
    __arm_cp.0_1                             0x00001884   Number         4  empty.o(.text.main)
    __arm_cp.0_3                             0x00001894   Number         4  empty.o(.text.main)
    __arm_cp.0_4                             0x00001898   Number         4  empty.o(.text.main)
    __arm_cp.0_5                             0x0000189c   Number         4  empty.o(.text.main)
    __arm_cp.0_7                             0x000018b0   Number         4  empty.o(.text.main)
    [Anonymous Symbol]                       0x000018b4   Section        0  components.o(.text.main_thread_entry)
    __arm_cp.8_0                             0x000018cc   Number         4  components.o(.text.main_thread_entry)
    __arm_cp.8_1                             0x000018d0   Number         4  components.o(.text.main_thread_entry)
    [Anonymous Symbol]                       0x000018d4   Section        0  msh.o(.text.msh_auto_complete)
    __arm_cp.5_0                             0x00001a1c   Number         4  msh.o(.text.msh_auto_complete)
    __arm_cp.5_1                             0x00001a20   Number         4  msh.o(.text.msh_auto_complete)
    __arm_cp.5_2                             0x00001a24   Number         4  msh.o(.text.msh_auto_complete)
    [Anonymous Symbol]                       0x00001a2c   Section        0  msh.o(.text.msh_exec)
    __arm_cp.4_0                             0x00001c88   Number         4  msh.o(.text.msh_exec)
    __arm_cp.4_1                             0x00001c8c   Number         4  msh.o(.text.msh_exec)
    __arm_cp.4_2                             0x00001c90   Number         4  msh.o(.text.msh_exec)
    __arm_cp.4_5                             0x00001cb8   Number         4  msh.o(.text.msh_exec)
    [Anonymous Symbol]                       0x00001cd4   Section        0  msh.o(.text.msh_help)
    __arm_cp.1_0                             0x00001d20   Number         4  msh.o(.text.msh_help)
    __arm_cp.1_1                             0x00001d24   Number         4  msh.o(.text.msh_help)
    __arm_cp.1_2                             0x00001d28   Number         4  msh.o(.text.msh_help)
    __arm_cp.1_3                             0x00001d2c   Number         4  msh.o(.text.msh_help)
    __arm_cp.1_4                             0x00001d30   Number         4  msh.o(.text.msh_help)
    __arm_cp.1_5                             0x00001d34   Number         4  msh.o(.text.msh_help)
    [Anonymous Symbol]                       0x00001d38   Section        0  msh.o(.text.msh_is_used)
    print_number                             0x00001d3d   Thumb Code  1132  kservice.o(.text.print_number)
    [Anonymous Symbol]                       0x00001d3c   Section        0  kservice.o(.text.print_number)
    print_number.large_digits                0x00002108   Number         0  kservice.o(.text.print_number)
    print_number.small_digits                0x0000211c   Number         0  kservice.o(.text.print_number)
    print_thread_entry                       0x000021a9   Thumb Code    20  empty.o(.text.print_thread_entry)
    [Anonymous Symbol]                       0x000021a8   Section        0  empty.o(.text.print_thread_entry)
    [Anonymous Symbol]                       0x000021c8   Section        0  mem.o(.text.rt_calloc)
    [Anonymous Symbol]                       0x000021e8   Section        0  components.o(.text.rt_components_board_init)
    __arm_cp.4_0                             0x000021fc   Number         4  components.o(.text.rt_components_board_init)
    __arm_cp.4_1                             0x00002200   Number         4  components.o(.text.rt_components_board_init)
    [Anonymous Symbol]                       0x00002204   Section        0  scheduler.o(.text.rt_enter_critical)
    [Anonymous Symbol]                       0x00002218   Section        0  scheduler.o(.text.rt_exit_critical)
    __arm_cp.6_0                             0x00002248   Number         4  scheduler.o(.text.rt_exit_critical)
    [Anonymous Symbol]                       0x0000224c   Section        0  mem.o(.text.rt_free)
    __arm_cp.3_0                             0x00002324   Number         4  mem.o(.text.rt_free)
    __arm_cp.3_1                             0x00002328   Number         4  mem.o(.text.rt_free)
    __arm_cp.3_2                             0x0000232c   Number         4  mem.o(.text.rt_free)
    __arm_cp.3_5                             0x0000237c   Number         4  mem.o(.text.rt_free)
    __arm_cp.3_6                             0x00002380   Number         4  mem.o(.text.rt_free)
    [Anonymous Symbol]                       0x00002384   Section        0  board.o(.text.rt_heap_begin_get)
    [Anonymous Symbol]                       0x00002388   Section        0  board.o(.text.rt_heap_end_get)
    __arm_cp.1_0                             0x00002394   Number         4  board.o(.text.rt_heap_end_get)
    [Anonymous Symbol]                       0x00002398   Section        0  board.o(.text.rt_hw_board_init)
    [Anonymous Symbol]                       0x000023b8   Section        0  finsh_port.o(.text.rt_hw_console_getchar)
    __arm_cp.0_0                             0x000023d0   Number         4  finsh_port.o(.text.rt_hw_console_getchar)
    __arm_cp.0_1                             0x000023d4   Number         4  finsh_port.o(.text.rt_hw_console_getchar)
    [Anonymous Symbol]                       0x000023d8   Section        0  board.o(.text.rt_hw_console_output)
    [Anonymous Symbol]                       0x000023e8   Section        0  cpuport.o(.text.rt_hw_hard_fault_exception)
    __arm_cp.1_8                             0x000024bc   Number         4  cpuport.o(.text.rt_hw_hard_fault_exception)
    [Anonymous Symbol]                       0x000024dc   Section        0  cpuport.o(.text.rt_hw_stack_init)
    __arm_cp.0_0                             0x00002540   Number         4  cpuport.o(.text.rt_hw_stack_init)
    [Anonymous Symbol]                       0x00002544   Section        0  irq.o(.text.rt_interrupt_enter)
    [Anonymous Symbol]                       0x00002558   Section        0  irq.o(.text.rt_interrupt_leave)
    __arm_cp.1_0                             0x0000256c   Number         4  irq.o(.text.rt_interrupt_leave)
    [Anonymous Symbol]                       0x00002570   Section        0  kservice.o(.text.rt_kprintf)
    __arm_cp.16_0                            0x0000259c   Number         4  kservice.o(.text.rt_kprintf)
    [Anonymous Symbol]                       0x000025a0   Section        0  mem.o(.text.rt_malloc)
    __arm_cp.1_0                             0x000026bc   Number         4  mem.o(.text.rt_malloc)
    __arm_cp.1_1                             0x000026c0   Number         4  mem.o(.text.rt_malloc)
    __arm_cp.1_2                             0x000026c4   Number         4  mem.o(.text.rt_malloc)
    __arm_cp.1_3                             0x000026c8   Number         4  mem.o(.text.rt_malloc)
    __arm_cp.1_4                             0x000026cc   Number         4  mem.o(.text.rt_malloc)
    __arm_cp.1_5                             0x000026d0   Number         4  mem.o(.text.rt_malloc)
    __arm_cp.1_6                             0x000026d4   Number         4  mem.o(.text.rt_malloc)
    [Anonymous Symbol]                       0x000026d8   Section        0  kservice.o(.text.rt_memmove)
    [Anonymous Symbol]                       0x000027ac   Section        0  kservice.o(.text.rt_memset)
    __arm_cp.3_0                             0x00002890   Number         4  kservice.o(.text.rt_memset)
    [Anonymous Symbol]                       0x00002894   Section        0  object.o(.text.rt_object_allocate)
    [Anonymous Symbol]                       0x00002910   Section        0  object.o(.text.rt_object_delete)
    [Anonymous Symbol]                       0x0000293a   Section        0  object.o(.text.rt_object_detach)
    [Anonymous Symbol]                       0x00002960   Section        0  object.o(.text.rt_object_get_information)
    [Anonymous Symbol]                       0x00002994   Section        0  object.o(.text.rt_object_init)
    __arm_cp.4_0                             0x00002a18   Number         4  object.o(.text.rt_object_init)
    [Anonymous Symbol]                       0x00002a1c   Section        0  object.o(.text.rt_object_is_systemobject)
    [Anonymous Symbol]                       0x00002a24   Section        0  scheduler.o(.text.rt_schedule)
    __arm_cp.2_0                             0x00002a78   Number         4  scheduler.o(.text.rt_schedule)
    __arm_cp.2_3                             0x00002a7c   Number         4  scheduler.o(.text.rt_schedule)
    __arm_cp.2_4                             0x00002a80   Number         4  scheduler.o(.text.rt_schedule)
    __arm_cp.2_5                             0x00002a84   Number         4  scheduler.o(.text.rt_schedule)
    [Anonymous Symbol]                       0x00002a88   Section        0  scheduler.o(.text.rt_schedule_insert_thread)
    [Anonymous Symbol]                       0x00002ac8   Section        0  scheduler.o(.text.rt_schedule_remove_thread)
    __arm_cp.4_0                             0x00002b08   Number         4  scheduler.o(.text.rt_schedule_remove_thread)
    __arm_cp.4_1                             0x00002b0c   Number         4  scheduler.o(.text.rt_schedule_remove_thread)
    [Anonymous Symbol]                       0x00002b10   Section        0  ipc.o(.text.rt_sem_init)
    [Anonymous Symbol]                       0x00002b30   Section        0  ipc.o(.text.rt_sem_release)
    __arm_cp.6_0                             0x00002b7c   Number         4  ipc.o(.text.rt_sem_release)
    [Anonymous Symbol]                       0x00002b80   Section        0  ipc.o(.text.rt_sem_take)
    [Anonymous Symbol]                       0x00002c7c   Section        0  kservice.o(.text.rt_show_version)
    [Anonymous Symbol]                       0x00002d30   Section        0  kservice.o(.text.rt_strncpy)
    [Anonymous Symbol]                       0x00002db8   Section        0  mem.o(.text.rt_system_heap_init)
    __arm_cp.0_0                             0x00002e20   Number         4  mem.o(.text.rt_system_heap_init)
    __arm_cp.0_1                             0x00002e24   Number         4  mem.o(.text.rt_system_heap_init)
    __arm_cp.0_2                             0x00002e28   Number         4  mem.o(.text.rt_system_heap_init)
    __arm_cp.0_3                             0x00002e2c   Number         4  mem.o(.text.rt_system_heap_init)
    __arm_cp.0_4                             0x00002e30   Number         4  mem.o(.text.rt_system_heap_init)
    __arm_cp.0_6                             0x00002e3c   Number         4  mem.o(.text.rt_system_heap_init)
    [Anonymous Symbol]                       0x00002e7c   Section        0  scheduler.o(.text.rt_system_scheduler_init)
    __arm_cp.0_0                             0x00002f34   Number         4  scheduler.o(.text.rt_system_scheduler_init)
    __arm_cp.0_3                             0x00002f38   Number         4  scheduler.o(.text.rt_system_scheduler_init)
    [Anonymous Symbol]                       0x00002f3c   Section        0  scheduler.o(.text.rt_system_scheduler_start)
    __arm_cp.1_0                             0x00002f60   Number         4  scheduler.o(.text.rt_system_scheduler_start)
    __arm_cp.1_1                             0x00002f64   Number         4  scheduler.o(.text.rt_system_scheduler_start)
    [Anonymous Symbol]                       0x00002f68   Section        0  timer.o(.text.rt_system_timer_init)
    __arm_cp.9_0                             0x00002f70   Number         4  timer.o(.text.rt_system_timer_init)
    [Anonymous Symbol]                       0x00002f74   Section        0  timer.o(.text.rt_system_timer_thread_init)
    [Anonymous Symbol]                       0x00002f78   Section        0  thread.o(.text.rt_thread_create)
    [Anonymous Symbol]                       0x00003010   Section        0  thread.o(.text.rt_thread_exit)
    rt_thread_idle_entry                     0x00003075   Thumb Code     6  idle.o(.text.rt_thread_idle_entry)
    [Anonymous Symbol]                       0x00003074   Section        0  idle.o(.text.rt_thread_idle_entry)
    [Anonymous Symbol]                       0x0000307c   Section        0  idle.o(.text.rt_thread_idle_excute)
    __arm_cp.0_0                             0x000030c0   Number         4  idle.o(.text.rt_thread_idle_excute)
    [Anonymous Symbol]                       0x000030c4   Section        0  idle.o(.text.rt_thread_idle_init)
    __arm_cp.1_0                             0x000030f4   Number         4  idle.o(.text.rt_thread_idle_init)
    __arm_cp.1_1                             0x000030f8   Number         4  idle.o(.text.rt_thread_idle_init)
    __arm_cp.1_3                             0x00003104   Number         4  idle.o(.text.rt_thread_idle_init)
    [Anonymous Symbol]                       0x00003108   Section        0  thread.o(.text.rt_thread_init)
    __arm_cp.1_0                             0x0000317c   Number         4  thread.o(.text.rt_thread_init)
    __arm_cp.1_1                             0x00003180   Number         4  thread.o(.text.rt_thread_init)
    [Anonymous Symbol]                       0x00003184   Section        0  thread.o(.text.rt_thread_mdelay)
    [Anonymous Symbol]                       0x00003192   Section        0  thread.o(.text.rt_thread_resume)
    [Anonymous Symbol]                       0x000031d8   Section        0  thread.o(.text.rt_thread_self)
    [Anonymous Symbol]                       0x000031e0   Section        0  thread.o(.text.rt_thread_sleep)
    [Anonymous Symbol]                       0x00003254   Section        0  thread.o(.text.rt_thread_startup)
    __arm_cp.3_0                             0x000032a8   Number         4  thread.o(.text.rt_thread_startup)
    [Anonymous Symbol]                       0x000032ac   Section        0  thread.o(.text.rt_thread_suspend)
    [Anonymous Symbol]                       0x000032f2   Section        0  thread.o(.text.rt_thread_timeout)
    [Anonymous Symbol]                       0x00003318   Section        0  thread.o(.text.rt_thread_yield)
    __arm_cp.8_0                             0x0000336c   Number         4  thread.o(.text.rt_thread_yield)
    __arm_cp.8_1                             0x00003370   Number         4  thread.o(.text.rt_thread_yield)
    [Anonymous Symbol]                       0x00003374   Section        0  clock.o(.text.rt_tick_from_millisecond)
    [Anonymous Symbol]                       0x0000337c   Section        0  clock.o(.text.rt_tick_get)
    [Anonymous Symbol]                       0x00003384   Section        0  clock.o(.text.rt_tick_increase)
    __arm_cp.3_0                             0x000033b0   Number         4  clock.o(.text.rt_tick_increase)
    [Anonymous Symbol]                       0x000033b4   Section        0  timer.o(.text.rt_timer_check)
    __arm_cp.7_1                             0x00003448   Number         4  timer.o(.text.rt_timer_check)
    [Anonymous Symbol]                       0x0000344c   Section        0  timer.o(.text.rt_timer_control)
    [Anonymous Symbol]                       0x0000349e   Section        0  timer.o(.text.rt_timer_detach)
    [Anonymous Symbol]                       0x000034ce   Section        0  timer.o(.text.rt_timer_init)
    [Anonymous Symbol]                       0x000034fc   Section        0  timer.o(.text.rt_timer_start)
    __arm_cp.4_0                             0x00003584   Number         4  timer.o(.text.rt_timer_start)
    __arm_cp.4_1                             0x00003588   Number         4  timer.o(.text.rt_timer_start)
    __arm_cp.4_2                             0x0000358c   Number         4  timer.o(.text.rt_timer_start)
    [Anonymous Symbol]                       0x00003590   Section        0  timer.o(.text.rt_timer_stop)
    [Anonymous Symbol]                       0x000035c8   Section        0  kservice.o(.text.rt_vsnprintf)
    rti_board_end                            0x00003c45   Thumb Code     4  components.o(.text.rti_board_end)
    [Anonymous Symbol]                       0x00003c44   Section        0  components.o(.text.rti_board_end)
    rti_board_start                          0x00003c49   Thumb Code     4  components.o(.text.rti_board_start)
    [Anonymous Symbol]                       0x00003c48   Section        0  components.o(.text.rti_board_start)
    rti_end                                  0x00003c4d   Thumb Code     4  components.o(.text.rti_end)
    [Anonymous Symbol]                       0x00003c4c   Section        0  components.o(.text.rti_end)
    rti_start                                0x00003c51   Thumb Code     4  components.o(.text.rti_start)
    [Anonymous Symbol]                       0x00003c50   Section        0  components.o(.text.rti_start)
    uart_init                                0x00003c55   Thumb Code     4  board.o(.text.uart_init)
    [Anonymous Symbol]                       0x00003c54   Section        0  board.o(.text.uart_init)
    [Anonymous Symbol]                       0x00003c58   Section        0  cmd.o(.text.version)
    i.__0printf$2                            0x00003c64   Section        0  printf2.o(i.__0printf$2)
    i.__scatterload_copy                     0x00003c88   Section       14  handlers.o(i.__scatterload_copy)
    i.__scatterload_null                     0x00003c98   Section        2  handlers.o(i.__scatterload_null)
    i.__scatterload_zeroinit                 0x00003ca0   Section       14  handlers.o(i.__scatterload_zeroinit)
    _printf_core                             0x00003caf   Thumb Code   210  printf2.o(i._printf_core)
    i._printf_core                           0x00003cae   Section        0  printf2.o(i._printf_core)
    gSYSPLLConfig                            0x00003e80   Data          40  ti_msp_dl_config.o(.rodata.gSYSPLLConfig)
    [Anonymous Symbol]                       0x00003e80   Section        0  ti_msp_dl_config.o(.rodata.gSYSPLLConfig)
    gTIM_delay_msClockConfig                 0x00003ea8   Data           3  ti_msp_dl_config.o(.rodata.gTIM_delay_msClockConfig)
    [Anonymous Symbol]                       0x00003ea8   Section        0  ti_msp_dl_config.o(.rodata.gTIM_delay_msClockConfig)
    gTIM_delay_msTimerConfig                 0x00003eac   Data          20  ti_msp_dl_config.o(.rodata.gTIM_delay_msTimerConfig)
    [Anonymous Symbol]                       0x00003eac   Section        0  ti_msp_dl_config.o(.rodata.gTIM_delay_msTimerConfig)
    gTIM_delay_usClockConfig                 0x00003ec0   Data           3  ti_msp_dl_config.o(.rodata.gTIM_delay_usClockConfig)
    [Anonymous Symbol]                       0x00003ec0   Section        0  ti_msp_dl_config.o(.rodata.gTIM_delay_usClockConfig)
    gTIM_delay_usTimerConfig                 0x00003ec4   Data          20  ti_msp_dl_config.o(.rodata.gTIM_delay_usTimerConfig)
    [Anonymous Symbol]                       0x00003ec4   Section        0  ti_msp_dl_config.o(.rodata.gTIM_delay_usTimerConfig)
    gUART_DEBUGClockConfig                   0x00003ed8   Data           2  ti_msp_dl_config.o(.rodata.gUART_DEBUGClockConfig)
    [Anonymous Symbol]                       0x00003ed8   Section        0  ti_msp_dl_config.o(.rodata.gUART_DEBUGClockConfig)
    gUART_DEBUGConfig                        0x00003eda   Data          10  ti_msp_dl_config.o(.rodata.gUART_DEBUGConfig)
    [Anonymous Symbol]                       0x00003eda   Section        0  ti_msp_dl_config.o(.rodata.gUART_DEBUGConfig)
    [Anonymous Symbol]                       0x00004128   Section        0  cmd.o(.rodata.str1.1)
    [Anonymous Symbol]                       0x000041b5   Section        0  msh.o(.rodata.str1.1)
    [Anonymous Symbol]                       0x000041e3   Section        0  shell.o(.rodata.str1.1)
    [Anonymous Symbol]                       0x000041f4   Section        0  components.o(.rodata.str1.1)
    __tagsym$$used.0                         0x000041fc   Number         0  components.o(.rti_fn.0)
    __tagsym$$used.1                         0x00004200   Number         0  components.o(.rti_fn.0.end)
    __tagsym$$used.0                         0x00004204   Number         0  board.o(.rti_fn.1)
    __tagsym$$used.2                         0x00004208   Number         0  components.o(.rti_fn.1.end)
    __tagsym$$used.0                         0x0000420c   Number         0  shell.o(.rti_fn.6)
    __tagsym$$used.3                         0x00004210   Number         0  components.o(.rti_fn.6.end)
    __tagsym$$used.0                         0x00004214   Number         0  cmd.o(FSymTab)
    __tagsym$$used.1                         0x00004220   Number         0  cmd.o(FSymTab)
    __tagsym$$used.2                         0x0000422c   Number         0  cmd.o(FSymTab)
    __tagsym$$used.3                         0x00004238   Number         0  cmd.o(FSymTab)
    __tagsym$$used.4                         0x00004244   Number         0  cmd.o(FSymTab)
    __tagsym$$used.5                         0x00004250   Number         0  cmd.o(FSymTab)
    __tagsym$$used.6                         0x0000425c   Number         0  cmd.o(FSymTab)
    __tagsym$$used.7                         0x00004268   Number         0  cmd.o(FSymTab)
    __tagsym$$used.8                         0x00004274   Number         0  cmd.o(FSymTab)
    __tagsym$$used.9                         0x00004280   Number         0  cmd.o(FSymTab)
    __tagsym$$used.10                        0x0000428c   Number         0  cmd.o(FSymTab)
    __tagsym$$used.11                        0x00004298   Number         0  cmd.o(FSymTab)
    __tagsym$$used.0                         0x000042a4   Number         0  msh.o(FSymTab)
    __tagsym$$used.1                         0x000042b0   Number         0  msh.o(FSymTab)
    __tagsym$$used.2                         0x000042bc   Number         0  msh.o(FSymTab)
    __tagsym$$used.0                         0x000042c8   Number         0  mem.o(FSymTab)
    .data                                    0x20200000   Section        4  stdout.o(.data)
    rt_object_container                      0x20200004   Data          64  object.o(.data.rt_object_container)
    [Anonymous Symbol]                       0x20200004   Section        0  object.o(.data.rt_object_container)
    board_led.0                              0x20200050   Data           1  board_led.o(.bss.board_led.0)
    [Anonymous Symbol]                       0x20200050   Section        0  board_led.o(.bss.board_led.0)
    finsh_get_prompt.finsh_prompt            0x20200054   Data         257  shell.o(.bss.finsh_get_prompt.finsh_prompt)
    [Anonymous Symbol]                       0x20200054   Section        0  shell.o(.bss.finsh_get_prompt.finsh_prompt)
    finsh_prompt_custom                      0x20200158   Data           4  shell.o(.bss.finsh_prompt_custom)
    [Anonymous Symbol]                       0x20200158   Section        0  shell.o(.bss.finsh_prompt_custom)
    heap_end                                 0x202002d4   Data           4  mem.o(.bss.heap_end)
    [Anonymous Symbol]                       0x202002d4   Section        0  mem.o(.bss.heap_end)
    heap_ptr                                 0x202002d8   Data           4  mem.o(.bss.heap_ptr)
    [Anonymous Symbol]                       0x202002d8   Section        0  mem.o(.bss.heap_ptr)
    heap_sem                                 0x202002dc   Data          32  mem.o(.bss.heap_sem)
    [Anonymous Symbol]                       0x202002dc   Section        0  mem.o(.bss.heap_sem)
    idle                                     0x202002fc   Data         120  idle.o(.bss.idle)
    [Anonymous Symbol]                       0x202002fc   Section        0  idle.o(.bss.idle)
    led_thread                               0x20200374   Data         120  empty.o(.bss.led_thread)
    [Anonymous Symbol]                       0x20200374   Section        0  empty.o(.bss.led_thread)
    led_thread_stack                         0x202003ec   Data        1024  empty.o(.bss.led_thread_stack)
    [Anonymous Symbol]                       0x202003ec   Section        0  empty.o(.bss.led_thread_stack)
    lfree                                    0x202007ec   Data           4  mem.o(.bss.lfree)
    [Anonymous Symbol]                       0x202007ec   Section        0  mem.o(.bss.lfree)
    max_mem                                  0x202007f0   Data           4  mem.o(.bss.max_mem)
    [Anonymous Symbol]                       0x202007f0   Section        0  mem.o(.bss.max_mem)
    mem_size_aligned                         0x202007f4   Data           4  mem.o(.bss.mem_size_aligned)
    [Anonymous Symbol]                       0x202007f4   Section        0  mem.o(.bss.mem_size_aligned)
    print_thread                             0x202007f8   Data         120  empty.o(.bss.print_thread)
    [Anonymous Symbol]                       0x202007f8   Section        0  empty.o(.bss.print_thread)
    print_thread_stack                       0x20200870   Data        1024  empty.o(.bss.print_thread_stack)
    [Anonymous Symbol]                       0x20200870   Section        0  empty.o(.bss.print_thread_stack)
    rt_heap                                  0x20200c78   Data       10240  board.o(.bss.rt_heap)
    [Anonymous Symbol]                       0x20200c78   Section        0  board.o(.bss.rt_heap)
    rt_kprintf.rt_log_buf                    0x20203484   Data         256  kservice.o(.bss.rt_kprintf.rt_log_buf)
    [Anonymous Symbol]                       0x20203484   Section        0  kservice.o(.bss.rt_kprintf.rt_log_buf)
    rt_scheduler_lock_nest                   0x20203584   Data           2  scheduler.o(.bss.rt_scheduler_lock_nest)
    [Anonymous Symbol]                       0x20203584   Section        0  scheduler.o(.bss.rt_scheduler_lock_nest)
    rt_thread_stack                          0x20203694   Data         256  idle.o(.bss.rt_thread_stack)
    [Anonymous Symbol]                       0x20203694   Section        0  idle.o(.bss.rt_thread_stack)
    rt_tick                                  0x20203798   Data           4  clock.o(.bss.rt_tick)
    [Anonymous Symbol]                       0x20203798   Section        0  clock.o(.bss.rt_tick)
    rt_timer_list                            0x2020379c   Data           8  timer.o(.bss.rt_timer_list)
    [Anonymous Symbol]                       0x2020379c   Section        0  timer.o(.bss.rt_timer_list)
    rt_timer_start.random_nr                 0x202037a4   Data           4  timer.o(.bss.rt_timer_start.random_nr)
    [Anonymous Symbol]                       0x202037a4   Section        0  timer.o(.bss.rt_timer_start.random_nr)
    used_mem                                 0x202037ac   Data           4  mem.o(.bss.used_mem)
    [Anonymous Symbol]                       0x202037ac   Section        0  mem.o(.bss.used_mem)
    STACK                                    0x202037b0   Section      512  startup_mspm0g350x_uvision.o(STACK)

    Global Symbols

    Symbol Name                              Value     Ov Type        Size  Object(Section)

    BuildAttributes$$THM_ISAv3M$S$PE$A:L22$X:L11$S22$IEEE1$IW$~IW$USESV6$~STKCKD$USESV7$~SHL$OTIME$ROPI$EBA8$MICROLIB$REQ8$PRES8$EABIv2 0x00000000   Number         0  anon$$obj.o ABSOLUTE
    __Vectors                                0x00000000   Data           4  startup_mspm0g350x_uvision.o(RESET)
    _printf_a                                0x00000000   Number         0  printfstubs.o ABSOLUTE
    _printf_c                                0x00000000   Number         0  printfstubs.o ABSOLUTE
    _printf_charcount                        0x00000000   Number         0  printfstubs.o ABSOLUTE
    _printf_d                                0x00000000   Number         0  printfstubs.o ABSOLUTE
    _printf_e                                0x00000000   Number         0  printfstubs.o ABSOLUTE
    _printf_f                                0x00000000   Number         0  printfstubs.o ABSOLUTE
    _printf_flags                            0x00000000   Number         0  printfstubs.o ABSOLUTE
    _printf_fp_dec                           0x00000000   Number         0  printfstubs.o ABSOLUTE
    _printf_fp_hex                           0x00000000   Number         0  printfstubs.o ABSOLUTE
    _printf_g                                0x00000000   Number         0  printfstubs.o ABSOLUTE
    _printf_i                                0x00000000   Number         0  printfstubs.o ABSOLUTE
    _printf_int_dec                          0x00000000   Number         0  printfstubs.o ABSOLUTE
    _printf_l                                0x00000000   Number         0  printfstubs.o ABSOLUTE
    _printf_lc                               0x00000000   Number         0  printfstubs.o ABSOLUTE
    _printf_ll                               0x00000000   Number         0  printfstubs.o ABSOLUTE
    _printf_lld                              0x00000000   Number         0  printfstubs.o ABSOLUTE
    _printf_lli                              0x00000000   Number         0  printfstubs.o ABSOLUTE
    _printf_llo                              0x00000000   Number         0  printfstubs.o ABSOLUTE
    _printf_llu                              0x00000000   Number         0  printfstubs.o ABSOLUTE
    _printf_llx                              0x00000000   Number         0  printfstubs.o ABSOLUTE
    _printf_longlong_dec                     0x00000000   Number         0  printfstubs.o ABSOLUTE
    _printf_longlong_hex                     0x00000000   Number         0  printfstubs.o ABSOLUTE
    _printf_longlong_oct                     0x00000000   Number         0  printfstubs.o ABSOLUTE
    _printf_ls                               0x00000000   Number         0  printfstubs.o ABSOLUTE
    _printf_mbtowc                           0x00000000   Number         0  printfstubs.o ABSOLUTE
    _printf_n                                0x00000000   Number         0  printfstubs.o ABSOLUTE
    _printf_o                                0x00000000   Number         0  printfstubs.o ABSOLUTE
    _printf_p                                0x00000000   Number         0  printfstubs.o ABSOLUTE
    _printf_percent                          0x00000000   Number         0  printfstubs.o ABSOLUTE
    _printf_pre_padding                      0x00000000   Number         0  printfstubs.o ABSOLUTE
    _printf_return_value                     0x00000000   Number         0  printfstubs.o ABSOLUTE
    _printf_s                                0x00000000   Number         0  printfstubs.o ABSOLUTE
    _printf_sizespec                         0x00000000   Number         0  printfstubs.o ABSOLUTE
    _printf_str                              0x00000000   Number         0  printfstubs.o ABSOLUTE
    _printf_truncate_signed                  0x00000000   Number         0  printfstubs.o ABSOLUTE
    _printf_truncate_unsigned                0x00000000   Number         0  printfstubs.o ABSOLUTE
    _printf_u                                0x00000000   Number         0  printfstubs.o ABSOLUTE
    _printf_wc                               0x00000000   Number         0  printfstubs.o ABSOLUTE
    _printf_wctomb                           0x00000000   Number         0  printfstubs.o ABSOLUTE
    _printf_widthprec                        0x00000000   Number         0  printfstubs.o ABSOLUTE
    _printf_x                                0x00000000   Number         0  printfstubs.o ABSOLUTE
    __cpp_initialize__aeabi_                  - Undefined Weak Reference
    __cxa_finalize                            - Undefined Weak Reference
    __decompress                              - Undefined Weak Reference
    _clock_init                               - Undefined Weak Reference
    _microlib_exit                            - Undefined Weak Reference
    __Vectors_End                            0x000000c0   Data           0  startup_mspm0g350x_uvision.o(RESET)
    __Vectors_Size                           0x000000c0   Number         0  startup_mspm0g350x_uvision.o ABSOLUTE
    __main                                   0x000000c1   Thumb Code     0  entry.o(.ARM.Collect$$$$00000000)
    _main_stk                                0x000000c1   Thumb Code     0  entry2.o(.ARM.Collect$$$$00000001)
    _main_scatterload                        0x000000c5   Thumb Code     0  entry5.o(.ARM.Collect$$$$00000004)
    __main_after_scatterload                 0x000000c9   Thumb Code     0  entry5.o(.ARM.Collect$$$$00000004)
    _main_clock                              0x000000c9   Thumb Code     0  entry7b.o(.ARM.Collect$$$$00000008)
    _main_cpp_init                           0x000000c9   Thumb Code     0  entry8b.o(.ARM.Collect$$$$0000000A)
    _main_init                               0x000000c9   Thumb Code     0  entry9a.o(.ARM.Collect$$$$0000000B)
    __rt_final_cpp                           0x000000d1   Thumb Code     0  entry10a.o(.ARM.Collect$$$$0000000D)
    __rt_final_exit                          0x000000d1   Thumb Code     0  entry11a.o(.ARM.Collect$$$$0000000F)
    Reset_Handler                            0x000000d5   Thumb Code     4  startup_mspm0g350x_uvision.o(.text)
    NMI_Handler                              0x000000d9   Thumb Code     2  startup_mspm0g350x_uvision.o(.text)
    SVC_Handler                              0x000000dd   Thumb Code     2  startup_mspm0g350x_uvision.o(.text)
    ADC0_IRQHandler                          0x000000e3   Thumb Code     0  startup_mspm0g350x_uvision.o(.text)
    ADC1_IRQHandler                          0x000000e3   Thumb Code     0  startup_mspm0g350x_uvision.o(.text)
    AES_IRQHandler                           0x000000e3   Thumb Code     0  startup_mspm0g350x_uvision.o(.text)
    CANFD0_IRQHandler                        0x000000e3   Thumb Code     0  startup_mspm0g350x_uvision.o(.text)
    DAC0_IRQHandler                          0x000000e3   Thumb Code     0  startup_mspm0g350x_uvision.o(.text)
    DMA_IRQHandler                           0x000000e3   Thumb Code     0  startup_mspm0g350x_uvision.o(.text)
    Default_Handler                          0x000000e3   Thumb Code     2  startup_mspm0g350x_uvision.o(.text)
    GROUP0_IRQHandler                        0x000000e3   Thumb Code     0  startup_mspm0g350x_uvision.o(.text)
    GROUP1_IRQHandler                        0x000000e3   Thumb Code     0  startup_mspm0g350x_uvision.o(.text)
    I2C0_IRQHandler                          0x000000e3   Thumb Code     0  startup_mspm0g350x_uvision.o(.text)
    I2C1_IRQHandler                          0x000000e3   Thumb Code     0  startup_mspm0g350x_uvision.o(.text)
    RTC_IRQHandler                           0x000000e3   Thumb Code     0  startup_mspm0g350x_uvision.o(.text)
    SPI0_IRQHandler                          0x000000e3   Thumb Code     0  startup_mspm0g350x_uvision.o(.text)
    SPI1_IRQHandler                          0x000000e3   Thumb Code     0  startup_mspm0g350x_uvision.o(.text)
    TIMA0_IRQHandler                         0x000000e3   Thumb Code     0  startup_mspm0g350x_uvision.o(.text)
    TIMA1_IRQHandler                         0x000000e3   Thumb Code     0  startup_mspm0g350x_uvision.o(.text)
    TIMG0_IRQHandler                         0x000000e3   Thumb Code     0  startup_mspm0g350x_uvision.o(.text)
    TIMG12_IRQHandler                        0x000000e3   Thumb Code     0  startup_mspm0g350x_uvision.o(.text)
    TIMG6_IRQHandler                         0x000000e3   Thumb Code     0  startup_mspm0g350x_uvision.o(.text)
    TIMG7_IRQHandler                         0x000000e3   Thumb Code     0  startup_mspm0g350x_uvision.o(.text)
    TIMG8_IRQHandler                         0x000000e3   Thumb Code     0  startup_mspm0g350x_uvision.o(.text)
    UART1_IRQHandler                         0x000000e3   Thumb Code     0  startup_mspm0g350x_uvision.o(.text)
    UART2_IRQHandler                         0x000000e3   Thumb Code     0  startup_mspm0g350x_uvision.o(.text)
    UART3_IRQHandler                         0x000000e3   Thumb Code     0  startup_mspm0g350x_uvision.o(.text)
    rt_hw_interrupt_disable                  0x000000e9   Thumb Code     8  context_rvds.o(.text)
    rt_hw_interrupt_enable                   0x000000f1   Thumb Code     6  context_rvds.o(.text)
    rt_hw_context_switch                     0x000000f7   Thumb Code    28  context_rvds.o(.text)
    rt_hw_context_switch_interrupt           0x000000f7   Thumb Code     0  context_rvds.o(.text)
    PendSV_Handler                           0x00000113   Thumb Code    84  context_rvds.o(.text)
    rt_hw_context_switch_to                  0x00000167   Thumb Code    44  context_rvds.o(.text)
    rt_hw_interrupt_thread_switch            0x00000193   Thumb Code     2  context_rvds.o(.text)
    HardFault_Handler                        0x00000195   Thumb Code    12  context_rvds.o(.text)
    __aeabi_memcpy                           0x000001c1   Thumb Code    36  memcpya.o(.text)
    __aeabi_memcpy4                          0x000001c1   Thumb Code     0  memcpya.o(.text)
    __aeabi_memcpy8                          0x000001c1   Thumb Code     0  memcpya.o(.text)
    __aeabi_memset                           0x000001e5   Thumb Code    14  memseta.o(.text)
    __aeabi_memset4                          0x000001e5   Thumb Code     0  memseta.o(.text)
    __aeabi_memset8                          0x000001e5   Thumb Code     0  memseta.o(.text)
    __aeabi_memclr                           0x000001f3   Thumb Code     4  memseta.o(.text)
    __aeabi_memclr4                          0x000001f3   Thumb Code     0  memseta.o(.text)
    __aeabi_memclr8                          0x000001f3   Thumb Code     0  memseta.o(.text)
    _memset$wrapper                          0x000001f7   Thumb Code    18  memseta.o(.text)
    strncpy                                  0x00000209   Thumb Code    26  strncpy.o(.text)
    strlen                                   0x00000223   Thumb Code    14  strlen.o(.text)
    strncmp                                  0x00000231   Thumb Code    30  strncmp.o(.text)
    __aeabi_uidiv                            0x0000024f   Thumb Code     0  uidiv_div0.o(.text)
    __aeabi_uidivmod                         0x0000024f   Thumb Code    62  uidiv_div0.o(.text)
    __scatterload                            0x00000291   Thumb Code    38  init.o(.text)
    __scatterload_rt2                        0x00000291   Thumb Code     0  init.o(.text)
    main                                     0x000002c1   Thumb Code    72  components.o(.text.$Sub$$main)
    DL_Common_delayCycles                    0x00000311   Thumb Code    10  dl_common.o(.text.DL_Common_delayCycles)
    DL_SYSCTL_configSYSPLL                   0x0000031d   Thumb Code   196  dl_sysctl_mspm0g1x0x_g3x0x.o(.text.DL_SYSCTL_configSYSPLL)
    DL_SYSCTL_setHFCLKSourceHFXTParams       0x000003e1   Thumb Code    80  dl_sysctl_mspm0g1x0x_g3x0x.o(.text.DL_SYSCTL_setHFCLKSourceHFXTParams)
    DL_SYSCTL_switchMCLKfromSYSOSCtoHSCLK    0x00000431   Thumb Code    36  dl_sysctl_mspm0g1x0x_g3x0x.o(.text.DL_SYSCTL_switchMCLKfromSYSOSCtoHSCLK)
    DL_Timer_initTimerMode                   0x00000455   Thumb Code   240  dl_timer.o(.text.DL_Timer_initTimerMode)
    DL_Timer_setClockConfig                  0x00000545   Thumb Code    28  dl_timer.o(.text.DL_Timer_setClockConfig)
    DL_UART_init                             0x00000561   Thumb Code    72  dl_uart.o(.text.DL_UART_init)
    DL_UART_setClockConfig                   0x000005a9   Thumb Code    18  dl_uart.o(.text.DL_UART_setClockConfig)
    SYSCFG_DL_GPIO_init                      0x000005bd   Thumb Code    48  ti_msp_dl_config.o(.text.SYSCFG_DL_GPIO_init)
    SYSCFG_DL_SYSCTL_init                    0x00000605   Thumb Code    96  ti_msp_dl_config.o(.text.SYSCFG_DL_SYSCTL_init)
    SYSCFG_DL_SYSTICK_init                   0x00000671   Thumb Code    36  ti_msp_dl_config.o(.text.SYSCFG_DL_SYSTICK_init)
    SYSCFG_DL_TIM_delay_ms_init              0x000006a1   Thumb Code    28  ti_msp_dl_config.o(.text.SYSCFG_DL_TIM_delay_ms_init)
    SYSCFG_DL_TIM_delay_us_init              0x000006cd   Thumb Code    28  ti_msp_dl_config.o(.text.SYSCFG_DL_TIM_delay_us_init)
    SYSCFG_DL_UART_DEBUG_init                0x000006f9   Thumb Code   104  ti_msp_dl_config.o(.text.SYSCFG_DL_UART_DEBUG_init)
    SYSCFG_DL_init                           0x0000077d   Thumb Code    44  ti_msp_dl_config.o(.text.SYSCFG_DL_init)
    SYSCFG_DL_initPower                      0x000007b1   Thumb Code    44  ti_msp_dl_config.o(.text.SYSCFG_DL_initPower)
    SysTick_Handler                          0x000007f9   Thumb Code    16  board.o(.text.SysTick_Handler)
    UART0_IRQHandler                         0x00000809   Thumb Code     2  uart0_debug.o(.text.UART0_IRQHandler)
    __rt_ffs                                 0x0000080d   Thumb Code    56  kservice.o(.text.__rt_ffs)
    board_led_off                            0x00000849   Thumb Code    16  board_led.o(.text.board_led_off)
    board_led_on                             0x0000085d   Thumb Code    16  board_led.o(.text.board_led_on)
    cmd_free                                 0x00000875   Thumb Code    10  msh.o(.text.cmd_free)
    cmd_ps                                   0x0000087f   Thumb Code    10  msh.o(.text.cmd_ps)
    debug_uart_init                          0x00000889   Thumb Code    16  uart0_debug.o(.text.debug_uart_init)
    finsh_system_init                        0x000008a1   Thumb Code   112  shell.o(.text.finsh_system_init)
    finsh_thread_entry                       0x00000951   Thumb Code  1208  shell.o(.text.finsh_thread_entry)
    fputc                                    0x00000e39   Thumb Code    32  uart0_debug.o(.text.fputc)
    hello                                    0x00000e5d   Thumb Code    12  cmd.o(.text.hello)
    list                                     0x00000e99   Thumb Code    72  cmd.o(.text.list)
    list_mailbox                             0x00000f11   Thumb Code   464  cmd.o(.text.list_mailbox)
    list_mem                                 0x00001169   Thumb Code    36  mem.o(.text.list_mem)
    list_sem                                 0x000011e1   Thumb Code   456  cmd.o(.text.list_sem)
    list_thread                              0x00001419   Thumb Code   420  cmd.o(.text.list_thread)
    list_timer                               0x00001655   Thumb Code   328  cmd.o(.text.list_timer)
    $Super$$main                             0x0000182d   Thumb Code    84  empty.o(.text.main)
    main_thread_entry                        0x000018b5   Thumb Code    24  components.o(.text.main_thread_entry)
    msh_auto_complete                        0x000018d5   Thumb Code   328  msh.o(.text.msh_auto_complete)
    msh_exec                                 0x00001a2d   Thumb Code   604  msh.o(.text.msh_exec)
    msh_help                                 0x00001cd5   Thumb Code    76  msh.o(.text.msh_help)
    msh_is_used                              0x00001d39   Thumb Code     4  msh.o(.text.msh_is_used)
    rt_calloc                                0x000021c9   Thumb Code    32  mem.o(.text.rt_calloc)
    rt_components_board_init                 0x000021e9   Thumb Code    20  components.o(.text.rt_components_board_init)
    rt_enter_critical                        0x00002205   Thumb Code    20  scheduler.o(.text.rt_enter_critical)
    rt_exit_critical                         0x00002219   Thumb Code    48  scheduler.o(.text.rt_exit_critical)
    rt_free                                  0x0000224d   Thumb Code   216  mem.o(.text.rt_free)
    rt_heap_begin_get                        0x00002385   Thumb Code     4  board.o(.text.rt_heap_begin_get)
    rt_heap_end_get                          0x00002389   Thumb Code    12  board.o(.text.rt_heap_end_get)
    rt_hw_board_init                         0x00002399   Thumb Code    30  board.o(.text.rt_hw_board_init)
    rt_hw_console_getchar                    0x000023b9   Thumb Code    24  finsh_port.o(.text.rt_hw_console_getchar)
    rt_hw_console_output                     0x000023d9   Thumb Code    12  board.o(.text.rt_hw_console_output)
    rt_hw_hard_fault_exception               0x000023e9   Thumb Code    84  cpuport.o(.text.rt_hw_hard_fault_exception)
    rt_hw_stack_init                         0x000024dd   Thumb Code   100  cpuport.o(.text.rt_hw_stack_init)
    rt_interrupt_enter                       0x00002545   Thumb Code    20  irq.o(.text.rt_interrupt_enter)
    rt_interrupt_leave                       0x00002559   Thumb Code    20  irq.o(.text.rt_interrupt_leave)
    rt_kprintf                               0x00002571   Thumb Code    44  kservice.o(.text.rt_kprintf)
    rt_malloc                                0x000025a1   Thumb Code   284  mem.o(.text.rt_malloc)
    rt_memmove                               0x000026d9   Thumb Code   210  kservice.o(.text.rt_memmove)
    rt_memset                                0x000027ad   Thumb Code   228  kservice.o(.text.rt_memset)
    rt_object_allocate                       0x00002895   Thumb Code   124  object.o(.text.rt_object_allocate)
    rt_object_delete                         0x00002911   Thumb Code    42  object.o(.text.rt_object_delete)
    rt_object_detach                         0x0000293b   Thumb Code    36  object.o(.text.rt_object_detach)
    rt_object_get_information                0x00002961   Thumb Code    52  object.o(.text.rt_object_get_information)
    rt_object_init                           0x00002995   Thumb Code   132  object.o(.text.rt_object_init)
    rt_object_is_systemobject                0x00002a1d   Thumb Code     6  object.o(.text.rt_object_is_systemobject)
    rt_schedule                              0x00002a25   Thumb Code    84  scheduler.o(.text.rt_schedule)
    rt_schedule_insert_thread                0x00002a89   Thumb Code    64  scheduler.o(.text.rt_schedule_insert_thread)
    rt_schedule_remove_thread                0x00002ac9   Thumb Code    64  scheduler.o(.text.rt_schedule_remove_thread)
    rt_sem_init                              0x00002b11   Thumb Code    32  ipc.o(.text.rt_sem_init)
    rt_sem_release                           0x00002b31   Thumb Code    76  ipc.o(.text.rt_sem_release)
    rt_sem_take                              0x00002b81   Thumb Code   252  ipc.o(.text.rt_sem_take)
    rt_show_version                          0x00002c7d   Thumb Code    44  kservice.o(.text.rt_show_version)
    rt_strncpy                               0x00002d31   Thumb Code   136  kservice.o(.text.rt_strncpy)
    rt_system_heap_init                      0x00002db9   Thumb Code   104  mem.o(.text.rt_system_heap_init)
    rt_system_scheduler_init                 0x00002e7d   Thumb Code   184  scheduler.o(.text.rt_system_scheduler_init)
    rt_system_scheduler_start                0x00002f3d   Thumb Code    36  scheduler.o(.text.rt_system_scheduler_start)
    rt_system_timer_init                     0x00002f69   Thumb Code     8  timer.o(.text.rt_system_timer_init)
    rt_system_timer_thread_init              0x00002f75   Thumb Code     2  timer.o(.text.rt_system_timer_thread_init)
    rt_thread_create                         0x00002f79   Thumb Code   152  thread.o(.text.rt_thread_create)
    rt_thread_exit                           0x00003011   Thumb Code   100  thread.o(.text.rt_thread_exit)
    rt_thread_idle_excute                    0x0000307d   Thumb Code    68  idle.o(.text.rt_thread_idle_excute)
    rt_thread_idle_init                      0x000030c5   Thumb Code    48  idle.o(.text.rt_thread_idle_init)
    rt_thread_init                           0x00003109   Thumb Code   116  thread.o(.text.rt_thread_init)
    rt_thread_mdelay                         0x00003185   Thumb Code    14  thread.o(.text.rt_thread_mdelay)
    rt_thread_resume                         0x00003193   Thumb Code    70  thread.o(.text.rt_thread_resume)
    rt_thread_self                           0x000031d9   Thumb Code     8  thread.o(.text.rt_thread_self)
    rt_thread_sleep                          0x000031e1   Thumb Code   116  thread.o(.text.rt_thread_sleep)
    rt_thread_startup                        0x00003255   Thumb Code    84  thread.o(.text.rt_thread_startup)
    rt_thread_suspend                        0x000032ad   Thumb Code    70  thread.o(.text.rt_thread_suspend)
    rt_thread_timeout                        0x000032f3   Thumb Code    36  thread.o(.text.rt_thread_timeout)
    rt_thread_yield                          0x00003319   Thumb Code    84  thread.o(.text.rt_thread_yield)
    rt_tick_from_millisecond                 0x00003375   Thumb Code     6  clock.o(.text.rt_tick_from_millisecond)
    rt_tick_get                              0x0000337d   Thumb Code     8  clock.o(.text.rt_tick_get)
    rt_tick_increase                         0x00003385   Thumb Code    44  clock.o(.text.rt_tick_increase)
    rt_timer_check                           0x000033b5   Thumb Code   148  timer.o(.text.rt_timer_check)
    rt_timer_control                         0x0000344d   Thumb Code    82  timer.o(.text.rt_timer_control)
    rt_timer_detach                          0x0000349f   Thumb Code    48  timer.o(.text.rt_timer_detach)
    rt_timer_init                            0x000034cf   Thumb Code    46  timer.o(.text.rt_timer_init)
    rt_timer_start                           0x000034fd   Thumb Code   136  timer.o(.text.rt_timer_start)
    rt_timer_stop                            0x00003591   Thumb Code    54  timer.o(.text.rt_timer_stop)
    rt_vsnprintf                             0x000035c9   Thumb Code  1652  kservice.o(.text.rt_vsnprintf)
    version                                  0x00003c59   Thumb Code    10  cmd.o(.text.version)
    __0printf$2                              0x00003c65   Thumb Code    24  printf2.o(i.__0printf$2)
    __1printf$2                              0x00003c65   Thumb Code     0  printf2.o(i.__0printf$2)
    __2printf                                0x00003c65   Thumb Code     0  printf2.o(i.__0printf$2)
    __scatterload_copy                       0x00003c89   Thumb Code    14  handlers.o(i.__scatterload_copy)
    __scatterload_null                       0x00003c99   Thumb Code     2  handlers.o(i.__scatterload_null)
    __scatterload_zeroinit                   0x00003ca1   Thumb Code    14  handlers.o(i.__scatterload_zeroinit)
    __lowest_bit_bitmap                      0x00003d80   Data         256  kservice.o(.rodata.__lowest_bit_bitmap)
    __fsym_hello_name                        0x00003ee4   Data           6  cmd.o(.rodata.name)
    __fsym_hello_desc                        0x00003eea   Data          16  cmd.o(.rodata.name)
    __fsym_version_name                      0x00003efa   Data           8  cmd.o(.rodata.name)
    __fsym_version_desc                      0x00003f02   Data          35  cmd.o(.rodata.name)
    __fsym___cmd_version_name                0x00003f25   Data          14  cmd.o(.rodata.name)
    __fsym___cmd_version_desc                0x00003f33   Data          35  cmd.o(.rodata.name)
    __fsym_list_thread_name                  0x00003f56   Data          12  cmd.o(.rodata.name)
    __fsym_list_thread_desc                  0x00003f62   Data          12  cmd.o(.rodata.name)
    __fsym___cmd_list_thread_name            0x00003f6e   Data          18  cmd.o(.rodata.name)
    __fsym___cmd_list_thread_desc            0x00003f80   Data          12  cmd.o(.rodata.name)
    __fsym_list_sem_name                     0x00003f8c   Data           9  cmd.o(.rodata.name)
    __fsym_list_sem_desc                     0x00003f95   Data          25  cmd.o(.rodata.name)
    __fsym___cmd_list_sem_name               0x00003fae   Data          15  cmd.o(.rodata.name)
    __fsym___cmd_list_sem_desc               0x00003fbd   Data          25  cmd.o(.rodata.name)
    __fsym_list_mailbox_name                 0x00003fd6   Data          13  cmd.o(.rodata.name)
    __fsym_list_mailbox_desc                 0x00003fe3   Data          24  cmd.o(.rodata.name)
    __fsym___cmd_list_mailbox_name           0x00003ffb   Data          19  cmd.o(.rodata.name)
    __fsym___cmd_list_mailbox_desc           0x0000400e   Data          24  cmd.o(.rodata.name)
    __fsym_list_timer_name                   0x00004026   Data          11  cmd.o(.rodata.name)
    __fsym_list_timer_desc                   0x00004031   Data          21  cmd.o(.rodata.name)
    __fsym___cmd_list_timer_name             0x00004046   Data          17  cmd.o(.rodata.name)
    __fsym___cmd_list_timer_desc             0x00004057   Data          21  cmd.o(.rodata.name)
    __fsym_list_name                         0x0000406c   Data           5  cmd.o(.rodata.name)
    __fsym_list_desc                         0x00004071   Data          26  cmd.o(.rodata.name)
    __fsym___cmd_help_name                   0x0000408b   Data          11  msh.o(.rodata.name)
    __fsym___cmd_help_desc                   0x00004096   Data          22  msh.o(.rodata.name)
    __fsym___cmd_ps_name                     0x000040ac   Data           9  msh.o(.rodata.name)
    __fsym___cmd_ps_desc                     0x000040b5   Data          28  msh.o(.rodata.name)
    __fsym___cmd_free_name                   0x000040d1   Data          11  msh.o(.rodata.name)
    __fsym___cmd_free_desc                   0x000040dc   Data          37  msh.o(.rodata.name)
    __fsym_list_mem_name                     0x00004101   Data           9  mem.o(.rodata.name)
    __fsym_list_mem_desc                     0x0000410a   Data          30  mem.o(.rodata.name)
    __rt_init_rti_start                      0x000041fc   Data           4  components.o(.rti_fn.0)
    __rt_init_rti_board_start                0x00004200   Data           4  components.o(.rti_fn.0.end)
    __rt_init_uart_init                      0x00004204   Data           4  board.o(.rti_fn.1)
    __rt_init_rti_board_end                  0x00004208   Data           4  components.o(.rti_fn.1.end)
    __rt_init_finsh_system_init              0x0000420c   Data           4  shell.o(.rti_fn.6)
    __rt_init_rti_end                        0x00004210   Data           4  components.o(.rti_fn.6.end)
    FSymTab$$Base                            0x00004214   Number         0  cmd.o(FSymTab)
    __fsym_hello                             0x00004214   Data          12  cmd.o(FSymTab)
    __fsym_version                           0x00004220   Data          12  cmd.o(FSymTab)
    __fsym___cmd_version                     0x0000422c   Data          12  cmd.o(FSymTab)
    __fsym_list_thread                       0x00004238   Data          12  cmd.o(FSymTab)
    __fsym___cmd_list_thread                 0x00004244   Data          12  cmd.o(FSymTab)
    __fsym_list_sem                          0x00004250   Data          12  cmd.o(FSymTab)
    __fsym___cmd_list_sem                    0x0000425c   Data          12  cmd.o(FSymTab)
    __fsym_list_mailbox                      0x00004268   Data          12  cmd.o(FSymTab)
    __fsym___cmd_list_mailbox                0x00004274   Data          12  cmd.o(FSymTab)
    __fsym_list_timer                        0x00004280   Data          12  cmd.o(FSymTab)
    __fsym___cmd_list_timer                  0x0000428c   Data          12  cmd.o(FSymTab)
    __fsym_list                              0x00004298   Data          12  cmd.o(FSymTab)
    __fsym___cmd_help                        0x000042a4   Data          12  msh.o(FSymTab)
    __fsym___cmd_ps                          0x000042b0   Data          12  msh.o(FSymTab)
    __fsym___cmd_free                        0x000042bc   Data          12  msh.o(FSymTab)
    __fsym_list_mem                          0x000042c8   Data          12  mem.o(FSymTab)
    FSymTab$$Limit                           0x000042d4   Number         0  mem.o(FSymTab)
    Region$$Table$$Base                      0x000042d4   Number         0  anon$$obj.o(Region$$Table)
    Region$$Table$$Limit                     0x000042f4   Number         0  anon$$obj.o(Region$$Table)
    __stdout                                 0x20200000   Data           4  stdout.o(.data)
    _syscall_table_begin                     0x20200048   Data           4  shell.o(.bss._syscall_table_begin)
    _syscall_table_end                       0x2020004c   Data           4  shell.o(.bss._syscall_table_end)
    gTIM_delay_msBackup                      0x2020015c   Data         188  ti_msp_dl_config.o(.bss.gTIM_delay_msBackup)
    gTIM_delay_usBackup                      0x20200218   Data         188  ti_msp_dl_config.o(.bss.gTIM_delay_usBackup)
    rt_current_priority                      0x20200c70   Data           1  scheduler.o(.bss.rt_current_priority)
    rt_current_thread                        0x20200c74   Data           4  scheduler.o(.bss.rt_current_thread)
    rt_interrupt_from_thread                 0x20203478   Data           4  cpuport.o(.bss.rt_interrupt_from_thread)
    rt_interrupt_nest                        0x2020347c   Data           1  irq.o(.bss.rt_interrupt_nest)
    rt_interrupt_to_thread                   0x20203480   Data           4  cpuport.o(.bss.rt_interrupt_to_thread)
    rt_thread_defunct                        0x20203588   Data           8  scheduler.o(.bss.rt_thread_defunct)
    rt_thread_priority_table                 0x20203590   Data         256  scheduler.o(.bss.rt_thread_priority_table)
    rt_thread_ready_priority_group           0x20203690   Data           4  scheduler.o(.bss.rt_thread_ready_priority_group)
    rt_thread_switch_interrupt_flag          0x20203794   Data           4  cpuport.o(.bss.rt_thread_switch_interrupt_flag)
    shell                                    0x202037a8   Data           4  shell.o(.bss.shell)
    __initial_sp                             0x202039b0   Data           0  startup_mspm0g350x_uvision.o(STACK)



==============================================================================

Memory Map of the image

  Image Entry point : 0x000000c1

  Load Region LR_IROM1 (Base: 0x00000000, Size: 0x00004340, Max: 0x00020000, ABSOLUTE)

    Execution Region ER_IROM1 (Exec base: 0x00000000, Load base: 0x00000000, Size: 0x000042f4, Max: 0x00020000, ABSOLUTE)

    Exec Addr    Load Addr    Size         Type   Attr      Idx    E Section Name        Object

    0x00000000   0x00000000   0x000000c0   Data   RO           58    RESET               startup_mspm0g350x_uvision.o
    0x000000c0   0x000000c0   0x00000000   Code   RO          795  * .ARM.Collect$$$$00000000  mc_p.l(entry.o)
    0x000000c0   0x000000c0   0x00000004   Code   RO         1079    .ARM.Collect$$$$00000001  mc_p.l(entry2.o)
    0x000000c4   0x000000c4   0x00000004   Code   RO         1082    .ARM.Collect$$$$00000004  mc_p.l(entry5.o)
    0x000000c8   0x000000c8   0x00000000   Code   RO         1084    .ARM.Collect$$$$00000008  mc_p.l(entry7b.o)
    0x000000c8   0x000000c8   0x00000000   Code   RO         1086    .ARM.Collect$$$$0000000A  mc_p.l(entry8b.o)
    0x000000c8   0x000000c8   0x00000008   Code   RO         1087    .ARM.Collect$$$$0000000B  mc_p.l(entry9a.o)
    0x000000d0   0x000000d0   0x00000000   Code   RO         1089    .ARM.Collect$$$$0000000D  mc_p.l(entry10a.o)
    0x000000d0   0x000000d0   0x00000000   Code   RO         1091    .ARM.Collect$$$$0000000F  mc_p.l(entry11a.o)
    0x000000d0   0x000000d0   0x00000004   Code   RO         1080    .ARM.Collect$$$$00002712  mc_p.l(entry2.o)
    0x000000d4   0x000000d4   0x00000014   Code   RO           59    .text               startup_mspm0g350x_uvision.o
    0x000000e8   0x000000e8   0x000000d8   Code   RO          202    .text               context_rvds.o
    0x000001c0   0x000001c0   0x00000024   Code   RO          804    .text               mc_p.l(memcpya.o)
    0x000001e4   0x000001e4   0x00000024   Code   RO          806    .text               mc_p.l(memseta.o)
    0x00000208   0x00000208   0x0000001a   Code   RO          808    .text               mc_p.l(strncpy.o)
    0x00000222   0x00000222   0x0000000e   Code   RO          810    .text               mc_p.l(strlen.o)
    0x00000230   0x00000230   0x0000001e   Code   RO          814    .text               mc_p.l(strncmp.o)
    0x0000024e   0x0000024e   0x0000003e   Code   RO         1098    .text               mc_p.l(uidiv_div0.o)
    0x0000028c   0x0000028c   0x00000004   PAD
    0x00000290   0x00000290   0x00000030   Code   RO         1117    .text               mc_p.l(init.o)
    0x000002c0   0x000002c0   0x00000050   Code   RO          255    .text.$Sub$$main    components.o
    0x00000310   0x00000310   0x0000000a   Code   RO          614    .text.DL_Common_delayCycles  driverlib.a(dl_common.o)
    0x0000031a   0x0000031a   0x00000002   PAD
    0x0000031c   0x0000031c   0x000000c4   Code   RO          764    .text.DL_SYSCTL_configSYSPLL  driverlib.a(dl_sysctl_mspm0g1x0x_g3x0x.o)
    0x000003e0   0x000003e0   0x00000050   Code   RO          778    .text.DL_SYSCTL_setHFCLKSourceHFXTParams  driverlib.a(dl_sysctl_mspm0g1x0x_g3x0x.o)
    0x00000430   0x00000430   0x00000024   Code   RO          772    .text.DL_SYSCTL_switchMCLKfromSYSOSCtoHSCLK  driverlib.a(dl_sysctl_mspm0g1x0x_g3x0x.o)
    0x00000454   0x00000454   0x000000f0   Code   RO          627    .text.DL_Timer_initTimerMode  driverlib.a(dl_timer.o)
    0x00000544   0x00000544   0x0000001c   Code   RO          623    .text.DL_Timer_setClockConfig  driverlib.a(dl_timer.o)
    0x00000560   0x00000560   0x00000048   Code   RO          724    .text.DL_UART_init  driverlib.a(dl_uart.o)
    0x000005a8   0x000005a8   0x00000012   Code   RO          726    .text.DL_UART_setClockConfig  driverlib.a(dl_uart.o)
    0x000005ba   0x000005ba   0x00000002   PAD
    0x000005bc   0x000005bc   0x00000048   Code   RO           24    .text.SYSCFG_DL_GPIO_init  ti_msp_dl_config.o
    0x00000604   0x00000604   0x0000006c   Code   RO           26    .text.SYSCFG_DL_SYSCTL_init  ti_msp_dl_config.o
    0x00000670   0x00000670   0x00000030   Code   RO           34    .text.SYSCFG_DL_SYSTICK_init  ti_msp_dl_config.o
    0x000006a0   0x000006a0   0x0000002c   Code   RO           30    .text.SYSCFG_DL_TIM_delay_ms_init  ti_msp_dl_config.o
    0x000006cc   0x000006cc   0x0000002c   Code   RO           28    .text.SYSCFG_DL_TIM_delay_us_init  ti_msp_dl_config.o
    0x000006f8   0x000006f8   0x00000084   Code   RO           32    .text.SYSCFG_DL_UART_DEBUG_init  ti_msp_dl_config.o
    0x0000077c   0x0000077c   0x00000034   Code   RO           20    .text.SYSCFG_DL_init  ti_msp_dl_config.o
    0x000007b0   0x000007b0   0x00000048   Code   RO           22    .text.SYSCFG_DL_initPower  ti_msp_dl_config.o
    0x000007f8   0x000007f8   0x00000010   Code   RO          587    .text.SysTick_Handler  board.o
    0x00000808   0x00000808   0x00000002   Code   RO           76    .text.UART0_IRQHandler  uart0_debug.o
    0x0000080a   0x0000080a   0x00000002   PAD
    0x0000080c   0x0000080c   0x0000003c   Code   RO          401    .text.__rt_ffs      kservice.o
    0x00000848   0x00000848   0x00000014   Code   RO           91    .text.board_led_off  board_led.o
    0x0000085c   0x0000085c   0x00000018   Code   RO           89    .text.board_led_on  board_led.o
    0x00000874   0x00000874   0x0000000a   Code   RO          147    .text.cmd_free      msh.o
    0x0000087e   0x0000087e   0x0000000a   Code   RO          145    .text.cmd_ps        msh.o
    0x00000888   0x00000888   0x00000018   Code   RO           66    .text.debug_uart_init  uart0_debug.o
    0x000008a0   0x000008a0   0x000000b0   Code   RO          184    .text.finsh_system_init  shell.o
    0x00000950   0x00000950   0x000004e8   Code   RO          178    .text.finsh_thread_entry  shell.o
    0x00000e38   0x00000e38   0x00000024   Code   RO           78    .text.fputc         uart0_debug.o
    0x00000e5c   0x00000e5c   0x00000020   Code   RO          105    .text.hello         cmd.o
    0x00000e7c   0x00000e7c   0x0000001a   Code   RO            4    .text.led_thread_entry  empty.o
    0x00000e96   0x00000e96   0x00000002   PAD
    0x00000e98   0x00000e98   0x00000078   Code   RO          117    .text.list          cmd.o
    0x00000f10   0x00000f10   0x00000258   Code   RO          113    .text.list_mailbox  cmd.o
    0x00001168   0x00001168   0x00000078   Code   RO          426    .text.list_mem      mem.o
    0x000011e0   0x000011e0   0x00000238   Code   RO          111    .text.list_sem      cmd.o
    0x00001418   0x00001418   0x0000023c   Code   RO          109    .text.list_thread   cmd.o
    0x00001654   0x00001654   0x000001d8   Code   RO          115    .text.list_timer    cmd.o
    0x0000182c   0x0000182c   0x00000088   Code   RO            2    .text.main          empty.o
    0x000018b4   0x000018b4   0x00000020   Code   RO          259    .text.main_thread_entry  components.o
    0x000018d4   0x000018d4   0x00000158   Code   RO          151    .text.msh_auto_complete  msh.o
    0x00001a2c   0x00001a2c   0x000002a8   Code   RO          149    .text.msh_exec      msh.o
    0x00001cd4   0x00001cd4   0x00000064   Code   RO          143    .text.msh_help      msh.o
    0x00001d38   0x00001d38   0x00000004   Code   RO          141    .text.msh_is_used   msh.o
    0x00001d3c   0x00001d3c   0x0000046c   Code   RO          385    .text.print_number  kservice.o
    0x000021a8   0x000021a8   0x00000020   Code   RO            6    .text.print_thread_entry  empty.o
    0x000021c8   0x000021c8   0x00000020   Code   RO          422    .text.rt_calloc     mem.o
    0x000021e8   0x000021e8   0x0000001c   Code   RO          251    .text.rt_components_board_init  components.o
    0x00002204   0x00002204   0x00000014   Code   RO          487    .text.rt_enter_critical  scheduler.o
    0x00002218   0x00002218   0x00000034   Code   RO          489    .text.rt_exit_critical  scheduler.o
    0x0000224c   0x0000224c   0x00000138   Code   RO          420    .text.rt_free       mem.o
    0x00002384   0x00002384   0x00000004   Code   RO          581    .text.rt_heap_begin_get  board.o
    0x00002388   0x00002388   0x00000010   Code   RO          583    .text.rt_heap_end_get  board.o
    0x00002398   0x00002398   0x0000001e   Code   RO          589    .text.rt_hw_board_init  board.o
    0x000023b6   0x000023b6   0x00000002   PAD
    0x000023b8   0x000023b8   0x00000020   Code   RO          605    .text.rt_hw_console_getchar  finsh_port.o
    0x000023d8   0x000023d8   0x00000010   Code   RO          593    .text.rt_hw_console_output  board.o
    0x000023e8   0x000023e8   0x000000f4   Code   RO          209    .text.rt_hw_hard_fault_exception  cpuport.o
    0x000024dc   0x000024dc   0x00000068   Code   RO          207    .text.rt_hw_stack_init  cpuport.o
    0x00002544   0x00002544   0x00000014   Code   RO          334    .text.rt_interrupt_enter  irq.o
    0x00002558   0x00002558   0x00000018   Code   RO          336    .text.rt_interrupt_leave  irq.o
    0x00002570   0x00002570   0x00000030   Code   RO          381    .text.rt_kprintf    kservice.o
    0x000025a0   0x000025a0   0x00000138   Code   RO          416    .text.rt_malloc     mem.o
    0x000026d8   0x000026d8   0x000000d2   Code   RO          359    .text.rt_memmove    kservice.o
    0x000027aa   0x000027aa   0x00000002   PAD
    0x000027ac   0x000027ac   0x000000e8   Code   RO          355    .text.rt_memset     kservice.o
    0x00002894   0x00002894   0x0000007c   Code   RO          458    .text.rt_object_allocate  object.o
    0x00002910   0x00002910   0x0000002a   Code   RO          460    .text.rt_object_delete  object.o
    0x0000293a   0x0000293a   0x00000024   Code   RO          456    .text.rt_object_detach  object.o
    0x0000295e   0x0000295e   0x00000002   PAD
    0x00002960   0x00002960   0x00000034   Code   RO          448    .text.rt_object_get_information  object.o
    0x00002994   0x00002994   0x00000088   Code   RO          454    .text.rt_object_init  object.o
    0x00002a1c   0x00002a1c   0x00000006   Code   RO          462    .text.rt_object_is_systemobject  object.o
    0x00002a22   0x00002a22   0x00000002   PAD
    0x00002a24   0x00002a24   0x00000064   Code   RO          481    .text.rt_schedule   scheduler.o
    0x00002a88   0x00002a88   0x00000040   Code   RO          483    .text.rt_schedule_insert_thread  scheduler.o
    0x00002ac8   0x00002ac8   0x00000048   Code   RO          485    .text.rt_schedule_remove_thread  scheduler.o
    0x00002b10   0x00002b10   0x00000020   Code   RO          294    .text.rt_sem_init   ipc.o
    0x00002b30   0x00002b30   0x00000050   Code   RO          306    .text.rt_sem_release  ipc.o
    0x00002b80   0x00002b80   0x000000fc   Code   RO          302    .text.rt_sem_take   ipc.o
    0x00002c7c   0x00002c7c   0x000000b4   Code   RO          379    .text.rt_show_version  kservice.o
    0x00002d30   0x00002d30   0x00000088   Code   RO          369    .text.rt_strncpy    kservice.o
    0x00002db8   0x00002db8   0x000000c4   Code   RO          414    .text.rt_system_heap_init  mem.o
    0x00002e7c   0x00002e7c   0x000000c0   Code   RO          477    .text.rt_system_scheduler_init  scheduler.o
    0x00002f3c   0x00002f3c   0x0000002c   Code   RO          479    .text.rt_system_scheduler_start  scheduler.o
    0x00002f68   0x00002f68   0x0000000c   Code   RO          567    .text.rt_system_timer_init  timer.o
    0x00002f74   0x00002f74   0x00000002   Code   RO          569    .text.rt_system_timer_thread_init  timer.o
    0x00002f76   0x00002f76   0x00000002   PAD
    0x00002f78   0x00002f78   0x00000098   Code   RO          519    .text.rt_thread_create  thread.o
    0x00003010   0x00003010   0x00000064   Code   RO          507    .text.rt_thread_exit  thread.o
    0x00003074   0x00003074   0x00000006   Code   RO          280    .text.rt_thread_idle_entry  idle.o
    0x0000307a   0x0000307a   0x00000002   PAD
    0x0000307c   0x0000307c   0x00000048   Code   RO          276    .text.rt_thread_idle_excute  idle.o
    0x000030c4   0x000030c4   0x00000044   Code   RO          278    .text.rt_thread_idle_init  idle.o
    0x00003108   0x00003108   0x0000007c   Code   RO          509    .text.rt_thread_init  thread.o
    0x00003184   0x00003184   0x0000000e   Code   RO          533    .text.rt_thread_mdelay  thread.o
    0x00003192   0x00003192   0x00000046   Code   RO          515    .text.rt_thread_resume  thread.o
    0x000031d8   0x000031d8   0x00000008   Code   RO          511    .text.rt_thread_self  thread.o
    0x000031e0   0x000031e0   0x00000074   Code   RO          525    .text.rt_thread_sleep  thread.o
    0x00003254   0x00003254   0x00000058   Code   RO          513    .text.rt_thread_startup  thread.o
    0x000032ac   0x000032ac   0x00000046   Code   RO          527    .text.rt_thread_suspend  thread.o
    0x000032f2   0x000032f2   0x00000024   Code   RO          537    .text.rt_thread_timeout  thread.o
    0x00003316   0x00003316   0x00000002   PAD
    0x00003318   0x00003318   0x0000005c   Code   RO          523    .text.rt_thread_yield  thread.o
    0x00003374   0x00003374   0x00000006   Code   RO          232    .text.rt_tick_from_millisecond  clock.o
    0x0000337a   0x0000337a   0x00000002   PAD
    0x0000337c   0x0000337c   0x00000008   Code   RO          226    .text.rt_tick_get   clock.o
    0x00003384   0x00003384   0x00000030   Code   RO          230    .text.rt_tick_increase  clock.o
    0x000033b4   0x000033b4   0x00000098   Code   RO          563    .text.rt_timer_check  timer.o
    0x0000344c   0x0000344c   0x00000052   Code   RO          561    .text.rt_timer_control  timer.o
    0x0000349e   0x0000349e   0x00000030   Code   RO          551    .text.rt_timer_detach  timer.o
    0x000034ce   0x000034ce   0x0000002e   Code   RO          549    .text.rt_timer_init  timer.o
    0x000034fc   0x000034fc   0x00000094   Code   RO          557    .text.rt_timer_start  timer.o
    0x00003590   0x00003590   0x00000036   Code   RO          559    .text.rt_timer_stop  timer.o
    0x000035c6   0x000035c6   0x00000002   PAD
    0x000035c8   0x000035c8   0x0000067c   Code   RO          383    .text.rt_vsnprintf  kservice.o
    0x00003c44   0x00003c44   0x00000004   Code   RO          247    .text.rti_board_end  components.o
    0x00003c48   0x00003c48   0x00000004   Code   RO          245    .text.rti_board_start  components.o
    0x00003c4c   0x00003c4c   0x00000004   Code   RO          249    .text.rti_end       components.o
    0x00003c50   0x00003c50   0x00000004   Code   RO          243    .text.rti_start     components.o
    0x00003c54   0x00003c54   0x00000004   Code   RO          591    .text.uart_init     board.o
    0x00003c58   0x00003c58   0x0000000a   Code   RO          107    .text.version       cmd.o
    0x00003c62   0x00003c62   0x00000002   PAD
    0x00003c64   0x00003c64   0x00000020   Code   RO          885    i.__0printf$2       mc_p.l(printf2.o)
    0x00003c84   0x00003c84   0x00000004   PAD
    0x00003c88   0x00003c88   0x0000000e   Code   RO         1131    i.__scatterload_copy  mc_p.l(handlers.o)
    0x00003c96   0x00003c96   0x00000002   PAD
    0x00003c98   0x00003c98   0x00000002   Code   RO         1132    i.__scatterload_null  mc_p.l(handlers.o)
    0x00003c9a   0x00003c9a   0x00000006   PAD
    0x00003ca0   0x00003ca0   0x0000000e   Code   RO         1133    i.__scatterload_zeroinit  mc_p.l(handlers.o)
    0x00003cae   0x00003cae   0x000000d2   Code   RO          892    i._printf_core      mc_p.l(printf2.o)
    0x00003d80   0x00003d80   0x00000100   Data   RO          405    .rodata.__lowest_bit_bitmap  kservice.o
    0x00003e80   0x00003e80   0x00000028   Data   RO           42    .rodata.gSYSPLLConfig  ti_msp_dl_config.o
    0x00003ea8   0x00003ea8   0x00000003   Data   RO           45    .rodata.gTIM_delay_msClockConfig  ti_msp_dl_config.o
    0x00003eab   0x00003eab   0x00000001   PAD
    0x00003eac   0x00003eac   0x00000014   Data   RO           46    .rodata.gTIM_delay_msTimerConfig  ti_msp_dl_config.o
    0x00003ec0   0x00003ec0   0x00000003   Data   RO           43    .rodata.gTIM_delay_usClockConfig  ti_msp_dl_config.o
    0x00003ec3   0x00003ec3   0x00000001   PAD
    0x00003ec4   0x00003ec4   0x00000014   Data   RO           44    .rodata.gTIM_delay_usTimerConfig  ti_msp_dl_config.o
    0x00003ed8   0x00003ed8   0x00000002   Data   RO           47    .rodata.gUART_DEBUGClockConfig  ti_msp_dl_config.o
    0x00003eda   0x00003eda   0x0000000a   Data   RO           48    .rodata.gUART_DEBUGConfig  ti_msp_dl_config.o
    0x00003ee4   0x00003ee4   0x000001a7   Data   RO          119    .rodata.name        cmd.o
    0x0000408b   0x0000408b   0x00000076   Data   RO          154    .rodata.name        msh.o
    0x00004101   0x00004101   0x00000027   Data   RO          435    .rodata.name        mem.o
    0x00004128   0x00004128   0x0000008d   Data   RO          123    .rodata.str1.1      cmd.o
    0x000041b5   0x000041b5   0x0000002e   Data   RO          153    .rodata.str1.1      msh.o
    0x000041e3   0x000041e3   0x00000011   Data   RO          193    .rodata.str1.1      shell.o
    0x000041f4   0x000041f4   0x00000005   Data   RO          267    .rodata.str1.1      components.o
    0x000041f9   0x000041f9   0x00000003   PAD
    0x000041fc   0x000041fc   0x00000004   Data   RO          263    .rti_fn.0           components.o
    0x00004200   0x00004200   0x00000004   Data   RO          264    .rti_fn.0.end       components.o
    0x00004204   0x00004204   0x00000004   Data   RO          596    .rti_fn.1           board.o
    0x00004208   0x00004208   0x00000004   Data   RO          265    .rti_fn.1.end       components.o
    0x0000420c   0x0000420c   0x00000004   Data   RO          194    .rti_fn.6           shell.o
    0x00004210   0x00004210   0x00000004   Data   RO          266    .rti_fn.6.end       components.o
    0x00004214   0x00004214   0x0000000c   Data   RO          120    FSymTab             cmd.o
    0x00004220   0x00004220   0x0000000c   Data   RO          121    FSymTab             cmd.o
    0x0000422c   0x0000422c   0x0000000c   Data   RO          122    FSymTab             cmd.o
    0x00004238   0x00004238   0x0000000c   Data   RO          124    FSymTab             cmd.o
    0x00004244   0x00004244   0x0000000c   Data   RO          125    FSymTab             cmd.o
    0x00004250   0x00004250   0x0000000c   Data   RO          126    FSymTab             cmd.o
    0x0000425c   0x0000425c   0x0000000c   Data   RO          127    FSymTab             cmd.o
    0x00004268   0x00004268   0x0000000c   Data   RO          128    FSymTab             cmd.o
    0x00004274   0x00004274   0x0000000c   Data   RO          129    FSymTab             cmd.o
    0x00004280   0x00004280   0x0000000c   Data   RO          130    FSymTab             cmd.o
    0x0000428c   0x0000428c   0x0000000c   Data   RO          131    FSymTab             cmd.o
    0x00004298   0x00004298   0x0000000c   Data   RO          132    FSymTab             cmd.o
    0x000042a4   0x000042a4   0x0000000c   Data   RO          155    FSymTab             msh.o
    0x000042b0   0x000042b0   0x0000000c   Data   RO          156    FSymTab             msh.o
    0x000042bc   0x000042bc   0x0000000c   Data   RO          157    FSymTab             msh.o
    0x000042c8   0x000042c8   0x0000000c   Data   RO          436    FSymTab             mem.o
    0x000042d4   0x000042d4   0x00000020   Data   RO         1130    Region$$Table       anon$$obj.o


    Execution Region RW_IRAM2 (Exec base: 0x20200000, Load base: 0x000042f8, Size: 0x000039b0, Max: 0x00008000, ABSOLUTE)

    Exec Addr    Load Addr    Size         Type   Attr      Idx    E Section Name        Object

    0x20200000   0x000042f8   0x00000004   Data   RW         1093    .data               mc_p.l(stdout.o)
    0x20200004   0x000042fc   0x00000040   Data   RW          468    .data.rt_object_container  object.o
    0x20200044   0x0000433c   0x00000004   PAD
    0x20200048        -       0x00000004   Zero   RW          186    .bss._syscall_table_begin  shell.o
    0x2020004c        -       0x00000004   Zero   RW          187    .bss._syscall_table_end  shell.o
    0x20200050        -       0x00000001   Zero   RW           97    .bss.board_led.0    board_led.o
    0x20200051   0x0000433c   0x00000003   PAD
    0x20200054        -       0x00000101   Zero   RW          191    .bss.finsh_get_prompt.finsh_prompt  shell.o
    0x20200155   0x0000433c   0x00000003   PAD
    0x20200158        -       0x00000004   Zero   RW          190    .bss.finsh_prompt_custom  shell.o
    0x2020015c        -       0x000000bc   Zero   RW           41    .bss.gTIM_delay_msBackup  ti_msp_dl_config.o
    0x20200218        -       0x000000bc   Zero   RW           40    .bss.gTIM_delay_usBackup  ti_msp_dl_config.o
    0x202002d4        -       0x00000004   Zero   RW          430    .bss.heap_end       mem.o
    0x202002d8        -       0x00000004   Zero   RW          429    .bss.heap_ptr       mem.o
    0x202002dc        -       0x00000020   Zero   RW          431    .bss.heap_sem       mem.o
    0x202002fc        -       0x00000078   Zero   RW          284    .bss.idle           idle.o
    0x20200374        -       0x00000078   Zero   RW            8    .bss.led_thread     empty.o
    0x202003ec        -       0x00000400   Zero   RW            9    .bss.led_thread_stack  empty.o
    0x202007ec        -       0x00000004   Zero   RW          432    .bss.lfree          mem.o
    0x202007f0        -       0x00000004   Zero   RW          434    .bss.max_mem        mem.o
    0x202007f4        -       0x00000004   Zero   RW          428    .bss.mem_size_aligned  mem.o
    0x202007f8        -       0x00000078   Zero   RW           10    .bss.print_thread   empty.o
    0x20200870        -       0x00000400   Zero   RW           11    .bss.print_thread_stack  empty.o
    0x20200c70        -       0x00000001   Zero   RW          496    .bss.rt_current_priority  scheduler.o
    0x20200c71   0x0000433c   0x00000003   PAD
    0x20200c74        -       0x00000004   Zero   RW          493    .bss.rt_current_thread  scheduler.o
    0x20200c78        -       0x00002800   Zero   RW          595    .bss.rt_heap        board.o
    0x20203478        -       0x00000004   Zero   RW          213    .bss.rt_interrupt_from_thread  cpuport.o
    0x2020347c        -       0x00000001   Zero   RW          340    .bss.rt_interrupt_nest  irq.o
    0x2020347d   0x0000433c   0x00000003   PAD
    0x20203480        -       0x00000004   Zero   RW          214    .bss.rt_interrupt_to_thread  cpuport.o
    0x20203484        -       0x00000100   Zero   RW          404    .bss.rt_kprintf.rt_log_buf  kservice.o
    0x20203584        -       0x00000002   Zero   RW          494    .bss.rt_scheduler_lock_nest  scheduler.o
    0x20203586   0x0000433c   0x00000002   PAD
    0x20203588        -       0x00000008   Zero   RW          498    .bss.rt_thread_defunct  scheduler.o
    0x20203590        -       0x00000100   Zero   RW          495    .bss.rt_thread_priority_table  scheduler.o
    0x20203690        -       0x00000004   Zero   RW          497    .bss.rt_thread_ready_priority_group  scheduler.o
    0x20203694        -       0x00000100   Zero   RW          285    .bss.rt_thread_stack  idle.o
    0x20203794        -       0x00000004   Zero   RW          215    .bss.rt_thread_switch_interrupt_flag  cpuport.o
    0x20203798        -       0x00000004   Zero   RW          234    .bss.rt_tick        clock.o
    0x2020379c        -       0x00000008   Zero   RW          572    .bss.rt_timer_list  timer.o
    0x202037a4        -       0x00000004   Zero   RW          571    .bss.rt_timer_start.random_nr  timer.o
    0x202037a8        -       0x00000004   Zero   RW          192    .bss.shell          shell.o
    0x202037ac        -       0x00000004   Zero   RW          433    .bss.used_mem       mem.o
    0x202037b0        -       0x00000200   Zero   RW           56    STACK               startup_mspm0g350x_uvision.o



  Load Region LR_BCR (Base: 0x41c00000, Size: 0x00000000, Max: 0x00000100, ABSOLUTE)

    Execution Region BCR_CONFIG (Exec base: 0x41c00000, Load base: 0x41c00000, Size: 0x00000000, Max: 0x000000ff, ABSOLUTE)

    **** No section assigned to this execution region ****



  Load Region LR_BSL (Base: 0x41c00100, Size: 0x00000000, Max: 0x00000100, ABSOLUTE)

    Execution Region BSL_CONFIG (Exec base: 0x41c00100, Load base: 0x41c00100, Size: 0x00000000, Max: 0x00000080, ABSOLUTE)

    **** No section assigned to this execution region ****


==============================================================================

Image component sizes


      Code (inc. data)   RO Data    RW Data    ZI Data      Debug   Object Name

        86          8          4          0      10240       1655   board.o
        44         12          0          0          1       4277   board_led.o
        62          4          0          0          4       2589   clock.o
      2374        612        708          0          0      17088   cmd.o
       156         24         21          0          0       3577   components.o
       216         32          0          0          0        876   context_rvds.o
       348        164          0          0         12       2485   cpuport.o
       194         64          0          0       2288       2172   empty.o
        32          8          0          0          0       3545   finsh_port.o
       146         24          0          0        376       2880   idle.o
       364          4          0          0          0      13252   ipc.o
        44          4          0          0          1       1164   irq.o
      3658        382        256          0        256      28388   kservice.o
       972        300         51          0         56       5867   mem.o
      1148        116        200          0          0       6344   msh.o
       396          4          0         64          0       7749   object.o
       544         44          0          0        275       4876   scheduler.o
      1432        468         21          0        273       7102   shell.o
        20          4        192          0        512        660   startup_mspm0g350x_uvision.o
       870         20          0          0          0      10557   thread.o
       572        144         98          0        376      23630   ti_msp_dl_config.o
       544         26          0          0         12       7805   timer.o
        62         12          0          0          0       6081   uart0_debug.o

    ----------------------------------------------------------------------
     14308       2480       1588         64      14700     164619   Object Totals
         0          0         32          0          0          0   (incl. Generated)
        24          0          5          0         18          0   (incl. Padding)

    ----------------------------------------------------------------------

      Code (inc. data)   RO Data    RW Data    ZI Data      Debug   Library Member Name

        10          0          0          0          0        802   dl_common.o
       312         24          0          0          0      12876   dl_sysctl_mspm0g1x0x_g3x0x.o
       268        160          0          0          0      41556   dl_timer.o
        90          8          0          0          0      14162   dl_uart.o
         0          0          0          0          0          0   entry.o
         0          0          0          0          0          0   entry10a.o
         0          0          0          0          0          0   entry11a.o
         8          4          0          0          0          0   entry2.o
         4          0          0          0          0          0   entry5.o
         0          0          0          0          0          0   entry7b.o
         0          0          0          0          0          0   entry8b.o
         8          4          0          0          0          0   entry9a.o
        30          0          0          0          0          0   handlers.o
        48         10          0          0          0         68   init.o
        36          0          0          0          0         60   memcpya.o
        36          0          0          0          0        100   memseta.o
       242          8          0          0          0        168   printf2.o
         0          0          0          4          0          0   stdout.o
        14          0          0          0          0         60   strlen.o
        30          0          0          0          0         72   strncmp.o
        26          0          0          0          0         68   strncpy.o
        62          0          0          0          0         72   uidiv_div0.o

    ----------------------------------------------------------------------
      1244        222          0          4          0      70064   Library Totals
        20          4          0          0          0          0   (incl. Padding)

    ----------------------------------------------------------------------

      Code (inc. data)   RO Data    RW Data    ZI Data      Debug   Library Name

       680        192          0          0          0      69396   driverlib.a
       544         26          0          4          0        668   mc_p.l

    ----------------------------------------------------------------------
      1244        222          0          4          0      70064   Library Totals

    ----------------------------------------------------------------------

==============================================================================


      Code (inc. data)   RO Data    RW Data    ZI Data      Debug   

     15552       2702       1588         68      14700     234083   Grand Totals
     15552       2702       1588         68      14700     234083   ELF Image Totals
     15552       2702       1588         68          0          0   ROM Totals

==============================================================================

    Total RO  Size (Code + RO Data)                17140 (  16.74kB)
    Total RW  Size (RW Data + ZI Data)             14768 (  14.42kB)
    Total ROM Size (Code + RO Data + RW Data)      17208 (  16.80kB)

==============================================================================

